 Cannibal

 Timestamp is 3bd63820 (Tue Oct 23 22:40:16 2001)

 Preferred load address is 10000000

 Start         Length     Name                   Class
 0001:00000000 0009ac6aH .text                   CODE
 0001:0009ac70 0000598bH .text$x                 CODE
 0001:000a05fb 000a7405H .textbss                CODE
 0002:00000000 00003c97H .rdata                  DATA
 0002:00003c98 00000151H .rdata$r                DATA
 0002:00003df0 00004af2H .xdata$x                DATA
 0002:000088f0 00007f96H .edata                  DATA
 0003:00000000 00000104H .CRT$XCA                DATA
 0003:00000104 000003adH .CRT$XCU                DATA
 0003:000004b4 00000104H .CRT$XCZ                DATA
 0003:000005b8 00000104H .CRT$XIA                DATA
 0003:000006bc 00000104H .CRT$XIZ                DATA
 0003:000007c0 00005ae4H .data                   DATA
 0003:000062a8 00522850H .bss                    DATA
 0004:00000000 000000c8H .idata$2                DATA
 0004:000000c8 00000014H .idata$3                DATA
 0004:000000dc 000004b4H .idata$4                DATA
 0004:00000590 000004b4H .idata$5                DATA
 0004:00000a44 00000cb4H .idata$6                DATA
 0005:00000000 000180e3H .shared                 DATA
 0006:00000000 00000760H .rsrc$01                DATA
 0006:00000760 00004956H .rsrc$02                DATA

  Address         Publics by Value              Rva+Base     Lib:Object

 0001:00004ad0       ?Set@CCorString@@QAEXPAD@Z 10005ad0 f i CorMain.obj
 0001:00004c10       ?Cat@CCorString@@QAEXPAD@Z 10005c10 f i CorMain.obj
 0001:00004d90       ?Setf@CCorString@@QAAXPADZZ 10005d90 f i CorMain.obj
 0001:00004de0       ?Catf@CCorString@@QAAXPADZZ 10005de0 f i CorMain.obj
 0001:00004e30       ??0CCorString@@QAE@XZ      10005e30 f i CorMain.obj
 0001:00004e70       ??1CCorString@@QAE@XZ      10005e70 f i CorMain.obj
 0001:00004ec0       ??0CCorString@@QAE@ABV0@@Z 10005ec0 f i CorMain.obj
 0001:00004f20       ??0CCorString@@QAE@PBD@Z   10005f20 f i CorMain.obj
 0001:00004f80       ??4CCorString@@QAEAAV0@ABV0@@Z 10005f80 f i CorMain.obj
 0001:00004fe0       ??4CCorString@@QAEAAV0@PBD@Z 10005fe0 f i CorMain.obj
 0001:00005030       ??YCCorString@@QAEAAV0@ABV0@@Z 10006030 f i CorMain.obj
 0001:00005090       ??YCCorString@@QAEAAV0@PBD@Z 10006090 f i CorMain.obj
 0001:000050e0       ??8CCorString@@QAE_NABV0@@Z 100060e0 f i CorMain.obj
 0001:00005150       ??9CCorString@@QAE_NABV0@@Z 10006150 f i CorMain.obj
 0001:000051c0       ??ECCorString@@QAEXXZ      100061c0 f i CorMain.obj
 0001:00005230       ??ECCorString@@QAEXH@Z     10006230 f i CorMain.obj
 0001:000052a0       ??FCCorString@@QAEXXZ      100062a0 f i CorMain.obj
 0001:00005310       ??FCCorString@@QAEXH@Z     10006310 f i CorMain.obj
 0001:00005380       ??HCCorString@@QAE?AV0@XZ  10006380 f i CorMain.obj
 0001:00005440       ??GCCorString@@QAE?AV0@XZ  10006440 f i CorMain.obj
 0001:00005500       ??DCCorString@@QBEPADXZ    10006500 f i CorMain.obj
 0001:00005550       ?Len@CCorString@@QBEKXZ    10006550 f i CorMain.obj
 0001:000055b0       ?Str@CCorString@@QBEPADXZ  100065b0 f i CorMain.obj
 0001:00005600       ?GetStaticMemSize@CCorString@@SAKXZ 10006600 f i CorMain.obj
 0001:00005830       ??0CblDll@@QAE@XZ          10006830 f   Kernel.obj
 0001:00005880       ?attach_process@CblDll@@QAEKPAX@Z 10006880 f   Kernel.obj
 0001:000058e0       ?detach_process@CblDll@@QAEKPAX@Z 100068e0 f   Kernel.obj
 0001:00005920       ?attach_thread@CblDll@@QAEKPAX@Z 10006920 f   Kernel.obj
 0001:00005960       ?detach_thread@CblDll@@QAEKPAX@Z 10006960 f   Kernel.obj
 0001:000059a0       ?init@CblDll@@QAEKXZ       100069a0 f   Kernel.obj
 0001:00005af0       _DllMain@12                10006af0 f   Kernel.obj
 0001:00005bb0       ?KRN_GetModuleHandle@@YAPAXXZ 10006bb0 f   Kernel.obj
 0001:00005be0       ?KRN_GetDllVersion@@YAKPBDPAVWinVersion@@@Z 10006be0 f   Kernel.obj
 0001:00005da0       ??0AutoLibrary@@QAE@XZ     10006da0 f i Kernel.obj
 0001:00005de0       ??1AutoLibrary@@QAE@XZ     10006de0 f i Kernel.obj
 0001:00005e40       ??4AutoLibrary@@QAEAAV0@PAUHINSTANCE__@@@Z 10006e40 f i Kernel.obj
 0001:00005e80       ??0WinVersion@@QAE@XZ      10006e80 f i Kernel.obj
 0001:00005ed0       ?set@WinVersion@@QAEXKK@Z  10006ed0 f i Kernel.obj
 0001:00005f20       ?equal_or_better@WinVersion@@QAEKGG@Z 10006f20 f i Kernel.obj
 0001:00005fb0       ??0IMsgRouter@@QAE@XZ      10006fb0 f i Kernel.obj
 0001:00005ff0       ??0IMsgRouter@@QAE@ABV0@@Z 10006ff0 f i Kernel.obj
 0001:00006030       ??4IMsgRouter@@QAEAAV0@ABV0@@Z 10007030 f i Kernel.obj
 0001:00006070       ??0IMsgTarget@@QAE@XZ      10007070 f i Kernel.obj
 0001:000060b0       ??0IMsgTarget@@QAE@ABV0@@Z 100070b0 f i Kernel.obj
 0001:000060f0       ??4IMsgTarget@@QAEAAV0@ABV0@@Z 100070f0 f i Kernel.obj
 0001:000061c0       ??0CStrFileFindState@@QAE@XZ 100071c0 f i StrMain.obj
 0001:00006220       ??_H@YGXPAXIHP6EX0@Z@Z     10007220 f i StrMain.obj
 0001:00006290       ?STR_Va@@YAPADAAPAD@Z      10007290 f   StrMain.obj
 0001:00006320       ?STR_Indent@@YAPADK@Z      10007320 f   StrMain.obj
 0001:000063a0       ?STR_Literal@@YADAAPAD@Z   100073a0 f   StrMain.obj
 0001:000066b0       ?STR_CalcHash@@YAKPAD@Z    100076b0 f   StrMain.obj
 0001:00006790       ?STR_FilePath@@YAPADPAD@Z  10007790 f   StrMain.obj
 0001:00006870       ?STR_FileRoot@@YAPADPAD@Z  10007870 f   StrMain.obj
 0001:00006960       ?STR_FileExtension@@YAPADPAD@Z 10007960 f   StrMain.obj
 0001:000069e0       ?STR_FileSuggestedExt@@YAPADPAD0@Z 100079e0 f   StrMain.obj
 0001:00006a90       ?STR_FileForcedExt@@YAPADPAD0@Z 10007a90 f   StrMain.obj
 0001:00006b40       ?STR_FileFind@@YAPADPADPAHPAK@Z 10007b40 f   StrMain.obj
 0001:00006d30       ?STR_FileFindPushState@@YAXXZ 10007d30 f   StrMain.obj
 0001:00006dd0       ?STR_FileFindPopState@@YAXXZ 10007dd0 f   StrMain.obj
 0001:00006e20       ?STR_Chartoi@@YAHPAD@Z     10007e20 f   StrMain.obj
 0001:00006eb0       ?STR_Binatoi@@YAHPAD@Z     10007eb0 f   StrMain.obj
 0001:00006f80       ?STR_Octatoi@@YAHPAD@Z     10007f80 f   StrMain.obj
 0001:00007050       ?STR_Hexatoi@@YAHPAD@Z     10008050 f   StrMain.obj
 0001:000071a0       ?STR_ArgInit@@YAXKPAPAD@Z  100081a0 f   StrMain.obj
 0001:000071e0       ?STR_Argc@@YAKXZ           100081e0 f   StrMain.obj
 0001:00007210       ?STR_Argv@@YAPADK@Z        10008210 f   StrMain.obj
 0001:00007250       ?STR_ArgOption@@YAKPADK@Z  10008250 f   StrMain.obj
 0001:000073a0       ??0CLogFileTarget@@QAE@XZ  100083a0 f i LogMain.obj
 0001:00007400       ?Init@CLogFileTarget@@UAEXPAD@Z 10008400 f i LogMain.obj
 0001:00007480       ?Shutdown@CLogFileTarget@@UAEXXZ 10008480 f i LogMain.obj
 0001:000074f0       ?Write@CLogFileTarget@@UAEXPAD@Z 100084f0 f i LogMain.obj
 0001:000075d0       ??0ILogTarget@@QAE@XZ      100085d0 f i LogMain.obj
 0001:000076a0       ??1CLogFileTarget@@QAE@XZ  100086a0 f i LogMain.obj
 0001:00007760       ??0CLogConsoleTarget@@QAE@XZ 10008760 f i LogMain.obj
 0001:000077c0       ?Init@CLogConsoleTarget@@UAEXPAD@Z 100087c0 f i LogMain.obj
 0001:000078a0       ?Shutdown@CLogConsoleTarget@@UAEXXZ 100088a0 f i LogMain.obj
 0001:00007930       ?Write@CLogConsoleTarget@@UAEXPAD@Z 10008930 f i LogMain.obj
 0001:00007a40       ??1CLogConsoleTarget@@QAE@XZ 10008a40 f i LogMain.obj
 0001:00007b00       ??0CLogDebugTarget@@QAE@XZ 10008b00 f i LogMain.obj
 0001:00007b60       ?Init@CLogDebugTarget@@UAEXPAD@Z 10008b60 f i LogMain.obj
 0001:00007b90       ?Shutdown@CLogDebugTarget@@UAEXXZ 10008b90 f i LogMain.obj
 0001:00007bc0       ?Write@CLogDebugTarget@@UAEXPAD@Z 10008bc0 f i LogMain.obj
 0001:00007cb0       ??1CLogDebugTarget@@QAE@XZ 10008cb0 f i LogMain.obj
 0001:00007d70       ??0CLogStdoutTarget@@QAE@XZ 10008d70 f i LogMain.obj
 0001:00007dd0       ?Init@CLogStdoutTarget@@UAEXPAD@Z 10008dd0 f i LogMain.obj
 0001:00007e00       ?Shutdown@CLogStdoutTarget@@UAEXXZ 10008e00 f i LogMain.obj
 0001:00007e30       ?Write@CLogStdoutTarget@@UAEXPAD@Z 10008e30 f i LogMain.obj
 0001:00007f30       ??1CLogStdoutTarget@@QAE@XZ 10008f30 f i LogMain.obj
 0001:00007f70       ?LOG_Init@@YAXPADP6AXXZW4ELogLevel@@K@Z 10008f70 f   LogMain.obj
 0001:00008000       ?LOG_Shutdown@@YAXXZ       10009000 f   LogMain.obj
 0001:000080a0       ?LOG_AddTarget@@YAKPAVILogTarget@@@Z 100090a0 f   LogMain.obj
 0001:00008180       ?LOG_RemoveTarget@@YAXK@Z  10009180 f   LogMain.obj
 0001:00008220       ?LOG_GetStockTarget@@YAPAVILogTarget@@W4ELogStockTarget@@@Z 10009220 f   LogMain.obj
 0001:000082b0       ?LOG_SetLevel@@YAXW4ELogLevel@@K@Z 100092b0 f   LogMain.obj
 0001:000082f0       ?LOG_Write@@YAXW4ELogLevel@@KPAD@Z 100092f0 f   LogMain.obj
 0001:000085e0       ?LOG_Errorf@@YAXPADZZ      100095e0 f   LogMain.obj
 0001:00008640       ?LOG_Warnf@@YAXPADZZ       10009640 f   LogMain.obj
 0001:000086a0       ?LOG_Logf@@YAXPADZZ        100096a0 f   LogMain.obj
 0001:00008700       ?LOG_Verbosef@@YAXPADZZ    10009700 f   LogMain.obj
 0001:00008760       ?LOG_Debugf@@YAXPADZZ      10009760 f   LogMain.obj
 0001:000087c0       ?LOG_DevWarnf@@YAXPADZZ    100097c0 f   LogMain.obj
 0001:00008820       ?LOG_DevLogf@@YAXPADZZ     10009820 f   LogMain.obj
 0001:00008880       ?LOG_DevVerbosef@@YAXPADZZ 10009880 f   LogMain.obj
 0001:000088e0       ?LOG_DevDebugf@@YAXPADZZ   100098e0 f   LogMain.obj
 0001:00008940       ?TIME_Init@@YAXXZ          10009940 f   TimeMain.obj
 0001:00008a10       ?TIME_Shutdown@@YAXXZ      10009a10 f   TimeMain.obj
 0001:00008a40       ?TIME_Frame@@YAXXZ         10009a40 f   TimeMain.obj
 0001:00008ab0       ?TIME_Reset@@YAXXZ         10009ab0 f   TimeMain.obj
 0001:00008be0       ?TIME_GetTimeRaw@@YAMXZ    10009be0 f   TimeMain.obj
 0001:00008c30       ?TIME_GetTimeFrame@@YAMXZ  10009c30 f   TimeMain.obj
 0001:00008c60       ?TIME_GetDeltaTimeFrame@@YAMXZ 10009c60 f   TimeMain.obj
 0001:00008c90       ?MEM_SetAlloc@@YAXPAVIMemAlloc@@@Z 10009c90 f   MemMain.obj
 0001:00008d70       ??0CMemStdAlloc@@QAE@XZ    10009d70 f i MemMain.obj
 0001:00008dd0       ?Malloc@CMemStdAlloc@@UAEPAXK@Z 10009dd0 f i MemMain.obj
 0001:00008e80       ?Realloc@CMemStdAlloc@@UAEPAXPAXK@Z 10009e80 f i MemMain.obj
 0001:00008f60       ?Free@CMemStdAlloc@@UAEXPAX@Z 10009f60 f i MemMain.obj
 0001:00009000       ?Size@CMemStdAlloc@@UAEKPAX@Z 1000a000 f i MemMain.obj
 0001:00009070       ?TotalSize@CMemStdAlloc@@UAEKXZ 1000a070 f i MemMain.obj
 0001:000090b0       ??0IMemAlloc@@QAE@XZ       1000a0b0 f i MemMain.obj
 0001:000090f0       ?MEM_GetAlloc@@YAPAVIMemAlloc@@XZ 1000a0f0 f   MemMain.obj
 0001:00009150       ?FILE_BoxInit@@YA_NPAX@Z   1000a150 f   FileBox.obj
 0001:00009190       ?FILE_OpenBox@@YAPADPAD00@Z 1000a190 f   FileBox.obj
 0001:000093d0       ?FILE_OpenBoxMulti@@YA_NPAD00@Z 1000a3d0 f   FileBox.obj
 0001:00009580       ?FILE_OpenBoxMultiGet@@YAPADXZ 1000a580 f   FileBox.obj
 0001:00009670       ?FILE_SaveBox@@YAPADPAD000@Z 1000a670 f   FileBox.obj
 0001:00009810       ?test_hack@@YAXXZ          1000a810 f   FileBox.obj
 0001:000099f0       ?browse_callback@@YGHPAUHWND__@@IJJ@Z 1000a9f0 f   FileBox.obj
 0001:00009b30       ?FILE_DirSelect@@YAPBDPBD0@Z 1000ab30 f   FileBox.obj
 0001:00009cd0       ?FILE_DirBox@@YAPADPAD@Z   1000acd0 f   FileBox.obj
 0001:00009d20       ?FILE_OpenRead@@YAPAVIFileRead@@PBD@Z 1000ad20 f   FileMain.obj
 0001:00009e30       ??2CStdFileRead@@SAPAXI@Z  1000ae30 f i FileMain.obj
 0001:00009e90       ??3CStdFileRead@@SAXPAX@Z  1000ae90 f i FileMain.obj
 0001:00009ef0       ??0CStdFileRead@@QAE@PAU_iobuf@@@Z 1000aef0 f i FileMain.obj
 0001:0000a000       ??0IFileBase@@QAE@XZ       1000b000 f i FileMain.obj
 0001:0000a040       ??0ICorStreamRead@@QAE@XZ  1000b040 f i FileMain.obj
 0001:0000a080       ??0CStdFileBase@@QAE@XZ    1000b080 f i FileMain.obj
 0001:0000a100       ?SeekStart@CStdFileBase@@UAE_NK@Z 1000b100 f i FileMain.obj
 0001:0000a170       ?SeekCurrent@CStdFileBase@@UAE_NJ@Z 1000b170 f i FileMain.obj
 0001:0000a1e0       ?SeekEnd@CStdFileBase@@UAE_NK@Z 1000b1e0 f i FileMain.obj
 0001:0000a250       ?Tell@CStdFileBase@@UAEKXZ 1000b250 f i FileMain.obj
 0001:0000a2b0       ?Size@CStdFileBase@@UAEKXZ 1000b2b0 f i FileMain.obj
 0001:0000a3e0       ??0IFileRead@@QAE@XZ       1000b3e0 f i FileMain.obj
 0001:0000a480       ?FILE_CreateWrite@@YAPAVIFileWrite@@PBD@Z 1000b480 f   FileMain.obj
 0001:0000a590       ??2CStdFileWrite@@SAPAXI@Z 1000b590 f i FileMain.obj
 0001:0000a5f0       ??3CStdFileWrite@@SAXPAX@Z 1000b5f0 f i FileMain.obj
 0001:0000a650       ??0CStdFileWrite@@QAE@PAU_iobuf@@@Z 1000b650 f i FileMain.obj
 0001:0000a760       ??0ICorStreamWrite@@QAE@XZ 1000b760 f i FileMain.obj
 0001:0000a7a0       ??0IFileWrite@@QAE@XZ      1000b7a0 f i FileMain.obj
 0001:0000a840       ?Close@CStdFileRead@@$4PPPPPPPM@A@AE_NXZ 1000b840 f i FileMain.obj
 0001:0000a850       ?Close@CStdFileRead@@UAE_NXZ 1000b850 f i FileMain.obj
 0001:0000a8d0       ?SeekStart@CStdFileBase@@W7AE_NK@Z 1000b8d0 f i FileMain.obj
 0001:0000a8e0       ?SeekCurrent@CStdFileBase@@W7AE_NJ@Z 1000b8e0 f i FileMain.obj
 0001:0000a8f0       ?SeekEnd@CStdFileBase@@W7AE_NK@Z 1000b8f0 f i FileMain.obj
 0001:0000a900       ?Tell@CStdFileBase@@W7AEKXZ 1000b900 f i FileMain.obj
 0001:0000a910       ?Size@CStdFileBase@@W7AEKXZ 1000b910 f i FileMain.obj
 0001:0000a920       ?Read@CStdFileRead@@$4PPPPPPPM@A@AE_NPAXK@Z 1000b920 f i FileMain.obj
 0001:0000a930       ?Read@CStdFileRead@@UAE_NPAXK@Z 1000b930 f i FileMain.obj
 0001:0000a9b0       ?Close@CStdFileWrite@@$4PPPPPPPM@A@AE_NXZ 1000b9b0 f i FileMain.obj
 0001:0000a9c0       ?Close@CStdFileWrite@@UAE_NXZ 1000b9c0 f i FileMain.obj
 0001:0000aa40       ?Write@CStdFileWrite@@$4PPPPPPPM@A@AE_NPAXK@Z 1000ba40 f i FileMain.obj
 0001:0000aa50       ?Write@CStdFileWrite@@UAE_NPAXK@Z 1000ba50 f i FileMain.obj
 0001:0000aad0       ??0nfaNodeFactory_t@@QAE@K@Z 1000bad0 f   LexMain.obj
 0001:0000ab60       ??1nfaNodeFactory_t@@QAE@XZ 1000bb60 f   LexMain.obj
 0001:0000abd0       ?AllocNode@nfaNodeFactory_t@@QAEPAVnfaNode_t@@XZ 1000bbd0 f   LexMain.obj
 0001:0000ac60       ?NodeForId@nfaNodeFactory_t@@QAEPAVnfaNode_t@@K@Z 1000bc60 f   LexMain.obj
 0001:0000aca0       ?IdForNode@nfaNodeFactory_t@@QAEKPAVnfaNode_t@@@Z 1000bca0 f   LexMain.obj
 0001:0000acf0       ??0nfaExprFactory_t@@QAE@K@Z 1000bcf0 f   LexMain.obj
 0001:0000ad80       ??1nfaExprFactory_t@@QAE@XZ 1000bd80 f   LexMain.obj
 0001:0000adf0       ?AllocExpr@nfaExprFactory_t@@QAEPAVnfaExpr_t@@XZ 1000bdf0 f   LexMain.obj
 0001:0000ae80       ?ExprForId@nfaExprFactory_t@@QAEPAVnfaExpr_t@@K@Z 1000be80 f   LexMain.obj
 0001:0000aec0       ?IdForExpr@nfaExprFactory_t@@QAEKPAVnfaExpr_t@@@Z 1000bec0 f   LexMain.obj
 0001:0000af10       ?LEX_CreateLexer@@YAPAVILexLexer@@XZ 1000bf10 f   LexMain.obj
 0001:0000afc0       ??2lexer_t@@SAPAXI@Z       1000bfc0 f i LexMain.obj
 0001:0000b020       ??3lexer_t@@SAXPAX@Z       1000c020 f i LexMain.obj
 0001:0000b080       ??0lexer_t@@QAE@XZ         1000c080 f i LexMain.obj
 0001:0000b220       ??0bitSet_t@@QAE@H@Z       1000c220 f i LexMain.obj
 0001:0000b270       ?Init@bitSet_t@@QAEXH@Z    1000c270 f i LexMain.obj
 0001:0000b320       ??1bitSet_t@@QAE@XZ        1000c320 f i LexMain.obj
 0001:0000b390       ?Empty@bitSet_t@@QAEXXZ    1000c390 f i LexMain.obj
 0001:0000b3f0       ??2nfaNode_t@@SAPAXIAAVnfaNodeFactory_t@@@Z 1000c3f0 f i LexMain.obj
 0001:0000b430       ??3nfaNode_t@@SAXPAXAAVnfaNodeFactory_t@@@Z 1000c430 f i LexMain.obj
 0001:0000b480       ??0nfaNode_t@@QAE@XZ       1000c480 f i LexMain.obj
 0001:0000b520       ??0dfaTable_t@@QAE@XZ      1000c520 f i LexMain.obj
 0001:0000b5a0       ??1dfaTable_t@@QAE@XZ      1000c5a0 f i LexMain.obj
 0001:0000b680       ?Destroy@lexer_t@@UAE_NXZ  1000c680 f i LexMain.obj
 0001:0000b6f0       ?CaseSensitivity@lexer_t@@UAE_N_N@Z 1000c6f0 f i LexMain.obj
 0001:0000b740       ?RegisterToken@lexer_t@@UAE_NKPAD@Z 1000c740 f i LexMain.obj
 0001:0000b7a0       ?RegisterToken@lexer_t@@QAE_NPADK0@Z 1000c7a0 f i LexMain.obj
 0001:0000b910       ?RegisterExpr@lexer_t@@QAEXPAVnfaExpr_t@@K@Z 1000c910 f i LexMain.obj
 0001:0000bab0       ?RegexExpr@lexer_t@@QAEPAVnfaExpr_t@@AAPAD@Z 1000cab0 f i LexMain.obj
 0001:0000bb80       ?ExprOr@lexer_t@@QAEXPAVnfaExpr_t@@0@Z 1000cb80 f i LexMain.obj
 0001:0000bd70       ?RegexTerm@lexer_t@@QAEPAVnfaExpr_t@@AAPAD@Z 1000cd70 f i LexMain.obj
 0001:0000be00       ?ExprCat@lexer_t@@QAEXPAVnfaExpr_t@@0@Z 1000ce00 f i LexMain.obj
 0001:0000be90       ?RegexFactor@lexer_t@@QAEPAVnfaExpr_t@@AAPAD@Z 1000ce90 f i LexMain.obj
 0001:0000bff0       ?ExprOneOrMore@lexer_t@@QAEXPAVnfaExpr_t@@@Z 1000cff0 f i LexMain.obj
 0001:0000c190       ?ExprZeroOrMore@lexer_t@@QAEXPAVnfaExpr_t@@@Z 1000d190 f i LexMain.obj
 0001:0000c340       ?ExprZeroOrOne@lexer_t@@QAEXPAVnfaExpr_t@@@Z 1000d340 f i LexMain.obj
 0001:0000c4f0       ?RegexFactorPrime@lexer_t@@QAEPAVnfaExpr_t@@AAPAD@Z 1000d4f0 f i LexMain.obj
 0001:0000c770       ??YbitSet_t@@QAEAAV0@K@Z   1000d770 f i LexMain.obj
 0001:0000c7e0       ??ZbitSet_t@@QAEAAV0@K@Z   1000d7e0 f i LexMain.obj
 0001:0000c850       ?ExprCreate@lexer_t@@QAEPAVnfaExpr_t@@E@Z 1000d850 f i LexMain.obj
 0001:0000ca40       ??2nfaExpr_t@@SAPAXIAAVnfaExprFactory_t@@@Z 1000da40 f i LexMain.obj
 0001:0000ca80       ??3nfaExpr_t@@SAXPAXAAVnfaExprFactory_t@@@Z 1000da80 f i LexMain.obj
 0001:0000cad0       ??0nfaExpr_t@@QAE@XZ       1000dad0 f i LexMain.obj
 0001:0000cb20       ?ExprCreate@lexer_t@@QAEPAVnfaExpr_t@@AAVbitSet_t@@@Z 1000db20 f i LexMain.obj
 0001:0000cd00       ??4bitSet_t@@QAEAAV0@ABV0@@Z 1000dd00 f i LexMain.obj
 0001:0000cd90       ??_5bitSet_t@@QAEAAV0@ABV0@@Z 1000dd90 f i LexMain.obj
 0001:0000ce40       ?RegexLetter@lexer_t@@QAEEAAPADPA_N@Z 1000de40 f i LexMain.obj
 0001:0000cf50       ?RegexRange@lexer_t@@QAEPAVnfaExpr_t@@AAPAD@Z 1000df50 f i LexMain.obj
 0001:0000d060       ?Invert@bitSet_t@@QAEXXZ   1000e060 f i LexMain.obj
 0001:0000d0e0       ?RegexGroup@lexer_t@@QAE_NAAPADAAVbitSet_t@@@Z 1000e0e0 f i LexMain.obj
 0001:0000d330       ?TokenPriority@lexer_t@@UAEEE@Z 1000e330 f i LexMain.obj
 0001:0000d380       ?TokenIntercept@lexer_t@@UAE_NKP6AXPAVILexLexer@@PAUSLexToken@@@Z@Z 1000e380 f i LexMain.obj
 0001:0000d3e0       ?SetIntercept@lexer_t@@QAEXKP6AXPAVILexLexer@@PAUSLexToken@@@Z@Z 1000e3e0 f i LexMain.obj
 0001:0000d4f0       ?Finalize@lexer_t@@UAE_NXZ 1000e4f0 f i LexMain.obj
 0001:0000d540       ?FinalizeDFA@lexer_t@@QAEXXZ 1000e540 f i LexMain.obj
 0001:0000d5b0       ?MinimizeDFA@lexer_t@@QAEXXZ 1000e5b0 f i LexMain.obj
 0001:0000dcb0       ??4dfaAcceptItem_t@@QAEAAV0@ABV0@@Z 1000ecb0 f i LexMain.obj
 0001:0000dd20       ??8dfaAcceptItem_t@@QAEHABV0@@Z 1000ed20 f i LexMain.obj
 0001:0000ddc0       ?Next@dfaPartition_t@@QAEJJPAJ@Z 1000edc0 f i LexMain.obj
 0001:0000de60       ??0dfaPartitionSet_t@@QAE@XZ 1000ee60 f i LexMain.obj
 0001:0000ded0       ??0dfaPartition_t@@QAE@XZ  1000eed0 f i LexMain.obj
 0001:0000df20       ?Init@dfaPartition_t@@QAEXXZ 1000ef20 f i LexMain.obj
 0001:0000dfc0       ?Init@dfaPartitionSet_t@@QAEXXZ 1000efc0 f i LexMain.obj
 0001:0000e080       ??AdfaPartitionSet_t@@QAEAAVdfaPartition_t@@H@Z 1000f080 f i LexMain.obj
 0001:0000e0d0       ?Mark@dfaPartitionSet_t@@QAEXXZ 1000f0d0 f i LexMain.obj
 0001:0000e110       ?SetDFA@dfaPartitionSet_t@@QAEXPAVdfaTable_t@@@Z 1000f110 f i LexMain.obj
 0001:0000e190       ?MoveTo@dfaPartitionSet_t@@QAEXJJ@Z 1000f190 f i LexMain.obj
 0001:0000e240       ?Add@dfaPartition_t@@QAE_NJ@Z 1000f240 f i LexMain.obj
 0001:0000e370       ?Owns@dfaPartition_t@@QAE_NJPAJ@Z 1000f370 f i LexMain.obj
 0001:0000e3f0       ?Remove@dfaPartition_t@@QAE_NJ@Z 1000f3f0 f i LexMain.obj
 0001:0000e4a0       ?MoveToCurrent@dfaPartitionSet_t@@QAEXJ@Z 1000f4a0 f i LexMain.obj
 0001:0000e540       ?Num@dfaPartitionSet_t@@QAEJXZ 1000f540 f i LexMain.obj
 0001:0000e580       ?PendingCurrent@dfaPartitionSet_t@@QAEJXZ 1000f580 f i LexMain.obj
 0001:0000e5e0       ?ComputeDFA@lexer_t@@QAEXXZ 1000f5e0 f i LexMain.obj
 0001:0000ee20       ??0bitSet_t@@QAE@XZ        1000fe20 f i LexMain.obj
 0001:0000ee90       ??8bitSet_t@@QAEHABV0@@Z   1000fe90 f i LexMain.obj
 0001:0000ef40       ?Contains@bitSet_t@@QAEHK@Z 1000ff40 f i LexMain.obj
 0001:0000efa0       ?IsEmpty@bitSet_t@@QAEHXZ  1000ffa0 f i LexMain.obj
 0001:0000f020       ?ComputeEpsilonClosure@lexer_t@@QAEXAAVbitSet_t@@@Z 10010020 f i LexMain.obj
 0001:0000f1f0       ?ComputeMove@lexer_t@@QAEXAAVbitSet_t@@E@Z 100101f0 f i LexMain.obj
 0001:0000f390       ?SaveFinalization@lexer_t@@UAE_NPAU_iobuf@@@Z 10010390 f i LexMain.obj
 0001:0000f3e0       ?SaveDFAToFile@lexer_t@@QAEXPAU_iobuf@@@Z 100103e0 f i LexMain.obj
 0001:0000f5f0       ?LoadFinalization@lexer_t@@UAE_NPAU_iobuf@@@Z 100105f0 f i LexMain.obj
 0001:0000f640       ?LoadDFAFromFile@lexer_t@@QAEXPAU_iobuf@@@Z 10010640 f i LexMain.obj
 0001:0000f920       ?SetText@lexer_t@@UAE_NPADKKK@Z 10010920 f i LexMain.obj
 0001:0000f9a0       ?GetText@lexer_t@@UAEPADPAK0@Z 100109a0 f i LexMain.obj
 0001:0000fa10       ?PeekChar@lexer_t@@UAEDXZ  10010a10 f i LexMain.obj
 0001:0000fa60       ?GetChar@lexer_t@@UAEDXZ   10010a60 f i LexMain.obj
 0001:0000fb00       ?PeekToken@lexer_t@@UAEKPAUSLexToken@@@Z 10010b00 f i LexMain.obj
 0001:0000fb50       ?GetToken@lexer_t@@QAEK_NPAUSLexToken@@@Z 10010b50 f i LexMain.obj
 0001:0000ff50       ?GetTokenNFA@lexer_t@@QAEK_NPAUSLexToken@@@Z 10010f50 f i LexMain.obj
 0001:00010400       ?GetToken@lexer_t@@UAEKPAUSLexToken@@@Z 10011400 f i LexMain.obj
 0001:00010450       ?nodeSet@?1??GetTokenNFA@lexer_t@@QAEK_NPAUSLexToken@@@Z@$AVbitSet_t@@A 10011450 f i LexMain.obj
 0001:00010490       ?parts@?1??MinimizeDFA@lexer_t@@QAEXXZ@$AVdfaPartitionSet_t@@A 10011490 f i LexMain.obj
 0001:000104c0       ?outSet@?1??ComputeMove@lexer_t@@QAEXAAVbitSet_t@@E@Z@$AV2@A 100114c0 f i LexMain.obj
 0001:00010500       ??0ILexLexer@@QAE@XZ       10011500 f i LexMain.obj
 0001:00010540       ??_Glexer_t@@QAEPAXI@Z     10011540 f i LexMain.obj
 0001:000105b0       ??1lexer_t@@QAE@XZ         100115b0 f i LexMain.obj
 0001:00010670       ?LEX_GetLastError@@YAPADXZ 10011670 f   LexMain.obj
 0001:000106a0       ??0parsePosition_t@?5??Parse@parser_t@@QAEPAVCPrsNode@@PADK0PAK1@Z@QAE@KPAHPAPAV3@PAVparseStateProd_t@@0KK@Z 100116a0 f   PrsMain.obj
 0001:00010800       ?CopyFrom@parsePosition_t@?5??Parse@parser_t@@QAEPAVCPrsNode@@PADK0PAK1@Z@QAEXABV13@_N@Z 10011800 f   PrsMain.obj
 0001:00010980       ??0parsePosition_t@?5??Parse@parser_t@@QAEPAVCPrsNode@@PADK0PAK1@Z@QAE@ABV02@@Z 10011980 f   PrsMain.obj
 0001:000109e0       ??4parsePosition_t@?5??Parse@parser_t@@QAEPAVCPrsNode@@PADK0PAK1@Z@QAEAAV02@ABV02@@Z 100119e0 f   PrsMain.obj
 0001:00010a40       ??1parsePosition_t@?5??Parse@parser_t@@QAEPAVCPrsNode@@PADK0PAK1@Z@QAE@XZ 10011a40 f   PrsMain.obj
 0001:00010af0       ??2parsePosition_t@?5??Parse@parser_t@@QAEPAVCPrsNode@@PADK0PAK1@Z@SAPAXI@Z 10011af0 f   PrsMain.obj
 0001:00010b50       ??3parsePosition_t@?5??Parse@parser_t@@QAEPAVCPrsNode@@PADK0PAK1@Z@SAXPAX@Z 10011b50 f   PrsMain.obj
 0001:00010bb0       ??2parseState_t@@SAPAXIPAVparser_t@@K@Z 10011bb0 f   PrsMain.obj
 0001:00010cb0       ??2parseStateProd_t@@SAPAXIPAVparser_t@@K@Z 10011cb0 f   PrsMain.obj
 0001:00010d80       ?PRS_CreateParser@@YAPAVIPrsParser@@K@Z 10011d80 f   PrsMain.obj
 0001:00010e50       ??0parser_t@@QAE@XZ        10011e50 f i PrsMain.obj
 0001:00011000       ??0parseRule_t@@QAE@XZ     10012000 f i PrsMain.obj
 0001:00011090       ??1parseRule_t@@QAE@XZ     10012090 f i PrsMain.obj
 0001:000110f0       ?SetName@parseRule_t@@QAEXPAD@Z 100120f0 f i PrsMain.obj
 0001:000111d0       ?SetOrgName@parseRule_t@@QAEXPAD@Z 100121d0 f i PrsMain.obj
 0001:000112b0       ?SetAlias@parseRule_t@@QAEXPAD@Z 100122b0 f i PrsMain.obj
 0001:00011390       ?RegisterTerminal@parser_t@@QAEXPADK@Z 10012390 f i PrsMain.obj
 0001:00011470       ?MakeRule@parser_t@@QAEPAVparseRule_t@@PADPA_N_N@Z 10012470 f i PrsMain.obj
 0001:00011600       ?RuleForLexTag@parser_t@@QAEPAVparseRule_t@@K@Z 10012600 f i PrsMain.obj
 0001:00011690       ?RegisterNonTerminal@parser_t@@QAEXPAD0PAP6AXPAVIPrsNode@@PAPAV2@@Z@Z 10012690 f i PrsMain.obj
 0001:00011a60       ?InitProductionLexer@parser_t@@QAEXXZ 10012a60 f i PrsMain.obj
 0001:00011c30       ?Destroy@parser_t@@UAE_NXZ 10012c30 f i PrsMain.obj
 0001:00011ca0       ?GetLexer@parser_t@@UAEPAVILexLexer@@XZ 10012ca0 f i PrsMain.obj
 0001:00011ce0       ?RegisterTerm@parser_t@@UAE_NPADK@Z 10012ce0 f i PrsMain.obj
 0001:00011d40       ?RegisterProd@parser_t@@UAA_NPAD0ZZ 10012d40 f i PrsMain.obj
 0001:00011e00       ?GetNonTerminalEventCount@parser_t@@QAEKPAD@Z 10012e00 f i PrsMain.obj
 0001:00011ed0       ?SetRuleAlias@parser_t@@UAE_NPAD0@Z 10012ed0 f i PrsMain.obj
 0001:00011f50       ?SetTermFunc@parser_t@@UAE_NP6AXPAVIPrsNode@@PAUSLexToken@@@Z@Z 10012f50 f i PrsMain.obj
 0001:00011fa0       ?Finalize@parser_t@@UAE_NXZ 10012fa0 f i PrsMain.obj
 0001:00011ff0       ?FinalizeParser@parser_t@@QAEXPAD@Z 10012ff0 f i PrsMain.obj
 0001:000120f0       ?ResolveProductionItemRules@parser_t@@QAEXXZ 100130f0 f i PrsMain.obj
 0001:00012600       ?GenerateStates@parser_t@@QAEXXZ 10013600 f i PrsMain.obj
 0001:00012d40       ?Matches@parseState_t@@QAEHAAV1@HK@Z 10013d40 f i PrsMain.obj
 0001:00012e10       ?Matches@parseStateProd_t@@QAEHAAV1@K@Z 10013e10 f i PrsMain.obj
 0001:00012ea0       ??8parseProd_t@@QAEHAAV0@@Z 10013ea0 f i PrsMain.obj
 0001:00012f40       ?SortStateProductions@parseState_t@@QAEXXZ 10013f40 f i PrsMain.obj
 0001:00013060       ?ProdSortCompare@parseState_t@@CAHPBX0@Z 10014060 f i PrsMain.obj
 0001:000130f0       ?Execute@parser_t@@UAEPAVIPrsNode@@PADK@Z 100140f0 f i PrsMain.obj
 0001:00013160       ?Parse@parser_t@@QAEPAVCPrsNode@@PADK0PAK1@Z 10014160 f i PrsMain.obj
 0001:00014210       ??2CPrsNode@@SAPAXI@Z      10015210 f i PrsMain.obj
 0001:00014270       ??3CPrsNode@@SAXPAX@Z      10015270 f i PrsMain.obj
 0001:000142d0       ??0CPrsNode@@QAE@XZ        100152d0 f i PrsMain.obj
 0001:00014380       ?Destroy@CPrsNode@@UAE_NXZ 10015380 f i PrsMain.obj
 0001:000143f0       ?GetAttr@CPrsNode@@UAEPAVIPrsAttr@@XZ 100153f0 f i PrsMain.obj
 0001:00014430       ?SetAttr@CPrsNode@@UAE_NPAVIPrsAttr@@@Z 10015430 f i PrsMain.obj
 0001:00014470       ?GetToken@CPrsNode@@UAEPAUSLexToken@@XZ 10015470 f i PrsMain.obj
 0001:000144b0       ?GetParent@CPrsNode@@UAEPAVIPrsNode@@XZ 100154b0 f i PrsMain.obj
 0001:000144f0       ?GetFirstChild@CPrsNode@@UAEPAVIPrsNode@@XZ 100154f0 f i PrsMain.obj
 0001:00014530       ?GetNext@CPrsNode@@UAEPAVIPrsNode@@XZ 10015530 f i PrsMain.obj
 0001:00014570       ??0IPrsNode@@QAE@XZ        10015570 f i PrsMain.obj
 0001:000145b0       ??_GCPrsNode@@QAEPAXI@Z    100155b0 f i PrsMain.obj
 0001:00014620       ??1CPrsNode@@QAE@XZ        10015620 f i PrsMain.obj
 0001:000146d0       ?RecursiveFireEvents@parser_t@@QAEXPAVCPrsNode@@@Z 100156d0 f i PrsMain.obj
 0001:00014980       ?FireTerminalEvent@parser_t@@QAEXPAVCPrsNode@@PAUSLexToken@@@Z 10015980 f i PrsMain.obj
 0001:000149f0       ?FireNonTerminalEvent@parser_t@@QAEXPAVIPrsNode@@PAPAV2@P6AX01@Z@Z 100159f0 f i PrsMain.obj
 0001:00014a50       ?DestroyParseNode@parser_t@@QAEXPAVCPrsNode@@@Z 10015a50 f i PrsMain.obj
 0001:00014b80       ??_GparsePosition_t@?5??Parse@parser_t@@QAEPAVCPrsNode@@PADK0PAK1@Z@QAEPAXI@Z 10015b80 f i PrsMain.obj
 0001:00014bf0       ??0IPrsParser@@QAE@XZ      10015bf0 f i PrsMain.obj
 0001:00014c30       ??_Gparser_t@@QAEPAXI@Z    10015c30 f i PrsMain.obj
 0001:00014ca0       ??1parser_t@@QAE@XZ        10015ca0 f i PrsMain.obj
 0001:00014da0       ??1parseState_t@@QAE@XZ    10015da0 f i PrsMain.obj
 0001:00014e10       ?PRS_GetLastError@@YAPADPAK0@Z 10015e10 f   PrsMain.obj
 0001:00014e70       ?MSG_Init@@YAXXZ           10015e70 f   MsgMain.obj
 0001:00015300       ?InitMsgAsm@@YAXXZ         10016300 f   MsgMain.obj
 0001:00015360       ?MSG_Shutdown@@YAXXZ       10016360 f   MsgMain.obj
 0001:00015410       ??_GCMsgRouter@@QAEPAXI@Z  10016410 f i MsgMain.obj
 0001:00015480       ??1CMsgRouter@@QAE@XZ      10016480 f i MsgMain.obj
 0001:00015580       ?MsgRoute@CMsgRouter@@UAE_NPAVIMsgTarget@@PAVIMsg@@@Z 10016580 f i MsgMain.obj
 0001:00015810       ?Delete@CMsgRouter@@UAEKXZ 10016810 f i MsgMain.obj
 0001:00015890       ?MSG_MakeRouter@@YAPAVIMsgRouter@@PAD@Z 10016890 f   MsgMain.obj
 0001:00015a50       ??0CMsgRouter@@QAE@XZ      10016a50 f i MsgMain.obj
 0001:00015ae0       ?MSG_RegisterHandlerRaw@@YA_NPBD0P6A_NPAVIMsgTarget@@PAVIMsg@@@Z@Z 10016ae0 f   MsgMain.obj
 0001:00015b40       ?RegisterHandlerRaw@CMsgRouter@@QAE_NPBDP6A_NPAVIMsgTarget@@PAVIMsg@@@Z@Z 10016b40 f i MsgMain.obj
 0001:00015c10       ?MSG_RegisterHandlerC@@YA_NPBD0PAX0@Z 10016c10 f   MsgMain.obj
 0001:00015c70       ?RegisterHandlerC@CMsgRouter@@QAE_NPBDPAX0@Z 10016c70 f i MsgMain.obj
 0001:00015d40       ?Msgf@IMsgTarget@@QAA_NPADZZ 10016d40 f   MsgMain.obj
 0001:000164e0       ??0IMsg@@QAE@XZ            100174e0 f i MsgMain.obj
 0001:00016550       ??0IMsgToken@@QAE@XZ       10017550 f i MsgMain.obj
 0001:00016590       ?MsgFile@IMsgTarget@@QAE_NPAD@Z 10017590 f   MsgMain.obj
 0001:000168f0       ?MsgGetPathTarget@IMsgTarget@@QAEPAV1@PAD@Z 100178f0 f   MsgMain.obj
 0001:00016bf0       ?MsgRoutef@IMsgRouter@@QAA_NPAVIMsgTarget@@PADZZ 10017bf0 f   MsgMain.obj
 0001:00016c70       ?MsgRouteFile@IMsgRouter@@QAE_NPAVIMsgTarget@@PAD@Z 10017c70 f   MsgMain.obj
 0001:00016cd0       ?GetString@IMsgToken@@UAEPADXZ 10017cd0 f i MsgMain.obj
 0001:00016d10       ?GetInt@IMsgToken@@UAEHXZ  10017d10 f i MsgMain.obj
 0001:00016d50       ?GetFloat@IMsgToken@@UAEMXZ 10017d50 f i MsgMain.obj
 0001:00016d90       ?Argc@IMsg@@UAEKXZ         10017d90 f i MsgMain.obj
 0001:00016dd0       ?Argv@IMsg@@UAEPAVIMsgToken@@K@Z 10017dd0 f i MsgMain.obj
 0001:00016f50       ?OBJ_Init@@YAXPAVCObjClass@@@Z 10017f50 f   ObjMain.obj
 0001:00016fb0       ?OBJ_Shutdown@@YAXXZ       10017fb0 f   ObjMain.obj
 0001:00016ff0       ?OBJ_ConstructClass@@YAPAVCObjClass@@PAV1@PBD1P6APAVOObject@@PAV2@0@ZK@Z 10017ff0 f   ObjMain.obj
 0001:000170c0       ?RegisterInterface@CObjInterface@@CAXPAV1@@Z 100180c0 f   ObjMain.obj
 0001:00017110       ?GetName@CObjInterface@@QAEPBDXZ 10018110 f   ObjMain.obj
 0001:00017160       ??0CObjInterface@@QAE@PBD@Z 10018160 f   ObjMain.obj
 0001:00017210       ??1CObjInterface@@QAE@XZ   10018210 f   ObjMain.obj
 0001:00017260       ?FindInterfaceNamed@CObjInterface@@SAPAV1@PAD@Z 10018260 f   ObjMain.obj
 0001:00017300       ?RegisterClass@CObjClass@@CAXPAV1@@Z 10018300 f   ObjMain.obj
 0001:00017350       ?New@CObjClass@@QAEPAVOObject@@PAV2@@Z 10018350 f   ObjMain.obj
 0001:000173d0       ?GetName@CObjClass@@QAEPBDXZ 100183d0 f   ObjMain.obj
 0001:00017420       ?GetSuper@CObjClass@@QAEPAV1@XZ 10018420 f   ObjMain.obj
 0001:000174d0       ?IsDerivedFrom@CObjClass@@QAE_NPAV1@@Z 100184d0 f   ObjMain.obj
 0001:00017540       ?GetStaticInstance@CObjClass@@QAEPAVOObject@@XZ 10018540 f   ObjMain.obj
 0001:000175a0       ?GetBindMap@CObjClass@@QAEKXZ 100185a0 f   ObjMain.obj
 0001:000175e0       ?GetMsgRouter@CObjClass@@QAEPAVIMsgRouter@@XZ 100185e0 f   ObjMain.obj
 0001:00017620       ?MakeDerivedClass@CObjClass@@QAEPAV1@PBDK@Z 10018620 f   ObjMain.obj
 0001:00017700       ??0CObjClass@@QAE@PBD0P6APAVOObject@@PAV1@PAV0@@ZK@Z 10018700 f   ObjMain.obj
 0001:00017840       ??1CObjClass@@QAE@XZ       10018840 f   ObjMain.obj
 0001:00017910       ?FindClassNamed@CObjClass@@SAPAV1@PAD@Z 10018910 f   ObjMain.obj
 0001:000179b0       ?GetRoot@OObject@@SAPAV1@XZ 100189b0 f   ObjMain.obj
 0001:00017a40       ?KillRoot@OObject@@SAXXZ   10018a40 f   ObjMain.obj
 0001:00017ab0       ?GetParent@OObject@@UAEPAV1@XZ 10018ab0 f   ObjMain.obj
 0001:00017b00       ?SetParent@OObject@@UAEXPAV1@_N@Z 10018b00 f   ObjMain.obj
 0001:00017bc0       ?PreConstruct@OObject@@QAEXPAV1@@Z 10018bc0 f   ObjMain.obj
 0001:00017c70       ?Create@OObject@@UAEXXZ    10018c70 f   ObjMain.obj
 0001:00017ca0       ?Destroy@OObject@@UAEXXZ   10018ca0 f   ObjMain.obj
 0001:00017da0       ??0OObject@@QAE@XZ         10018da0 f   ObjMain.obj
 0001:00017ea0       ??1OObject@@UAE@XZ         10018ea0 f   ObjMain.obj
 0001:00017f50       ?Msg@OObject@@UAE_NPAVIMsg@@@Z 10018f50 f   ObjMain.obj
 0001:00018040       ?MsgGetChild@OObject@@UAEPAVIMsgTarget@@PAD@Z 10019040 f   ObjMain.obj
 0001:00018110       ?MsgGetParent@OObject@@UAEPAVIMsgTarget@@XZ 10019110 f   ObjMain.obj
 0001:00018170       ?MsgGetRoot@OObject@@UAEPAVIMsgTarget@@XZ 10019170 f   ObjMain.obj
 0001:00018250       _NewClass_msg_global       10019250 f   ObjMain.obj
 0001:00018360       _New_msg_OObject           10019360 f   ObjMain.obj
 0001:000184a0       _Destroy_msg_OObject       100194a0 f   ObjMain.obj
 0001:00018590       _SetName_msg_OObject       10019590 f   ObjMain.obj
 0001:00018680       _Bind_msgraw_OObject       10019680 f   ObjMain.obj
 0001:000189d0       _Unbind_msgraw_OObject     100199d0 f   ObjMain.obj
 0001:00018c50       ??2@YAPAXIPAX@Z            10019c50 f i ObjMain.obj
 0001:00018c80       ??3@YAXPAX0@Z              10019c80 f i ObjMain.obj
 0001:00018cb0       ?GetFirstInterface@CObjInterface@@SAPAV1@XZ 10019cb0 f i ObjMain.obj
 0001:00018ce0       ?GetNextInterface@CObjInterface@@QAEPAV1@XZ 10019ce0 f i ObjMain.obj
 0001:00018d20       ??0CObjInterface@@QAE@ABV0@@Z 10019d20 f i ObjMain.obj
 0001:00018d80       ??4CObjInterface@@QAEAAV0@ABV0@@Z 10019d80 f i ObjMain.obj
 0001:00018de0       ?GetFirstClass@CObjClass@@SAPAV1@XZ 10019de0 f i ObjMain.obj
 0001:00018e10       ?GetNextClass@CObjClass@@QAEPAV1@XZ 10019e10 f i ObjMain.obj
 0001:00018e50       ??0CObjClass@@QAE@XZ       10019e50 f i ObjMain.obj
 0001:00018ee0       ??0CObjClass@@QAE@ABV0@@Z  10019ee0 f i ObjMain.obj
 0001:00018ff0       ??4CObjClass@@QAEAAV0@ABV0@@Z 10019ff0 f i ObjMain.obj
 0001:000190c0       ?GetChild@CObjLink@@QAEPAVOObject@@XZ 1001a0c0 f i ObjMain.obj
 0001:00019100       ?SetChild@CObjLink@@QAEXPAVOObject@@@Z 1001a100 f i ObjMain.obj
 0001:00019140       ?GetParent@CObjLink@@QAEPAVOObject@@XZ 1001a140 f i ObjMain.obj
 0001:00019180       ?SetParent@CObjLink@@QAEXPAVOObject@@@Z 1001a180 f i ObjMain.obj
 0001:000191c0       ?GetNext@CObjLink@@QAEPAV1@XZ 1001a1c0 f i ObjMain.obj
 0001:00019200       ?SetNext@CObjLink@@QAEXPAV1@@Z 1001a200 f i ObjMain.obj
 0001:00019240       ?GetPrev@CObjLink@@QAEPAV1@XZ 1001a240 f i ObjMain.obj
 0001:00019280       ?SetPrev@CObjLink@@QAEXPAV1@@Z 1001a280 f i ObjMain.obj
 0001:000192c0       ?PreConstruct@CObjLink@@QAEXXZ 1001a2c0 f i ObjMain.obj
 0001:00019320       ??0CObjLink@@QAE@XZ        1001a320 f i ObjMain.obj
 0001:00019350       ??1CObjLink@@QAE@XZ        1001a350 f i ObjMain.obj
 0001:000193a0       ??4CObjLink@@QAEAAV0@ABV0@@Z 1001a3a0 f i ObjMain.obj
 0001:00019400       ??2OObject@@CAPAXIPAV0@PAVCObjClass@@@Z 1001a400 f i ObjMain.obj
 0001:000194b0       ??3OObject@@CAXPAX@Z       1001a4b0 f i ObjMain.obj
 0001:00019530       ??3OObject@@CAXPAXPAV0@PAVCObjClass@@@Z 1001a530 f i ObjMain.obj
 0001:000195b0       ?GetStaticClass@OObject@@SAPAVCObjClass@@XZ 1001a5b0 f i ObjMain.obj
 0001:000195e0       ?New@OObject@@SAPAV1@PAV1@PAVCObjClass@@@Z 1001a5e0 f i ObjMain.obj
 0001:000196d0       ?GetClass@OObject@@UAEPAVCObjClass@@XZ 1001a6d0 f i ObjMain.obj
 0001:00019710       ?SetClass@OObject@@QAEXPAVCObjClass@@@Z 1001a710 f i ObjMain.obj
 0001:00019760       ?SetValid@OObject@@QAEX_N@Z 1001a760 f i ObjMain.obj
 0001:000197c0       ?GetObjectCount@OObject@@SAKXZ 1001a7c0 f i ObjMain.obj
 0001:000197f0       ?HasName@OObject@@QAE_NXZ  1001a7f0 f i ObjMain.obj
 0001:00019840       ?GetName@OObject@@QAEPBDXZ 1001a840 f i ObjMain.obj
 0001:00019890       ?GetNameHash@OObject@@QAEKXZ 1001a890 f i ObjMain.obj
 0001:000198d0       ?SetName@OObject@@QAEXPBD@Z 1001a8d0 f i ObjMain.obj
 0001:00019940       ?GetFlags@OObject@@QAEKXZ  1001a940 f i ObjMain.obj
 0001:00019980       ?SetFlags@OObject@@QAEXK@Z 1001a980 f i ObjMain.obj
 0001:000199c0       ?AddFlags@OObject@@QAEXK@Z 1001a9c0 f i ObjMain.obj
 0001:00019a10       ?SubFlags@OObject@@QAEXK@Z 1001aa10 f i ObjMain.obj
 0001:00019a60       ?IsValid@OObject@@QAE_NXZ  1001aa60 f i ObjMain.obj
 0001:00019ab0       ?HasChildren@OObject@@UAE_NXZ 1001aab0 f i ObjMain.obj
 0001:00019b10       ?IsA@OObject@@UAE_NPAVCObjClass@@@Z 1001ab10 f i ObjMain.obj
 0001:00019b80       ??0OObject@@QAE@ABV0@@Z    1001ab80 f i ObjMain.obj
 0001:00019cc0       ??4OObject@@QAEAAV0@ABV0@@Z 1001acc0 f i ObjMain.obj
 0001:00019dc0       ??_GOObject@@UAEPAXI@Z     1001adc0 f i ObjMain.obj
 0001:00019e30       ??_EOObject@@UAEPAXI@Z     1001ae30 f i ObjMain.obj
 0001:00019ef0       ??0CObjIter@@QAE@PAVOObject@@_N@Z 1001aef0 f i ObjMain.obj
 0001:00019f50       ?Reset@CObjIter@@QAEXPAVOObject@@_N@Z 1001af50 f i ObjMain.obj
 0001:00019fe0       ?GetNext@CObjIter@@IAEXXZ  1001afe0 f i ObjMain.obj
 0001:0001a060       ?Advance@CObjIter@@IAEXXZ  1001b060 f i ObjMain.obj
 0001:0001a0c0       ??DCObjIter@@QAEPAVOObject@@XZ 1001b0c0 f i ObjMain.obj
 0001:0001a110       ?GetObject@CObjIter@@IAEPAVOObject@@XZ 1001b110 f i ObjMain.obj
 0001:0001a170       ??CCObjIter@@QAEPAVOObject@@XZ 1001b170 f i ObjMain.obj
 0001:0001a1c0       ??ECObjIter@@QAEXH@Z       1001b1c0 f i ObjMain.obj
 0001:0001a210       ??BCObjIter@@QAE_NXZ       1001b210 f i ObjMain.obj
 0001:0001a260       ?LinkBefore@CObjLink@@QAEXPAV1@@Z 1001b260 f i ObjMain.obj
 0001:0001a2d0       ?LinkAfter@CObjLink@@QAEXPAV1@@Z 1001b2d0 f i ObjMain.obj
 0001:0001a340       ?Unlink@CObjLink@@QAEXXZ   1001b340 f i ObjMain.obj
 0001:0001a3b0       ?IN_Init@@YAXXZ            1001b3b0 f   InMain.obj
 0001:0001a520       ?IN_CreateTracker@@YAPAVIInTracker@@PAX0_N@Z 1001b520 f   InMain.obj
 0001:0001a680       ?IN_DestroyTracker@@YA_NPAVIInTracker@@@Z 1001b680 f   InMain.obj
 0001:0001a780       ??_GCInputTrackerDI@@QAEPAXI@Z 1001b780 f i InMain.obj
 0001:0001a7f0       ?IN_GetCurrentTracker@@YAPAVIInTracker@@XZ 1001b7f0 f   InMain.obj
 0001:0001a820       ?IN_SetCurrentTracker@@YA_NPAVIInTracker@@@Z 1001b820 f   InMain.obj
 0001:0001a860       ?IN_Shutdown@@YAXXZ        1001b860 f   InMain.obj
 0001:0001a950       ?Shutdown@CInputBindMap@@QAEXXZ 1001b950 f i InMain.obj
 0001:0001aa60       ?IN_ProcessAll@@YA_NXZ     1001ba60 f   InMain.obj
 0001:0001ab00       ?IN_NameForKey@@YAPADW4EInKey@@K@Z 1001bb00 f   InMain.obj
 0001:0001aca0       ?IN_KeyForName@@YA?AW4EInKey@@PAD@Z 1001bca0 f   InMain.obj
 0001:0001ad50       ?IN_GetShiftedKey@@YA?AW4EInKey@@W41@@Z 1001bd50 f   InMain.obj
 0001:0001ada0       ?IN_MakeBindMap@@YAKPAD@Z  1001bda0 f   InMain.obj
 0001:0001af20       ?Init@CInputBindMap@@QAEXXZ 1001bf20 f i InMain.obj
 0001:0001af80       ?IN_BindKey@@YA_NKW4EInKey@@KPAD@Z 1001bf80 f   InMain.obj
 0001:0001b0a0       ?IN_TranslateBindMap@@YAPADKPAU_SInEvent@@@Z 1001c0a0 f   InMain.obj
 0001:0001b290       ?IN_DeTranslateBindMap@@YA_NKPADPAW4EInKey@@PAK@Z 1001c290 f   InMain.obj
 0001:0001b3e0       ??0CInputTrackerDI@@QAE@XZ 1001c3e0 f   InWin.obj
 0001:0001bc20       ??0IInTracker@@QAE@XZ      1001cc20 f i InWin.obj
 0001:0001bc60       ??1CInputTrackerDI@@QAE@XZ 1001cc60 f   InWin.obj
 0001:0001bca0       ?EventDispatch@CInputTrackerDI@@QAE_NPAU_SInEvent@@PAVIInTracker@@@Z 1001cca0 f   InWin.obj
 0001:0001bd50       ?SetMouseCooperative@CInputTrackerDI@@QAEJK@Z 1001cd50 f   InWin.obj
 0001:0001bdf0       ?FlushKeyboardData@CInputTrackerDI@@QAEXXZ 1001cdf0 f   InWin.obj
 0001:0001bef0       ?AcquireMouse@CInputTrackerDI@@QAEXXZ 1001cef0 f   InWin.obj
 0001:0001bfd0       ?UnacquireMouse@CInputTrackerDI@@QAEXXZ 1001cfd0 f   InWin.obj
 0001:0001c050       ?AcquireKeyboard@CInputTrackerDI@@QAEXXZ 1001d050 f   InWin.obj
 0001:0001c140       ?UnacquireKeyboard@CInputTrackerDI@@QAEXXZ 1001d140 f   InWin.obj
 0001:0001c1c0       ?CheckKeyEvents@CInputTrackerDI@@QAEXKPAU_SInEvent@@@Z 1001d1c0 f   InWin.obj
 0001:0001c4f0       ?SetMouseExclusive@CInputTrackerDI@@QAE_N_N@Z 1001d4f0 f   InWin.obj
 0001:0001c580       ?Init@CInputTrackerDI@@UAE_NPAX0_N@Z 1001d580 f   InWin.obj
 0001:0001c5d0       ?Shutdown@CInputTrackerDI@@UAE_NXZ 1001d5d0 f   InWin.obj
 0001:0001c6e0       ?Process@CInputTrackerDI@@UAE_NXZ 1001d6e0 f   InWin.obj
 0001:0001d5a0       ?SetFocus@CInputTrackerDI@@UAE_NXZ 1001e5a0 f   InWin.obj
 0001:0001d600       ?KillFocus@CInputTrackerDI@@UAE_NXZ 1001e600 f   InWin.obj
 0001:0001d660       ?AddReceiver@CInputTrackerDI@@UAEKP6A_NPAU_SInEvent@@PAVIInTracker@@@ZPAD@Z 1001e660 f   InWin.obj
 0001:0001d7a0       ?FindReceiver@CInputTrackerDI@@UAEKPAD@Z 1001e7a0 f   InWin.obj
 0001:0001d880       ?ChangeReceiverHandler@CInputTrackerDI@@UAE_NKP6A_NPAU_SInEvent@@PAVIInTracker@@@Z@Z 1001e880 f   InWin.obj
 0001:0001d900       ?RemoveReceiver@CInputTrackerDI@@UAE_NK@Z 1001e900 f   InWin.obj
 0001:0001d9c0       ?SetMouseLimits@CInputTrackerDI@@UAE_NJJJJ@Z 1001e9c0 f   InWin.obj
 0001:0001da30       ?SetMouseSensitivity@CInputTrackerDI@@UAE_NM@Z 1001ea30 f   InWin.obj
 0001:0001da80       ?GetMouseSensitivity@CInputTrackerDI@@UAEMXZ 1001ea80 f   InWin.obj
 0001:0001dac0       ?SetMouseBaseWindow@CInputTrackerDI@@UAE_NPAX@Z 1001eac0 f   InWin.obj
 0001:0001db00       ?InjectKeyEvent@CInputTrackerDI@@UAE_NK_N@Z 1001eb00 f   InWin.obj
 0001:0001dba0       ?SetUserValue@CInputTrackerDI@@UAE_NK@Z 1001eba0 f   InWin.obj
 0001:0001dbf0       ?GetUserValue@CInputTrackerDI@@UAEKXZ 1001ebf0 f   InWin.obj
 0001:0001dc30       ?GetNumPositions@CCpjFrmFrame@@QAEKXZ 1001ec30 f   CpjFrm.obj
 0001:0001dca0       ?GetPosition@CCpjFrmFrame@@QAE?AVVVec3@@K@Z 1001eca0 f   CpjFrm.obj
 0001:0001ddd0       ?UpdateBounds@CCpjFrmFrame@@QAE_NXZ 1001edd0 f   CpjFrm.obj
 0001:0001e1a0       ?InitPositions@CCpjFrmFrame@@QAE_NK@Z 1001f1a0 f   CpjFrm.obj
 0001:0001e280       ?Compress@CCpjFrmFrame@@QAE_NPAVOCpjGeometry@@@Z 1001f280 f   CpjFrm.obj
 0001:0001e890       ?Decompress@CCpjFrmFrame@@QAE_NXZ 1001f890 f   CpjFrm.obj
 0001:0001ec00       ?UpdateBounds@OCpjFrames@@QAE_NXZ 1001fc00 f   CpjFrm.obj
 0001:0001ede0       ?GetFourCC@OCpjFrames@@UAEKXZ 1001fde0 f   CpjFrm.obj
 0001:0001ee20       ?LoadChunk@OCpjFrames@@UAE_NPAXK@Z 1001fe20 f   CpjFrm.obj
 0001:0001f190       ?SaveChunk@OCpjFrames@@UAE_NPAXPAK@Z 10020190 f   CpjFrm.obj
 0001:0001f6f0       ??0SFrmFile@@QAE@XZ        100206f0 f i CpjFrm.obj
 0001:0001f750       ??A?$TCorArray@VCCpjGeoVert@@@@QAEAAVCCpjGeoVert@@H@Z 10020750 f i CpjFrm.obj
 0001:0001f790       ?GetCount@?$TCorArray@VCCpjGeoVert@@@@QAEKXZ 10020790 f i CpjFrm.obj
 0001:0001f7d0       ??A?$TCorArray@VCCpjFrmGroup@@@@QAEAAVCCpjFrmGroup@@H@Z 100207d0 f i CpjFrm.obj
 0001:0001f810       ?GetCount@?$TCorArray@VCCpjFrmGroup@@@@QAEKXZ 10020810 f i CpjFrm.obj
 0001:0001f850       ?Purge@?$TCorArray@VCCpjFrmGroup@@@@QAEXXZ 10020850 f i CpjFrm.obj
 0001:0001f8a0       ?Shrink@?$TCorArray@VCCpjFrmGroup@@@@QAEXXZ 100208a0 f i CpjFrm.obj
 0001:0001f910       ?Add@?$TCorArray@VCCpjFrmGroup@@@@QAEKK@Z 10020910 f i CpjFrm.obj
 0001:0001fa10       ?Realloc@CCorArray@@IAEXK@Z 10020a10 f i CpjFrm.obj
 0001:0001fb60       ??A?$TCorArray@VCCpjFrmBytePos@@@@QAEAAVCCpjFrmBytePos@@H@Z 10020b60 f i CpjFrm.obj
 0001:0001fba0       ?GetCount@?$TCorArray@VCCpjFrmBytePos@@@@QAEKXZ 10020ba0 f i CpjFrm.obj
 0001:0001fbe0       ?Purge@?$TCorArray@VCCpjFrmBytePos@@@@QAEXXZ 10020be0 f i CpjFrm.obj
 0001:0001fc30       ?Shrink@?$TCorArray@VCCpjFrmBytePos@@@@QAEXXZ 10020c30 f i CpjFrm.obj
 0001:0001fca0       ?Add@?$TCorArray@VCCpjFrmBytePos@@@@QAEKK@Z 10020ca0 f i CpjFrm.obj
 0001:0001fd40       ??A?$TCorArray@VVVec3@@@@QAEAAVVVec3@@H@Z 10020d40 f i CpjFrm.obj
 0001:0001fd80       ?GetCount@?$TCorArray@VVVec3@@@@QAEKXZ 10020d80 f i CpjFrm.obj
 0001:0001fdc0       ?Purge@?$TCorArray@VVVec3@@@@QAEXXZ 10020dc0 f i CpjFrm.obj
 0001:0001fe10       ?Shrink@?$TCorArray@VVVec3@@@@QAEXXZ 10020e10 f i CpjFrm.obj
 0001:0001fe80       ?AddNoConstruct@?$TCorArray@VVVec3@@@@QAEKK@Z 10020e80 f i CpjFrm.obj
 0001:0001ff20       ?Add@?$TCorArray@VVVec3@@@@QAEKK@Z 10020f20 f i CpjFrm.obj
 0001:00020020       ??A?$TCorArray@VCCpjFrmFrame@@@@QAEAAVCCpjFrmFrame@@H@Z 10021020 f i CpjFrm.obj
 0001:00020060       ?GetCount@?$TCorArray@VCCpjFrmFrame@@@@QAEKXZ 10021060 f i CpjFrm.obj
 0001:000200a0       ?Purge@?$TCorArray@VCCpjFrmFrame@@@@QAEXXZ 100210a0 f i CpjFrm.obj
 0001:000200f0       ?Shrink@?$TCorArray@VCCpjFrmFrame@@@@QAEXXZ 100210f0 f i CpjFrm.obj
 0001:00020160       ?Add@?$TCorArray@VCCpjFrmFrame@@@@QAEKK@Z 10021160 f i CpjFrm.obj
 0001:00020260       ??0VVec3@@QAE@XZ           10021260 f i CpjFrm.obj
 0001:00020290       ??0VVec3@@QAE@ABV0@@Z      10021290 f i CpjFrm.obj
 0001:000202f0       ??0VVec3@@QAE@MMM@Z        100212f0 f i CpjFrm.obj
 0001:00020350       ??4VVec3@@QAEAAV0@ABV0@@Z  10021350 f i CpjFrm.obj
 0001:000203b0       ??BVVec3@@QAEPAMXZ         100213b0 f i CpjFrm.obj
 0001:000203e0       ??G@YA?AVVVec3@@ABV0@0@Z   100213e0 f i CpjFrm.obj
 0001:00020460       ??K@YA?AVVVec3@@ABV0@M@Z   10021460 f i CpjFrm.obj
 0001:000204d0       ?AddNoConstruct@?$TCorArray@VCCpjFrmGroup@@@@QAEKK@Z 100214d0 f i CpjFrm.obj
 0001:00020570       ?Remove@?$TCorArray@VCCpjFrmGroup@@@@QAEXKK@Z 10021570 f i CpjFrm.obj
 0001:000205f0       ?Remove@CCorArray@@QAEXKKK@Z 100215f0 f i CpjFrm.obj
 0001:000206a0       ?AddNoConstruct@?$TCorArray@VCCpjFrmBytePos@@@@QAEKK@Z 100216a0 f i CpjFrm.obj
 0001:00020740       ?Remove@?$TCorArray@VCCpjFrmBytePos@@@@QAEXKK@Z 10021740 f i CpjFrm.obj
 0001:000207c0       ?Remove@?$TCorArray@VVVec3@@@@QAEXKK@Z 100217c0 f i CpjFrm.obj
 0001:00020840       ?AddNoConstruct@?$TCorArray@VCCpjFrmFrame@@@@QAEKK@Z 10021840 f i CpjFrm.obj
 0001:000208e0       ?Remove@?$TCorArray@VCCpjFrmFrame@@@@QAEXKK@Z 100218e0 f i CpjFrm.obj
 0001:00020980       ??_GCCpjFrmFrame@@QAEPAXI@Z 10021980 f i CpjFrm.obj
 0001:000209f0       ??2OCpjRes@@CAPAXIPAVOObject@@PAVCObjClass@@@Z 100219f0 f i CpjFrm.obj
 0001:00020aa0       ??3OCpjRes@@CAXPAX@Z       10021aa0 f i CpjFrm.obj
 0001:00020b20       ??3OCpjRes@@CAXPAXPAVOObject@@PAVCObjClass@@@Z 10021b20 f i CpjFrm.obj
 0001:00020ba0       ?GetStaticClass@OCpjRes@@SAPAVCObjClass@@XZ 10021ba0 f i CpjFrm.obj
 0001:00020bd0       ?New@OCpjRes@@SAPAV1@PAVOObject@@PAVCObjClass@@@Z 10021bd0 f i CpjFrm.obj
 0001:00020cc0       ?GetClass@OCpjRes@@UAEPAVCObjClass@@XZ 10021cc0 f i CpjFrm.obj
 0001:00020d00       ?GetFileExtension@OCpjRes@@UAEPADXZ 10021d00 f i CpjFrm.obj
 0001:00020d30       ?GetFileDescription@OCpjRes@@UAEPADXZ 10021d30 f i CpjFrm.obj
 0001:00020d60       ?LoadFile@OCpjRes@@UAE_NPAD@Z 10021d60 f i CpjFrm.obj
 0001:00020da0       ?SaveFile@OCpjRes@@UAE_NPAD@Z 10021da0 f i CpjFrm.obj
 0001:00020de0       ??0OCpjRes@@QAE@XZ         10021de0 f i CpjFrm.obj
 0001:00020e40       ??0OCpjRes@@QAE@ABV0@@Z    10021e40 f i CpjFrm.obj
 0001:00020ea0       ??4OCpjRes@@QAEAAV0@ABV0@@Z 10021ea0 f i CpjFrm.obj
 0001:00020ef0       ??1OCpjRes@@UAE@XZ         10021ef0 f i CpjFrm.obj
 0001:00020f40       ??_GOCpjRes@@UAEPAXI@Z     10021f40 f i CpjFrm.obj
 0001:00020fb0       ??_EOCpjRes@@UAEPAXI@Z     10021fb0 f i CpjFrm.obj
 0001:00021070       ??2OCpjChunk@@CAPAXIPAVOObject@@PAVCObjClass@@@Z 10022070 f i CpjFrm.obj
 0001:00021120       ??3OCpjChunk@@CAXPAX@Z     10022120 f i CpjFrm.obj
 0001:000211a0       ??3OCpjChunk@@CAXPAXPAVOObject@@PAVCObjClass@@@Z 100221a0 f i CpjFrm.obj
 0001:00021220       ?GetStaticClass@OCpjChunk@@SAPAVCObjClass@@XZ 10022220 f i CpjFrm.obj
 0001:00021250       ?New@OCpjChunk@@SAPAV1@PAVOObject@@PAVCObjClass@@@Z 10022250 f i CpjFrm.obj
 0001:00021340       ?GetClass@OCpjChunk@@UAEPAVCObjClass@@XZ 10022340 f i CpjFrm.obj
 0001:00021380       ?Create@OCpjChunk@@UAEXXZ  10022380 f i CpjFrm.obj
 0001:00021400       ?GetFourCC@OCpjChunk@@UAEKXZ 10022400 f i CpjFrm.obj
 0001:00021430       ?LoadChunk@OCpjChunk@@UAE_NPAXK@Z 10022430 f i CpjFrm.obj
 0001:00021470       ?SaveChunk@OCpjChunk@@UAE_NPAXPAK@Z 10022470 f i CpjFrm.obj
 0001:000214b0       ??0OCpjChunk@@QAE@XZ       100224b0 f i CpjFrm.obj
 0001:00021510       ??0OCpjChunk@@QAE@ABV0@@Z  10022510 f i CpjFrm.obj
 0001:000215b0       ??4OCpjChunk@@QAEAAV0@ABV0@@Z 100225b0 f i CpjFrm.obj
 0001:00021640       ??1OCpjChunk@@UAE@XZ       10022640 f i CpjFrm.obj
 0001:00021690       ??_GOCpjChunk@@UAEPAXI@Z   10022690 f i CpjFrm.obj
 0001:00021700       ??_EOCpjChunk@@UAEPAXI@Z   10022700 f i CpjFrm.obj
 0001:000217c0       ??2OCpjUnkChunk@@CAPAXIPAVOObject@@PAVCObjClass@@@Z 100227c0 f i CpjFrm.obj
 0001:00021870       ??3OCpjUnkChunk@@CAXPAX@Z  10022870 f i CpjFrm.obj
 0001:000218f0       ??3OCpjUnkChunk@@CAXPAXPAVOObject@@PAVCObjClass@@@Z 100228f0 f i CpjFrm.obj
 0001:00021970       ?GetStaticClass@OCpjUnkChunk@@SAPAVCObjClass@@XZ 10022970 f i CpjFrm.obj
 0001:000219a0       ?New@OCpjUnkChunk@@SAPAV1@PAVOObject@@PAVCObjClass@@@Z 100229a0 f i CpjFrm.obj
 0001:00021a90       ?GetClass@OCpjUnkChunk@@UAEPAVCObjClass@@XZ 10022a90 f i CpjFrm.obj
 0001:00021ad0       ??0OCpjUnkChunk@@QAE@XZ    10022ad0 f i CpjFrm.obj
 0001:00021b70       ??0?$TCorArray@E@@QAE@K@Z  10022b70 f i CpjFrm.obj
 0001:00021bd0       ??0CCorArray@@IAE@KK@Z     10022bd0 f i CpjFrm.obj
 0001:00021c50       ??0OCpjUnkChunk@@QAE@AAV0@@Z 10022c50 f i CpjFrm.obj
 0001:00021d00       ??0?$TCorArray@E@@QAE@AAV0@@Z 10022d00 f i CpjFrm.obj
 0001:00021e40       ??1CCorArray@@IAE@XZ       10022e40 f i CpjFrm.obj
 0001:00021eb0       ??A?$TCorArray@E@@QAEAAEH@Z 10022eb0 f i CpjFrm.obj
 0001:00021ef0       ?AddNoConstruct@?$TCorArray@E@@QAEKK@Z 10022ef0 f i CpjFrm.obj
 0001:00021f90       ??4OCpjUnkChunk@@QAEAAV0@AAV0@@Z 10022f90 f i CpjFrm.obj
 0001:00022000       ??4?$TCorArray@E@@QAEAAV0@AAV0@@Z 10023000 f i CpjFrm.obj
 0001:00022150       ??1OCpjUnkChunk@@UAE@XZ    10023150 f i CpjFrm.obj
 0001:000221e0       ??1?$TCorArray@E@@QAE@XZ   100231e0 f i CpjFrm.obj
 0001:00022270       ?Purge@?$TCorArray@E@@QAEXXZ 10023270 f i CpjFrm.obj
 0001:000222c0       ?Remove@?$TCorArray@E@@QAEXKK@Z 100232c0 f i CpjFrm.obj
 0001:00022340       ??_GOCpjUnkChunk@@UAEPAXI@Z 10023340 f i CpjFrm.obj
 0001:000223b0       ??_EOCpjUnkChunk@@UAEPAXI@Z 100233b0 f i CpjFrm.obj
 0001:00022470       ??2OCpjImporter@@CAPAXIPAVOObject@@PAVCObjClass@@@Z 10023470 f i CpjFrm.obj
 0001:00022520       ??3OCpjImporter@@CAXPAX@Z  10023520 f i CpjFrm.obj
 0001:000225a0       ??3OCpjImporter@@CAXPAXPAVOObject@@PAVCObjClass@@@Z 100235a0 f i CpjFrm.obj
 0001:00022620       ?GetStaticClass@OCpjImporter@@SAPAVCObjClass@@XZ 10023620 f i CpjFrm.obj
 0001:00022650       ?New@OCpjImporter@@SAPAV1@PAVOObject@@PAVCObjClass@@@Z 10023650 f i CpjFrm.obj
 0001:00022740       ?GetClass@OCpjImporter@@UAEPAVCObjClass@@XZ 10023740 f i CpjFrm.obj
 0001:00022780       ?GetImportClass@OCpjImporter@@UAEPAVCObjClass@@XZ 10023780 f i CpjFrm.obj
 0001:000227b0       ?GetFileExtension@OCpjImporter@@UAEPADXZ 100237b0 f i CpjFrm.obj
 0001:000227e0       ?GetFileDescription@OCpjImporter@@UAEPADXZ 100237e0 f i CpjFrm.obj
 0001:00022810       ?Configure@OCpjImporter@@UAE_NPAVOObject@@PAD@Z 10023810 f i CpjFrm.obj
 0001:00022850       ?Import@OCpjImporter@@UAE_NPAVOObject@@PAD1@Z 10023850 f i CpjFrm.obj
 0001:000228b0       ??0OCpjImporter@@QAE@XZ    100238b0 f i CpjFrm.obj
 0001:00022910       ??0OCpjImporter@@QAE@ABV0@@Z 10023910 f i CpjFrm.obj
 0001:00022970       ??4OCpjImporter@@QAEAAV0@ABV0@@Z 10023970 f i CpjFrm.obj
 0001:000229c0       ??1OCpjImporter@@UAE@XZ    100239c0 f i CpjFrm.obj
 0001:00022a10       ??_GOCpjImporter@@UAEPAXI@Z 10023a10 f i CpjFrm.obj
 0001:00022a80       ??_EOCpjImporter@@UAEPAXI@Z 10023a80 f i CpjFrm.obj
 0001:00022b40       ??2OCpjExporter@@CAPAXIPAVOObject@@PAVCObjClass@@@Z 10023b40 f i CpjFrm.obj
 0001:00022bf0       ??3OCpjExporter@@CAXPAX@Z  10023bf0 f i CpjFrm.obj
 0001:00022c70       ??3OCpjExporter@@CAXPAXPAVOObject@@PAVCObjClass@@@Z 10023c70 f i CpjFrm.obj
 0001:00022cf0       ?GetStaticClass@OCpjExporter@@SAPAVCObjClass@@XZ 10023cf0 f i CpjFrm.obj
 0001:00022d20       ?New@OCpjExporter@@SAPAV1@PAVOObject@@PAVCObjClass@@@Z 10023d20 f i CpjFrm.obj
 0001:00022e10       ?GetClass@OCpjExporter@@UAEPAVCObjClass@@XZ 10023e10 f i CpjFrm.obj
 0001:00022e50       ?GetExportClass@OCpjExporter@@UAEPAVCObjClass@@XZ 10023e50 f i CpjFrm.obj
 0001:00022e80       ?GetFileExtension@OCpjExporter@@UAEPADXZ 10023e80 f i CpjFrm.obj
 0001:00022eb0       ?GetFileDescription@OCpjExporter@@UAEPADXZ 10023eb0 f i CpjFrm.obj
 0001:00022ee0       ?Configure@OCpjExporter@@UAE_NPAVOObject@@PAD@Z 10023ee0 f i CpjFrm.obj
 0001:00022f20       ?Export@OCpjExporter@@UAE_NPAVOObject@@PAD1@Z 10023f20 f i CpjFrm.obj
 0001:00022f80       ??0OCpjExporter@@QAE@XZ    10023f80 f i CpjFrm.obj
 0001:00022fe0       ??0OCpjExporter@@QAE@ABV0@@Z 10023fe0 f i CpjFrm.obj
 0001:00023040       ??4OCpjExporter@@QAEAAV0@ABV0@@Z 10024040 f i CpjFrm.obj
 0001:00023090       ??1OCpjExporter@@UAE@XZ    10024090 f i CpjFrm.obj
 0001:000230e0       ??_GOCpjExporter@@UAEPAXI@Z 100240e0 f i CpjFrm.obj
 0001:00023150       ??_EOCpjExporter@@UAEPAXI@Z 10024150 f i CpjFrm.obj
 0001:00023210       ??2OCpjProject@@CAPAXIPAVOObject@@PAVCObjClass@@@Z 10024210 f i CpjFrm.obj
 0001:000232c0       ??3OCpjProject@@CAXPAX@Z   100242c0 f i CpjFrm.obj
 0001:00023340       ??3OCpjProject@@CAXPAXPAVOObject@@PAVCObjClass@@@Z 10024340 f i CpjFrm.obj
 0001:000233c0       ?GetStaticClass@OCpjProject@@SAPAVCObjClass@@XZ 100243c0 f i CpjFrm.obj
 0001:000233f0       ?New@OCpjProject@@SAPAV1@PAVOObject@@PAVCObjClass@@@Z 100243f0 f i CpjFrm.obj
 0001:000234e0       ?GetClass@OCpjProject@@UAEPAVCObjClass@@XZ 100244e0 f i CpjFrm.obj
 0001:00023520       ?Create@OCpjProject@@UAEXXZ 10024520 f i CpjFrm.obj
 0001:00023580       ?Destroy@OCpjProject@@UAEXXZ 10024580 f i CpjFrm.obj
 0001:000235d0       ?Lock@OCpjProject@@QAE_NXZ 100245d0 f i CpjFrm.obj
 0001:00023620       ?Unlock@OCpjProject@@QAE_NXZ 10024620 f i CpjFrm.obj
 0001:00023670       ?IsLocked@OCpjProject@@QAE_NXZ 10024670 f i CpjFrm.obj
 0001:000236c0       ?GetFileName@OCpjProject@@QAEPBDXZ 100246c0 f i CpjFrm.obj
 0001:00023710       ?GetFileExtension@OCpjProject@@UAEPADXZ 10024710 f i CpjFrm.obj
 0001:00023750       ?GetFileDescription@OCpjProject@@UAEPADXZ 10024750 f i CpjFrm.obj
 0001:00023790       ??0OCpjProject@@QAE@XZ     10024790 f i CpjFrm.obj
 0001:00023830       ??0OCpjProject@@QAE@ABV0@@Z 10024830 f i CpjFrm.obj
 0001:000238f0       ??4OCpjProject@@QAEAAV0@ABV0@@Z 100248f0 f i CpjFrm.obj
 0001:00023970       ??1OCpjProject@@UAE@XZ     10024970 f i CpjFrm.obj
 0001:00023a00       ??_GOCpjProject@@UAEPAXI@Z 10024a00 f i CpjFrm.obj
 0001:00023a70       ??_EOCpjProject@@UAEPAXI@Z 10024a70 f i CpjFrm.obj
 0001:00023b30       ??2OCpjGeometry@@CAPAXIPAVOObject@@PAVCObjClass@@@Z 10024b30 f i CpjFrm.obj
 0001:00023bf0       ??3OCpjGeometry@@CAXPAX@Z  10024bf0 f i CpjFrm.obj
 0001:00023c70       ??3OCpjGeometry@@CAXPAXPAVOObject@@PAVCObjClass@@@Z 10024c70 f i CpjFrm.obj
 0001:00023cf0       ?GetStaticClass@OCpjGeometry@@SAPAVCObjClass@@XZ 10024cf0 f i CpjFrm.obj
 0001:00023d20       ?New@OCpjGeometry@@SAPAV1@PAVOObject@@PAVCObjClass@@@Z 10024d20 f i CpjFrm.obj
 0001:00023e10       ?GetClass@OCpjGeometry@@UAEPAVCObjClass@@XZ 10024e10 f i CpjFrm.obj
 0001:00023e50       ?GetFileExtension@OCpjGeometry@@UAEPADXZ 10024e50 f i CpjFrm.obj
 0001:00023e90       ?GetFileDescription@OCpjGeometry@@UAEPADXZ 10024e90 f i CpjFrm.obj
 0001:00023ed0       ??0OCpjGeometry@@QAE@XZ    10024ed0 f i CpjFrm.obj
 0001:00023fb0       ??0?$TCorArray@VCCpjGeoVert@@@@QAE@K@Z 10024fb0 f i CpjFrm.obj
 0001:00024010       ??1?$TCorArray@VCCpjGeoVert@@@@QAE@XZ 10025010 f i CpjFrm.obj
 0001:000240a0       ??0?$TCorArray@VCCpjGeoEdge@@@@QAE@K@Z 100250a0 f i CpjFrm.obj
 0001:00024100       ??1?$TCorArray@VCCpjGeoEdge@@@@QAE@XZ 10025100 f i CpjFrm.obj
 0001:00024190       ??0?$TCorArray@VCCpjGeoTri@@@@QAE@K@Z 10025190 f i CpjFrm.obj
 0001:000241f0       ??1?$TCorArray@VCCpjGeoTri@@@@QAE@XZ 100251f0 f i CpjFrm.obj
 0001:00024280       ??0?$TCorArray@VCCpjGeoMount@@@@QAE@K@Z 10025280 f i CpjFrm.obj
 0001:000242e0       ?Purge@?$TCorArray@VCCpjGeoVert@@@@QAEXXZ 100252e0 f i CpjFrm.obj
 0001:00024330       ?Purge@?$TCorArray@VCCpjGeoEdge@@@@QAEXXZ 10025330 f i CpjFrm.obj
 0001:00024380       ?Purge@?$TCorArray@VCCpjGeoTri@@@@QAEXXZ 10025380 f i CpjFrm.obj
 0001:000243d0       ?Remove@?$TCorArray@VCCpjGeoVert@@@@QAEXKK@Z 100253d0 f i CpjFrm.obj
 0001:00024470       ?Remove@?$TCorArray@VCCpjGeoEdge@@@@QAEXKK@Z 10025470 f i CpjFrm.obj
 0001:00024510       ??A?$TCorArray@VCCpjGeoEdge@@@@QAEAAVCCpjGeoEdge@@H@Z 10025510 f i CpjFrm.obj
 0001:00024550       ?Remove@?$TCorArray@VCCpjGeoTri@@@@QAEXKK@Z 10025550 f i CpjFrm.obj
 0001:000245d0       ??_GCCpjGeoVert@@QAEPAXI@Z 100255d0 f i CpjFrm.obj
 0001:00024640       ??_GCCpjGeoEdge@@QAEPAXI@Z 10025640 f i CpjFrm.obj
 0001:000246b0       ??1CCpjGeoVert@@QAE@XZ     100256b0 f i CpjFrm.obj
 0001:00024740       ??1?$TCorArray@PAVCCpjGeoEdge@@@@QAE@XZ 10025740 f i CpjFrm.obj
 0001:000247d0       ??1?$TCorArray@PAVCCpjGeoTri@@@@QAE@XZ 100257d0 f i CpjFrm.obj
 0001:00024860       ?Purge@?$TCorArray@PAVCCpjGeoEdge@@@@QAEXXZ 10025860 f i CpjFrm.obj
 0001:000248b0       ?Purge@?$TCorArray@PAVCCpjGeoTri@@@@QAEXXZ 100258b0 f i CpjFrm.obj
 0001:00024900       ?Remove@?$TCorArray@PAVCCpjGeoEdge@@@@QAEXKK@Z 10025900 f i CpjFrm.obj
 0001:00024980       ?Remove@?$TCorArray@PAVCCpjGeoTri@@@@QAEXKK@Z 10025980 f i CpjFrm.obj
 0001:00024a00       ??1CCpjGeoEdge@@QAE@XZ     10025a00 f i CpjFrm.obj
 0001:00024a50       ??0OCpjGeometry@@QAE@AAV0@@Z 10025a50 f i CpjFrm.obj
 0001:00024b50       ??0?$TCorArray@VCCpjGeoVert@@@@QAE@AAV0@@Z 10025b50 f i CpjFrm.obj
 0001:00024c90       ??0?$TCorArray@VCCpjGeoEdge@@@@QAE@AAV0@@Z 10025c90 f i CpjFrm.obj
 0001:00024dd0       ??0?$TCorArray@VCCpjGeoTri@@@@QAE@AAV0@@Z 10025dd0 f i CpjFrm.obj
 0001:00024f20       ??0?$TCorArray@VCCpjGeoMount@@@@QAE@AAV0@@Z 10025f20 f i CpjFrm.obj
 0001:00025060       ??0CCpjGeoVert@@QAE@AAV0@@Z 10026060 f i CpjFrm.obj
 0001:00025140       ??0CCpjGeoEdge@@QAE@AAV0@@Z 10026140 f i CpjFrm.obj
 0001:000251c0       ??0CCpjGeoMount@@QAE@ABV0@@Z 100261c0 f i CpjFrm.obj
 0001:00025250       ??0?$TCorArray@PAVCCpjGeoEdge@@@@QAE@AAV0@@Z 10026250 f i CpjFrm.obj
 0001:00025390       ??0?$TCorArray@PAVCCpjGeoTri@@@@QAE@AAV0@@Z 10026390 f i CpjFrm.obj
 0001:000254d0       ?AddNoConstruct@?$TCorArray@VCCpjGeoVert@@@@QAEKK@Z 100264d0 f i CpjFrm.obj
 0001:00025570       ?AddNoConstruct@?$TCorArray@VCCpjGeoEdge@@@@QAEKK@Z 10026570 f i CpjFrm.obj
 0001:00025610       ??A?$TCorArray@VCCpjGeoTri@@@@QAEAAVCCpjGeoTri@@H@Z 10026610 f i CpjFrm.obj
 0001:00025650       ?AddNoConstruct@?$TCorArray@VCCpjGeoTri@@@@QAEKK@Z 10026650 f i CpjFrm.obj
 0001:000256f0       ??A?$TCorArray@VCCpjGeoMount@@@@QAEAAVCCpjGeoMount@@H@Z 100266f0 f i CpjFrm.obj
 0001:00025740       ?AddNoConstruct@?$TCorArray@VCCpjGeoMount@@@@QAEKK@Z 10026740 f i CpjFrm.obj
 0001:000257e0       ??0VCoords3@@QAE@ABV0@@Z   100267e0 f i CpjFrm.obj
 0001:00025890       ??0VAxes3@@QAE@XZ          10026890 f i CpjFrm.obj
 0001:00025920       ??4VAxes3@@QAEAAV0@ABV0@@Z 10026920 f i CpjFrm.obj
 0001:000259a0       ??A?$TCorArray@PAVCCpjGeoEdge@@@@QAEAAPAVCCpjGeoEdge@@H@Z 100269a0 f i CpjFrm.obj
 0001:000259e0       ?AddNoConstruct@?$TCorArray@PAVCCpjGeoEdge@@@@QAEKK@Z 100269e0 f i CpjFrm.obj
 0001:00025a80       ??A?$TCorArray@PAVCCpjGeoTri@@@@QAEAAPAVCCpjGeoTri@@H@Z 10026a80 f i CpjFrm.obj
 0001:00025ac0       ?AddNoConstruct@?$TCorArray@PAVCCpjGeoTri@@@@QAEKK@Z 10026ac0 f i CpjFrm.obj
 0001:00025b60       ??4OCpjGeometry@@QAEAAV0@AAV0@@Z 10026b60 f i CpjFrm.obj
 0001:00025c10       ??4?$TCorArray@VCCpjGeoVert@@@@QAEAAV0@AAV0@@Z 10026c10 f i CpjFrm.obj
 0001:00025d60       ??4?$TCorArray@VCCpjGeoEdge@@@@QAEAAV0@AAV0@@Z 10026d60 f i CpjFrm.obj
 0001:00025eb0       ??4?$TCorArray@VCCpjGeoTri@@@@QAEAAV0@AAV0@@Z 10026eb0 f i CpjFrm.obj
 0001:00026010       ??4?$TCorArray@VCCpjGeoMount@@@@QAEAAV0@AAV0@@Z 10027010 f i CpjFrm.obj
 0001:00026160       ??1OCpjGeometry@@UAE@XZ    10027160 f i CpjFrm.obj
 0001:00026230       ??1?$TCorArray@VCCpjGeoMount@@@@QAE@XZ 10027230 f i CpjFrm.obj
 0001:000262c0       ?Purge@?$TCorArray@VCCpjGeoMount@@@@QAEXXZ 100272c0 f i CpjFrm.obj
 0001:00026310       ?Remove@?$TCorArray@VCCpjGeoMount@@@@QAEXKK@Z 10027310 f i CpjFrm.obj
 0001:00026390       ??_GOCpjGeometry@@UAEPAXI@Z 10027390 f i CpjFrm.obj
 0001:00026400       ??_EOCpjGeometry@@UAEPAXI@Z 10027400 f i CpjFrm.obj
 0001:000264c0       ??2OCpjSurface@@CAPAXIPAVOObject@@PAVCObjClass@@@Z 100274c0 f i CpjFrm.obj
 0001:00026570       ??3OCpjSurface@@CAXPAX@Z   10027570 f i CpjFrm.obj
 0001:000265f0       ??3OCpjSurface@@CAXPAXPAVOObject@@PAVCObjClass@@@Z 100275f0 f i CpjFrm.obj
 0001:00026670       ?GetStaticClass@OCpjSurface@@SAPAVCObjClass@@XZ 10027670 f i CpjFrm.obj
 0001:000266a0       ?New@OCpjSurface@@SAPAV1@PAVOObject@@PAVCObjClass@@@Z 100276a0 f i CpjFrm.obj
 0001:00026790       ?GetClass@OCpjSurface@@UAEPAVCObjClass@@XZ 10027790 f i CpjFrm.obj
 0001:000267d0       ?GetFileExtension@OCpjSurface@@UAEPADXZ 100277d0 f i CpjFrm.obj
 0001:00026810       ?GetFileDescription@OCpjSurface@@UAEPADXZ 10027810 f i CpjFrm.obj
 0001:00026850       ??0OCpjSurface@@QAE@XZ     10027850 f i CpjFrm.obj
 0001:00026920       ??0?$TCorArray@VCCpjSrfTex@@@@QAE@K@Z 10027920 f i CpjFrm.obj
 0001:00026980       ??1?$TCorArray@VCCpjSrfTex@@@@QAE@XZ 10027980 f i CpjFrm.obj
 0001:00026a10       ??0?$TCorArray@VCCpjSrfTri@@@@QAE@K@Z 10027a10 f i CpjFrm.obj
 0001:00026a70       ??1?$TCorArray@VCCpjSrfTri@@@@QAE@XZ 10027a70 f i CpjFrm.obj
 0001:00026b00       ??0?$TCorArray@VVVec2@@@@QAE@K@Z 10027b00 f i CpjFrm.obj
 0001:00026b60       ?Purge@?$TCorArray@VCCpjSrfTex@@@@QAEXXZ 10027b60 f i CpjFrm.obj
 0001:00026bb0       ?Purge@?$TCorArray@VCCpjSrfTri@@@@QAEXXZ 10027bb0 f i CpjFrm.obj
 0001:00026c00       ?Remove@?$TCorArray@VCCpjSrfTex@@@@QAEXKK@Z 10027c00 f i CpjFrm.obj
 0001:00026c80       ?Remove@?$TCorArray@VCCpjSrfTri@@@@QAEXKK@Z 10027c80 f i CpjFrm.obj
 0001:00026d00       ??0OCpjSurface@@QAE@AAV0@@Z 10027d00 f i CpjFrm.obj
 0001:00026de0       ??0?$TCorArray@VCCpjSrfTex@@@@QAE@AAV0@@Z 10027de0 f i CpjFrm.obj
 0001:00026f30       ??0?$TCorArray@VCCpjSrfTri@@@@QAE@AAV0@@Z 10027f30 f i CpjFrm.obj
 0001:00027080       ??0?$TCorArray@VVVec2@@@@QAE@AAV0@@Z 10028080 f i CpjFrm.obj
 0001:000271c0       ??0VVec2@@QAE@ABV0@@Z      100281c0 f i CpjFrm.obj
 0001:00027210       ??A?$TCorArray@VCCpjSrfTex@@@@QAEAAVCCpjSrfTex@@H@Z 10028210 f i CpjFrm.obj
 0001:00027260       ?AddNoConstruct@?$TCorArray@VCCpjSrfTex@@@@QAEKK@Z 10028260 f i CpjFrm.obj
 0001:00027300       ??A?$TCorArray@VCCpjSrfTri@@@@QAEAAVCCpjSrfTri@@H@Z 10028300 f i CpjFrm.obj
 0001:00027340       ?AddNoConstruct@?$TCorArray@VCCpjSrfTri@@@@QAEKK@Z 10028340 f i CpjFrm.obj
 0001:000273e0       ??A?$TCorArray@VVVec2@@@@QAEAAVVVec2@@H@Z 100283e0 f i CpjFrm.obj
 0001:00027420       ?AddNoConstruct@?$TCorArray@VVVec2@@@@QAEKK@Z 10028420 f i CpjFrm.obj
 0001:000274c0       ??4OCpjSurface@@QAEAAV0@AAV0@@Z 100284c0 f i CpjFrm.obj
 0001:00027560       ??4?$TCorArray@VCCpjSrfTex@@@@QAEAAV0@AAV0@@Z 10028560 f i CpjFrm.obj
 0001:000276c0       ??4?$TCorArray@VCCpjSrfTri@@@@QAEAAV0@AAV0@@Z 100286c0 f i CpjFrm.obj
 0001:00027820       ??4?$TCorArray@VVVec2@@@@QAEAAV0@AAV0@@Z 10028820 f i CpjFrm.obj
 0001:00027970       ??1OCpjSurface@@UAE@XZ     10028970 f i CpjFrm.obj
 0001:00027a20       ??1?$TCorArray@VVVec2@@@@QAE@XZ 10028a20 f i CpjFrm.obj
 0001:00027ab0       ?Purge@?$TCorArray@VVVec2@@@@QAEXXZ 10028ab0 f i CpjFrm.obj
 0001:00027b00       ?Remove@?$TCorArray@VVVec2@@@@QAEXKK@Z 10028b00 f i CpjFrm.obj
 0001:00027b80       ??_GOCpjSurface@@UAEPAXI@Z 10028b80 f i CpjFrm.obj
 0001:00027bf0       ??_EOCpjSurface@@UAEPAXI@Z 10028bf0 f i CpjFrm.obj
 0001:00027cb0       ??2OCpjLodData@@CAPAXIPAVOObject@@PAVCObjClass@@@Z 10028cb0 f i CpjFrm.obj
 0001:00027d60       ??3OCpjLodData@@CAXPAX@Z   10028d60 f i CpjFrm.obj
 0001:00027de0       ??3OCpjLodData@@CAXPAXPAVOObject@@PAVCObjClass@@@Z 10028de0 f i CpjFrm.obj
 0001:00027e60       ?GetStaticClass@OCpjLodData@@SAPAVCObjClass@@XZ 10028e60 f i CpjFrm.obj
 0001:00027e90       ?New@OCpjLodData@@SAPAV1@PAVOObject@@PAVCObjClass@@@Z 10028e90 f i CpjFrm.obj
 0001:00027f80       ?GetClass@OCpjLodData@@UAEPAVCObjClass@@XZ 10028f80 f i CpjFrm.obj
 0001:00027fc0       ?GetFileExtension@OCpjLodData@@UAEPADXZ 10028fc0 f i CpjFrm.obj
 0001:00028000       ?GetFileDescription@OCpjLodData@@UAEPADXZ 10029000 f i CpjFrm.obj
 0001:00028040       ??0OCpjLodData@@QAE@XZ     10029040 f i CpjFrm.obj
 0001:000280e0       ??0?$TCorArray@VCCpjLodLevel@@@@QAE@K@Z 100290e0 f i CpjFrm.obj
 0001:00028140       ??0OCpjLodData@@QAE@AAV0@@Z 10029140 f i CpjFrm.obj
 0001:000281f0       ??0?$TCorArray@VCCpjLodLevel@@@@QAE@AAV0@@Z 100291f0 f i CpjFrm.obj
 0001:00028330       ??0CCpjLodLevel@@QAE@AAV0@@Z 10029330 f i CpjFrm.obj
 0001:000283f0       ??1?$TCorArray@G@@QAE@XZ   100293f0 f i CpjFrm.obj
 0001:00028480       ??0?$TCorArray@G@@QAE@AAV0@@Z 10029480 f i CpjFrm.obj
 0001:000285c0       ?Purge@?$TCorArray@G@@QAEXXZ 100295c0 f i CpjFrm.obj
 0001:00028610       ??0?$TCorArray@VCCpjLodTri@@@@QAE@AAV0@@Z 10029610 f i CpjFrm.obj
 0001:00028760       ??A?$TCorArray@VCCpjLodLevel@@@@QAEAAVCCpjLodLevel@@H@Z 10029760 f i CpjFrm.obj
 0001:000287a0       ?AddNoConstruct@?$TCorArray@VCCpjLodLevel@@@@QAEKK@Z 100297a0 f i CpjFrm.obj
 0001:00028840       ??A?$TCorArray@G@@QAEAAGH@Z 10029840 f i CpjFrm.obj
 0001:00028880       ?AddNoConstruct@?$TCorArray@G@@QAEKK@Z 10029880 f i CpjFrm.obj
 0001:00028920       ?Remove@?$TCorArray@G@@QAEXKK@Z 10029920 f i CpjFrm.obj
 0001:000289a0       ??A?$TCorArray@VCCpjLodTri@@@@QAEAAVCCpjLodTri@@H@Z 100299a0 f i CpjFrm.obj
 0001:000289e0       ?AddNoConstruct@?$TCorArray@VCCpjLodTri@@@@QAEKK@Z 100299e0 f i CpjFrm.obj
 0001:00028a80       ??4OCpjLodData@@QAEAAV0@AAV0@@Z 10029a80 f i CpjFrm.obj
 0001:00028af0       ??4?$TCorArray@VCCpjLodLevel@@@@QAEAAV0@AAV0@@Z 10029af0 f i CpjFrm.obj
 0001:00028c40       ??1OCpjLodData@@UAE@XZ     10029c40 f i CpjFrm.obj
 0001:00028cd0       ??1?$TCorArray@VCCpjLodLevel@@@@QAE@XZ 10029cd0 f i CpjFrm.obj
 0001:00028d60       ?Purge@?$TCorArray@VCCpjLodLevel@@@@QAEXXZ 10029d60 f i CpjFrm.obj
 0001:00028db0       ?Remove@?$TCorArray@VCCpjLodLevel@@@@QAEXKK@Z 10029db0 f i CpjFrm.obj
 0001:00028e50       ??_GCCpjLodLevel@@QAEPAXI@Z 10029e50 f i CpjFrm.obj
 0001:00028ec0       ??1CCpjLodLevel@@QAE@XZ    10029ec0 f i CpjFrm.obj
 0001:00028f50       ??1?$TCorArray@VCCpjLodTri@@@@QAE@XZ 10029f50 f i CpjFrm.obj
 0001:00028fe0       ?Purge@?$TCorArray@VCCpjLodTri@@@@QAEXXZ 10029fe0 f i CpjFrm.obj
 0001:00029030       ?Remove@?$TCorArray@VCCpjLodTri@@@@QAEXKK@Z 1002a030 f i CpjFrm.obj
 0001:000290b0       ??_GOCpjLodData@@UAEPAXI@Z 1002a0b0 f i CpjFrm.obj
 0001:00029120       ??_EOCpjLodData@@UAEPAXI@Z 1002a120 f i CpjFrm.obj
 0001:000291e0       ??2OCpjSkeleton@@CAPAXIPAVOObject@@PAVCObjClass@@@Z 1002a1e0 f i CpjFrm.obj
 0001:00029290       ??3OCpjSkeleton@@CAXPAX@Z  1002a290 f i CpjFrm.obj
 0001:00029310       ??3OCpjSkeleton@@CAXPAXPAVOObject@@PAVCObjClass@@@Z 1002a310 f i CpjFrm.obj
 0001:00029390       ?GetStaticClass@OCpjSkeleton@@SAPAVCObjClass@@XZ 1002a390 f i CpjFrm.obj
 0001:000293c0       ?New@OCpjSkeleton@@SAPAV1@PAVOObject@@PAVCObjClass@@@Z 1002a3c0 f i CpjFrm.obj
 0001:000294b0       ?GetClass@OCpjSkeleton@@UAEPAVCObjClass@@XZ 1002a4b0 f i CpjFrm.obj
 0001:000294f0       ?GetFileExtension@OCpjSkeleton@@UAEPADXZ 1002a4f0 f i CpjFrm.obj
 0001:00029530       ?GetFileDescription@OCpjSkeleton@@UAEPADXZ 1002a530 f i CpjFrm.obj
 0001:00029570       ??0OCpjSkeleton@@QAE@XZ    1002a570 f i CpjFrm.obj
 0001:00029640       ??0?$TCorArray@VCCpjSklBone@@@@QAE@K@Z 1002a640 f i CpjFrm.obj
 0001:000296a0       ??1?$TCorArray@VCCpjSklBone@@@@QAE@XZ 1002a6a0 f i CpjFrm.obj
 0001:00029730       ??0?$TCorArray@VCCpjSklVert@@@@QAE@K@Z 1002a730 f i CpjFrm.obj
 0001:00029790       ??1?$TCorArray@VCCpjSklVert@@@@QAE@XZ 1002a790 f i CpjFrm.obj
 0001:00029820       ??0?$TCorArray@VCCpjSklMount@@@@QAE@K@Z 1002a820 f i CpjFrm.obj
 0001:00029880       ?Purge@?$TCorArray@VCCpjSklBone@@@@QAEXXZ 1002a880 f i CpjFrm.obj
 0001:000298d0       ?Purge@?$TCorArray@VCCpjSklVert@@@@QAEXXZ 1002a8d0 f i CpjFrm.obj
 0001:00029920       ?Remove@?$TCorArray@VCCpjSklBone@@@@QAEXKK@Z 1002a920 f i CpjFrm.obj
 0001:000299c0       ??A?$TCorArray@VCCpjSklBone@@@@QAEAAVCCpjSklBone@@H@Z 1002a9c0 f i CpjFrm.obj
 0001:00029a00       ?Remove@?$TCorArray@VCCpjSklVert@@@@QAEXKK@Z 1002aa00 f i CpjFrm.obj
 0001:00029aa0       ??A?$TCorArray@VCCpjSklVert@@@@QAEAAVCCpjSklVert@@H@Z 1002aaa0 f i CpjFrm.obj
 0001:00029ae0       ??_GCCpjSklBone@@QAEPAXI@Z 1002aae0 f i CpjFrm.obj
 0001:00029b50       ??_GCCpjSklVert@@QAEPAXI@Z 1002ab50 f i CpjFrm.obj
 0001:00029bc0       ??1CCpjSklBone@@QAE@XZ     1002abc0 f i CpjFrm.obj
 0001:00029c10       ??1CCpjSklVert@@QAE@XZ     1002ac10 f i CpjFrm.obj
 0001:00029c60       ??1?$TCorArray@VCCpjSklWeight@@@@QAE@XZ 1002ac60 f i CpjFrm.obj
 0001:00029cf0       ?Purge@?$TCorArray@VCCpjSklWeight@@@@QAEXXZ 1002acf0 f i CpjFrm.obj
 0001:00029d40       ?Remove@?$TCorArray@VCCpjSklWeight@@@@QAEXKK@Z 1002ad40 f i CpjFrm.obj
 0001:00029dc0       ??0OCpjSkeleton@@QAE@AAV0@@Z 1002adc0 f i CpjFrm.obj
 0001:00029ea0       ??0?$TCorArray@VCCpjSklBone@@@@QAE@AAV0@@Z 1002aea0 f i CpjFrm.obj
 0001:00029fe0       ??0?$TCorArray@VCCpjSklVert@@@@QAE@AAV0@@Z 1002afe0 f i CpjFrm.obj
 0001:0002a120       ??0?$TCorArray@VCCpjSklMount@@@@QAE@AAV0@@Z 1002b120 f i CpjFrm.obj
 0001:0002a260       ??0CCpjSklBone@@QAE@ABV0@@Z 1002b260 f i CpjFrm.obj
 0001:0002a330       ??0CCpjSklVert@@QAE@AAV0@@Z 1002b330 f i CpjFrm.obj
 0001:0002a380       ??0CCpjSklMount@@QAE@ABV0@@Z 1002b380 f i CpjFrm.obj
 0001:0002a430       ??0?$TCorArray@VCCpjSklWeight@@@@QAE@AAV0@@Z 1002b430 f i CpjFrm.obj
 0001:0002a570       ?AddNoConstruct@?$TCorArray@VCCpjSklBone@@@@QAEKK@Z 1002b570 f i CpjFrm.obj
 0001:0002a610       ?AddNoConstruct@?$TCorArray@VCCpjSklVert@@@@QAEKK@Z 1002b610 f i CpjFrm.obj
 0001:0002a6b0       ??A?$TCorArray@VCCpjSklMount@@@@QAEAAVCCpjSklMount@@H@Z 1002b6b0 f i CpjFrm.obj
 0001:0002a6f0       ?AddNoConstruct@?$TCorArray@VCCpjSklMount@@@@QAEKK@Z 1002b6f0 f i CpjFrm.obj
 0001:0002a790       ??0CCpjSklWeight@@QAE@ABV0@@Z 1002b790 f i CpjFrm.obj
 0001:0002a810       ??A?$TCorArray@VCCpjSklWeight@@@@QAEAAVCCpjSklWeight@@H@Z 1002b810 f i CpjFrm.obj
 0001:0002a850       ?AddNoConstruct@?$TCorArray@VCCpjSklWeight@@@@QAEKK@Z 1002b850 f i CpjFrm.obj
 0001:0002a8f0       ??4OCpjSkeleton@@QAEAAV0@AAV0@@Z 1002b8f0 f i CpjFrm.obj
 0001:0002a990       ??4?$TCorArray@VCCpjSklBone@@@@QAEAAV0@AAV0@@Z 1002b990 f i CpjFrm.obj
 0001:0002aae0       ??4?$TCorArray@VCCpjSklVert@@@@QAEAAV0@AAV0@@Z 1002bae0 f i CpjFrm.obj
 0001:0002ac30       ??4?$TCorArray@VCCpjSklMount@@@@QAEAAV0@AAV0@@Z 1002bc30 f i CpjFrm.obj
 0001:0002ad80       ??1OCpjSkeleton@@UAE@XZ    1002bd80 f i CpjFrm.obj
 0001:0002ae30       ??1?$TCorArray@VCCpjSklMount@@@@QAE@XZ 1002be30 f i CpjFrm.obj
 0001:0002aec0       ?Purge@?$TCorArray@VCCpjSklMount@@@@QAEXXZ 1002bec0 f i CpjFrm.obj
 0001:0002af10       ?Remove@?$TCorArray@VCCpjSklMount@@@@QAEXKK@Z 1002bf10 f i CpjFrm.obj
 0001:0002afb0       ??_GCCpjSklMount@@QAEPAXI@Z 1002bfb0 f i CpjFrm.obj
 0001:0002b020       ??1CCpjSklMount@@QAE@XZ    1002c020 f i CpjFrm.obj
 0001:0002b070       ??_GOCpjSkeleton@@UAEPAXI@Z 1002c070 f i CpjFrm.obj
 0001:0002b0e0       ??_EOCpjSkeleton@@UAEPAXI@Z 1002c0e0 f i CpjFrm.obj
 0001:0002b1a0       ??0CCpjFrmGroup@@QAE@XZ    1002c1a0 f i CpjFrm.obj
 0001:0002b240       ??0CCpjFrmFrame@@QAE@XZ    1002c240 f i CpjFrm.obj
 0001:0002b390       ??0?$TCorArray@VCCpjFrmGroup@@@@QAE@K@Z 1002c390 f i CpjFrm.obj
 0001:0002b3f0       ??1?$TCorArray@VCCpjFrmGroup@@@@QAE@XZ 1002c3f0 f i CpjFrm.obj
 0001:0002b480       ??0?$TCorArray@VCCpjFrmBytePos@@@@QAE@K@Z 1002c480 f i CpjFrm.obj
 0001:0002b4e0       ??1?$TCorArray@VCCpjFrmBytePos@@@@QAE@XZ 1002c4e0 f i CpjFrm.obj
 0001:0002b570       ??0?$TCorArray@VVVec3@@@@QAE@K@Z 1002c570 f i CpjFrm.obj
 0001:0002b5d0       ??1?$TCorArray@VVVec3@@@@QAE@XZ 1002c5d0 f i CpjFrm.obj
 0001:0002b660       ??0CCpjFrmFrame@@QAE@AAV0@@Z 1002c660 f i CpjFrm.obj
 0001:0002b7b0       ??0?$TCorArray@VCCpjFrmGroup@@@@QAE@AAV0@@Z 1002c7b0 f i CpjFrm.obj
 0001:0002b8f0       ??0?$TCorArray@VCCpjFrmBytePos@@@@QAE@AAV0@@Z 1002c8f0 f i CpjFrm.obj
 0001:0002ba30       ??0?$TCorArray@VVVec3@@@@QAE@AAV0@@Z 1002ca30 f i CpjFrm.obj
 0001:0002bb70       ??0CCpjFrmGroup@@QAE@ABV0@@Z 1002cb70 f i CpjFrm.obj
 0001:0002bbe0       ??4CCpjFrmFrame@@QAEAAV0@AAV0@@Z 1002cbe0 f i CpjFrm.obj
 0001:0002bce0       ??4?$TCorArray@VCCpjFrmGroup@@@@QAEAAV0@AAV0@@Z 1002cce0 f i CpjFrm.obj
 0001:0002be30       ??4?$TCorArray@VCCpjFrmBytePos@@@@QAEAAV0@AAV0@@Z 1002ce30 f i CpjFrm.obj
 0001:0002bf80       ??4?$TCorArray@VVVec3@@@@QAEAAV0@AAV0@@Z 1002cf80 f i CpjFrm.obj
 0001:0002c0d0       ??1CCpjFrmFrame@@QAE@XZ    1002d0d0 f i CpjFrm.obj
 0001:0002c180       ??2OCpjFrames@@CAPAXIPAVOObject@@PAVCObjClass@@@Z 1002d180 f i CpjFrm.obj
 0001:0002c230       ??3OCpjFrames@@CAXPAX@Z    1002d230 f i CpjFrm.obj
 0001:0002c2b0       ??3OCpjFrames@@CAXPAXPAVOObject@@PAVCObjClass@@@Z 1002d2b0 f i CpjFrm.obj
 0001:0002c330       ?GetStaticClass@OCpjFrames@@SAPAVCObjClass@@XZ 1002d330 f i CpjFrm.obj
 0001:0002c360       ?New@OCpjFrames@@SAPAV1@PAVOObject@@PAVCObjClass@@@Z 1002d360 f i CpjFrm.obj
 0001:0002c450       ?GetClass@OCpjFrames@@UAEPAVCObjClass@@XZ 1002d450 f i CpjFrm.obj
 0001:0002c490       ?Create@OCpjFrames@@UAEXXZ 1002d490 f i CpjFrm.obj
 0001:0002c530       ?GetFileExtension@OCpjFrames@@UAEPADXZ 1002d530 f i CpjFrm.obj
 0001:0002c570       ?GetFileDescription@OCpjFrames@@UAEPADXZ 1002d570 f i CpjFrm.obj
 0001:0002c5b0       ??0OCpjFrames@@QAE@XZ      1002d5b0 f i CpjFrm.obj
 0001:0002c670       ??0?$TCorArray@VCCpjFrmFrame@@@@QAE@K@Z 1002d670 f i CpjFrm.obj
 0001:0002c6d0       ??0OCpjFrames@@QAE@AAV0@@Z 1002d6d0 f i CpjFrm.obj
 0001:0002c7d0       ??0?$TCorArray@VCCpjFrmFrame@@@@QAE@AAV0@@Z 1002d7d0 f i CpjFrm.obj
 0001:0002c910       ??4OCpjFrames@@QAEAAV0@AAV0@@Z 1002d910 f i CpjFrm.obj
 0001:0002c9c0       ??4?$TCorArray@VCCpjFrmFrame@@@@QAEAAV0@AAV0@@Z 1002d9c0 f i CpjFrm.obj
 0001:0002cb10       ??1OCpjFrames@@UAE@XZ      1002db10 f i CpjFrm.obj
 0001:0002cba0       ??1?$TCorArray@VCCpjFrmFrame@@@@QAE@XZ 1002dba0 f i CpjFrm.obj
 0001:0002cc30       ??_GOCpjFrames@@UAEPAXI@Z  1002dc30 f i CpjFrm.obj
 0001:0002cca0       ??_EOCpjFrames@@UAEPAXI@Z  1002dca0 f i CpjFrm.obj
 0001:0002cd60       ??2OCpjSequence@@CAPAXIPAVOObject@@PAVCObjClass@@@Z 1002dd60 f i CpjFrm.obj
 0001:0002ce10       ??3OCpjSequence@@CAXPAX@Z  1002de10 f i CpjFrm.obj
 0001:0002ce90       ??3OCpjSequence@@CAXPAXPAVOObject@@PAVCObjClass@@@Z 1002de90 f i CpjFrm.obj
 0001:0002cf10       ?GetStaticClass@OCpjSequence@@SAPAVCObjClass@@XZ 1002df10 f i CpjFrm.obj
 0001:0002cf40       ?New@OCpjSequence@@SAPAV1@PAVOObject@@PAVCObjClass@@@Z 1002df40 f i CpjFrm.obj
 0001:0002d030       ?GetClass@OCpjSequence@@UAEPAVCObjClass@@XZ 1002e030 f i CpjFrm.obj
 0001:0002d070       ?Create@OCpjSequence@@UAEXXZ 1002e070 f i CpjFrm.obj
 0001:0002d0c0       ?GetFileExtension@OCpjSequence@@UAEPADXZ 1002e0c0 f i CpjFrm.obj
 0001:0002d100       ?GetFileDescription@OCpjSequence@@UAEPADXZ 1002e100 f i CpjFrm.obj
 0001:0002d140       ??0OCpjSequence@@QAE@XZ    1002e140 f i CpjFrm.obj
 0001:0002d210       ??0?$TCorArray@VCCpjSeqFrame@@@@QAE@K@Z 1002e210 f i CpjFrm.obj
 0001:0002d270       ??1?$TCorArray@VCCpjSeqFrame@@@@QAE@XZ 1002e270 f i CpjFrm.obj
 0001:0002d300       ??0?$TCorArray@VCCpjSeqEvent@@@@QAE@K@Z 1002e300 f i CpjFrm.obj
 0001:0002d360       ??1?$TCorArray@VCCpjSeqEvent@@@@QAE@XZ 1002e360 f i CpjFrm.obj
 0001:0002d3f0       ??0?$TCorArray@VCCpjSeqBoneInfo@@@@QAE@K@Z 1002e3f0 f i CpjFrm.obj
 0001:0002d450       ?Purge@?$TCorArray@VCCpjSeqFrame@@@@QAEXXZ 1002e450 f i CpjFrm.obj
 0001:0002d4a0       ?Purge@?$TCorArray@VCCpjSeqEvent@@@@QAEXXZ 1002e4a0 f i CpjFrm.obj
 0001:0002d4f0       ?Remove@?$TCorArray@VCCpjSeqFrame@@@@QAEXKK@Z 1002e4f0 f i CpjFrm.obj
 0001:0002d590       ??A?$TCorArray@VCCpjSeqFrame@@@@QAEAAVCCpjSeqFrame@@H@Z 1002e590 f i CpjFrm.obj
 0001:0002d5d0       ?Remove@?$TCorArray@VCCpjSeqEvent@@@@QAEXKK@Z 1002e5d0 f i CpjFrm.obj
 0001:0002d670       ??A?$TCorArray@VCCpjSeqEvent@@@@QAEAAVCCpjSeqEvent@@H@Z 1002e670 f i CpjFrm.obj
 0001:0002d6b0       ??_GCCpjSeqFrame@@QAEPAXI@Z 1002e6b0 f i CpjFrm.obj
 0001:0002d720       ??_GCCpjSeqEvent@@QAEPAXI@Z 1002e720 f i CpjFrm.obj
 0001:0002d790       ??1CCpjSeqFrame@@QAE@XZ    1002e790 f i CpjFrm.obj
 0001:0002d840       ??1?$TCorArray@VCCpjSeqTranslate@@@@QAE@XZ 1002e840 f i CpjFrm.obj
 0001:0002d8d0       ??1?$TCorArray@VCCpjSeqRotate@@@@QAE@XZ 1002e8d0 f i CpjFrm.obj
 0001:0002d960       ??1?$TCorArray@VCCpjSeqScale@@@@QAE@XZ 1002e960 f i CpjFrm.obj
 0001:0002d9f0       ?Purge@?$TCorArray@VCCpjSeqTranslate@@@@QAEXXZ 1002e9f0 f i CpjFrm.obj
 0001:0002da40       ?Purge@?$TCorArray@VCCpjSeqRotate@@@@QAEXXZ 1002ea40 f i CpjFrm.obj
 0001:0002da90       ?Purge@?$TCorArray@VCCpjSeqScale@@@@QAEXXZ 1002ea90 f i CpjFrm.obj
 0001:0002dae0       ?Remove@?$TCorArray@VCCpjSeqTranslate@@@@QAEXKK@Z 1002eae0 f i CpjFrm.obj
 0001:0002db60       ?Remove@?$TCorArray@VCCpjSeqRotate@@@@QAEXKK@Z 1002eb60 f i CpjFrm.obj
 0001:0002dbe0       ?Remove@?$TCorArray@VCCpjSeqScale@@@@QAEXKK@Z 1002ebe0 f i CpjFrm.obj
 0001:0002dc60       ??1CCpjSeqEvent@@QAE@XZ    1002ec60 f i CpjFrm.obj
 0001:0002dcb0       ??0OCpjSequence@@QAE@AAV0@@Z 1002ecb0 f i CpjFrm.obj
 0001:0002dda0       ??0?$TCorArray@VCCpjSeqFrame@@@@QAE@AAV0@@Z 1002eda0 f i CpjFrm.obj
 0001:0002dee0       ??0?$TCorArray@VCCpjSeqEvent@@@@QAE@AAV0@@Z 1002eee0 f i CpjFrm.obj
 0001:0002e020       ??0?$TCorArray@VCCpjSeqBoneInfo@@@@QAE@AAV0@@Z 1002f020 f i CpjFrm.obj
 0001:0002e160       ??0CCpjSeqFrame@@QAE@AAV0@@Z 1002f160 f i CpjFrm.obj
 0001:0002e240       ??0CCpjSeqEvent@@QAE@ABV0@@Z 1002f240 f i CpjFrm.obj
 0001:0002e2c0       ??0CCpjSeqBoneInfo@@QAE@ABV0@@Z 1002f2c0 f i CpjFrm.obj
 0001:0002e320       ??0?$TCorArray@VCCpjSeqTranslate@@@@QAE@AAV0@@Z 1002f320 f i CpjFrm.obj
 0001:0002e460       ??0?$TCorArray@VCCpjSeqRotate@@@@QAE@AAV0@@Z 1002f460 f i CpjFrm.obj
 0001:0002e5a0       ??0?$TCorArray@VCCpjSeqScale@@@@QAE@AAV0@@Z 1002f5a0 f i CpjFrm.obj
 0001:0002e6e0       ?AddNoConstruct@?$TCorArray@VCCpjSeqFrame@@@@QAEKK@Z 1002f6e0 f i CpjFrm.obj
 0001:0002e780       ?AddNoConstruct@?$TCorArray@VCCpjSeqEvent@@@@QAEKK@Z 1002f780 f i CpjFrm.obj
 0001:0002e820       ??A?$TCorArray@VCCpjSeqBoneInfo@@@@QAEAAVCCpjSeqBoneInfo@@H@Z 1002f820 f i CpjFrm.obj
 0001:0002e860       ?AddNoConstruct@?$TCorArray@VCCpjSeqBoneInfo@@@@QAEKK@Z 1002f860 f i CpjFrm.obj
 0001:0002e900       ??0CCpjSeqTranslate@@QAE@ABV0@@Z 1002f900 f i CpjFrm.obj
 0001:0002e980       ??0CCpjSeqRotate@@QAE@ABV0@@Z 1002f980 f i CpjFrm.obj
 0001:0002ea20       ??0VQuat3@@QAE@ABV0@@Z     1002fa20 f i CpjFrm.obj
 0001:0002ea90       ??0CCpjSeqScale@@QAE@ABV0@@Z 1002fa90 f i CpjFrm.obj
 0001:0002eb10       ??A?$TCorArray@VCCpjSeqTranslate@@@@QAEAAVCCpjSeqTranslate@@H@Z 1002fb10 f i CpjFrm.obj
 0001:0002eb50       ?AddNoConstruct@?$TCorArray@VCCpjSeqTranslate@@@@QAEKK@Z 1002fb50 f i CpjFrm.obj
 0001:0002ebf0       ??A?$TCorArray@VCCpjSeqRotate@@@@QAEAAVCCpjSeqRotate@@H@Z 1002fbf0 f i CpjFrm.obj
 0001:0002ec30       ?AddNoConstruct@?$TCorArray@VCCpjSeqRotate@@@@QAEKK@Z 1002fc30 f i CpjFrm.obj
 0001:0002ecd0       ??A?$TCorArray@VCCpjSeqScale@@@@QAEAAVCCpjSeqScale@@H@Z 1002fcd0 f i CpjFrm.obj
 0001:0002ed10       ?AddNoConstruct@?$TCorArray@VCCpjSeqScale@@@@QAEKK@Z 1002fd10 f i CpjFrm.obj
 0001:0002edb0       ??4OCpjSequence@@QAEAAV0@AAV0@@Z 1002fdb0 f i CpjFrm.obj
 0001:0002ee60       ??4?$TCorArray@VCCpjSeqFrame@@@@QAEAAV0@AAV0@@Z 1002fe60 f i CpjFrm.obj
 0001:0002efb0       ??4?$TCorArray@VCCpjSeqEvent@@@@QAEAAV0@AAV0@@Z 1002ffb0 f i CpjFrm.obj
 0001:0002f100       ??4?$TCorArray@VCCpjSeqBoneInfo@@@@QAEAAV0@AAV0@@Z 10030100 f i CpjFrm.obj
 0001:0002f250       ??1OCpjSequence@@UAE@XZ    10030250 f i CpjFrm.obj
 0001:0002f300       ??1?$TCorArray@VCCpjSeqBoneInfo@@@@QAE@XZ 10030300 f i CpjFrm.obj
 0001:0002f390       ?Purge@?$TCorArray@VCCpjSeqBoneInfo@@@@QAEXXZ 10030390 f i CpjFrm.obj
[...]
 0003:00043d04       ?FrameCount@OMacActor@@2KA 1019dd04     MacMain.obj
 0003:00043d08       ?Evaluations@OMacActor@@2KA 1019dd08     MacMain.obj
 0003:0004c950       ?OWinTreeViewItem_objClassInstance@@3VCObjClass@@A 101a6950     WinCtrl.obj
 0003:0004c974       ?OWinTreeView_objClassInstance@@3VCObjClass@@A 101a6974     WinCtrl.obj
 0003:0004c998       ?OWinImageList_objClassInstance@@3VCObjClass@@A 101a6998     WinCtrl.obj
 0003:0004e9c0       ?staticObjClass@OWinTreeViewItem@@0PAVCObjClass@@A 101a89c0     WinCtrl.obj
 0003:0004edc8       ?staticObjClass@OWinTreeView@@0PAVCObjClass@@A 101a8dc8     WinCtrl.obj
 0003:0004edcc       ?staticObjClass@OWinImageList@@0PAVCObjClass@@A 101a8dcc     WinCtrl.obj
 0003:0004eddc       ?staticObjClass@OWinWindow@@0PAVCObjClass@@A 101a8ddc     WinCtrl.obj
 0003:000501e8       ?OWinWindow_objClassInstance@@3VCObjClass@@A 101aa1e8     WinCtrl.obj
 0003:00050e70       ?s_mrgMrgFaceSet@@3U_mrgMrgFaceSet@@A 101aae70     Mrgd:faceset.obj
 0003:00050e78       ?kUndefTexCoord@MrgVertexData@@2VMrgCoord2Df@@B 101aae78     Mrgd:vdata.obj
 0003:00050e80       ?s_mrgMrgVertexData@@3U_mrgMrgVertexData@@A 101aae80     Mrgd:vdata.obj
 0003:00050e84       ?s_mrgMrgModel@@3U_mrgMrgModel@@A 101aae84     Mrgd:model.obj
 0003:00050e88       ?gMrgFileVersion@@3KA      101aae88     Mrgd:model.obj
 0003:00050e8c       ?gMRGSaveDict@@3PAVMrgSaveDict@@A 101aae8c     Mrgd:model.obj
 0003:00050e90       ?sSaveStreamed@MrgModel@@2EA 101aae90     Mrgd:model.obj
 0003:00050e94       ?s_mrgMrgHier@@3U_mrgMrgHier@@A 101aae94     Mrgd:hier.obj
 0003:00050e98       ?sCopyDict@MrgHier@@1PAVMrgCopyDict@@A 101aae98     Mrgd:hier.obj
 0003:00050ea0       ?sIdentity@MrgMatrix@@1V1@A 101aaea0     Mrgd:matrix.obj
 0003:00050ee8       ?sManager@MrgResHistory@@0VMrgResHistoryMgr@1@A 101aaee8     Mrgd:reshistory.obj
 0003:00050ef4       ?s_mrgMrgNdFaceSet@@3U_mrgMrgNdFaceSet@@A 101aaef4     Mrgd:ndfaceset.obj
 0003:00050f00       ?s_mrgMrgPixmapRef@@3U_mrgMrgPixmapRef@@A 101aaf00     Mrgd:pixmap.obj
 0003:00050f04       ?sRefs@MrgPixmapRef@@1PAPAV1@A 101aaf04     Mrgd:pixmap.obj
 0003:00050f08       ?sNumRefs@MrgPixmapRef@@1GA 101aaf08     Mrgd:pixmap.obj
 0003:00050f0c       ?sSaveInline@MrgPixmap@@2EA 101aaf0c     Mrgd:pixmap.obj
 0003:00050f10       ?sIdentity@MrgRotation@@1V1@B 101aaf10     Mrgd:rotation.obj
 0003:00050f20       ?v@?1??ReadDword@ICorStreamRead@@QAEKXZ@4KA 101aaf20     <common>
 0003:00050ff9       ?v@?1??ReadByte@ICorStreamRead@@QAEEXZ@4EA 101aaff9     <common>
 0003:00051000       ?v@?1??ReadString@ICorStreamRead@@QAEPADXZ@4PADA 101ab000     <common>
 0003:00051400       ?prodArray@?1??SortStateProductions@parseState_t@@QAEXXZ@4PAPAVparseStateProd_t@@A 101ab400     <common>
 0003:00052d20       ?buf@?7??ResolveProductionItemRules@parser_t@@QAEXXZ@4PADA 101acd20     <common>
 0003:00053120       ?namebuf@?P@??ResolveProductionItemRules@parser_t@@QAEXXZ@4PADA 101ad120     <common>
 0003:00053220       ?token@?1??GetNonTerminalEventCount@parser_t@@QAEKPAD@Z@4USLexToken@@A 101ad220     <common>
 0003:00053240       ?events@?1??RegisterProd@parser_t@@UAA_NPAD0ZZ@4PAP6AXPAVIPrsNode@@PAPAV3@@ZA 101ad240     <common>
 0003:00053640       ?token@?1??RegisterNonTerminal@parser_t@@QAEXPAD0PAP6AXPAVIPrsNode@@PAPAV3@@Z@Z@4USLexToken@@A 101ad640     <common>
 0003:00053660       ?tempTokens@?1??RegisterNonTerminal@parser_t@@QAEXPAD0PAP6AXPAVIPrsNode@@PAPAV3@@Z@Z@4PAUSLexToken@@A 101ad660     <common>
 0003:00054a60       ??_B?1??GetTokenNFA@lexer_t@@QAEK_NPAUSLexToken@@@Z@51 101aea60     <common>
 0003:00122a70       ?nodeSet@?1??GetTokenNFA@lexer_t@@QAEK_NPAUSLexToken@@@Z@4VbitSet_t@@A 1027ca70     <common>
 0003:00122a7c       ??_B?1??ComputeMove@lexer_t@@QAEXAAVbitSet_t@@E@Z@51 1027ca7c     <common>
 0003:00122a80       ?outSet@?1??ComputeMove@lexer_t@@QAEXAAVbitSet_t@@E@Z@4V3@A 1027ca80     <common>
 0003:00122aa0       ?nodeStack@?1??ComputeEpsilonClosure@lexer_t@@QAEXAAVbitSet_t@@@Z@4PAPAVnfaNode_t@@A 1027caa0     <common>
 0003:00124aa0       ??_B?1??MinimizeDFA@lexer_t@@QAEXXZ@51 1027eaa0     <common>
 0003:00124ac0       ?parts@?1??MinimizeDFA@lexer_t@@QAEXXZ@4VdfaPartitionSet_t@@A 1027eac0     <common>
 0003:00528acc       __adjust_fdiv              10682acc     <common>
 0003:00528ad8       __pRawDllMain              10682ad8     <common>
 0003:00528ae4       ___onexitend               10682ae4     <common>
 0003:00528af4       ___onexitbegin             10682af4     <common>
 0004:00000000       __IMPORT_DESCRIPTOR_KERNEL32 10683000     kernel32:KERNEL32.dll
 0004:00000014       __IMPORT_DESCRIPTOR_USER32 10683014     user32:USER32.dll
 0004:00000028       __IMPORT_DESCRIPTOR_GDI32  10683028     gdi32:GDI32.dll
 0004:0000003c       __IMPORT_DESCRIPTOR_comdlg32 1068303c     comdlg32:comdlg32.dll
 0004:00000050       __IMPORT_DESCRIPTOR_SHELL32 10683050     shell32:SHELL32.dll
 0004:00000064       __IMPORT_DESCRIPTOR_ole32  10683064     ole32:ole32.dll
 0004:00000078       __IMPORT_DESCRIPTOR_COMCTL32 10683078     comctl32:COMCTL32.dll
 0004:0000008c       __IMPORT_DESCRIPTOR_MSVCRTD 1068308c     MSVCRTD:MSVCRTD.dll
 0004:000000a0       __IMPORT_DESCRIPTOR_WINMM  106830a0     winmm:WINMM.dll
 0004:000000b4       __IMPORT_DESCRIPTOR_MSVCIRTD 106830b4     msvcirtd:MSVCIRTD.dll
 0004:000000c8       __NULL_IMPORT_DESCRIPTOR   106830c8     kernel32:KERNEL32.dll
 0004:00000590       __imp__ImageList_Destroy@4 10683590     comctl32:COMCTL32.dll
 0004:00000594       __imp__ImageList_Create@20 10683594     comctl32:COMCTL32.dll
 0004:00000598       __imp__ImageList_Add@12    10683598     comctl32:COMCTL32.dll
 0004:0000059c       __imp__InitCommonControls@0 1068359c     comctl32:COMCTL32.dll
 0004:000005a0       \177COMCTL32_NULL_THUNK_DATA 106835a0     comctl32:COMCTL32.dll
 0004:000005cc       __imp__CreateDIBitmap@24   106835cc     gdi32:GDI32.dll
 0004:000005d0       __imp__DeleteDC@4          106835d0     gdi32:GDI32.dll
 0004:000005d4       __imp__DeleteObject@4      106835d4     gdi32:GDI32.dll
 0004:000005d8       __imp__CreateCompatibleDC@4 106835d8     gdi32:GDI32.dll
 0004:000005dc       __imp__GetDIBits@28        106835dc     gdi32:GDI32.dll
 0004:000005e0       __imp__CreateDIBSection@24 106835e0     gdi32:GDI32.dll
 0004:000005e4       __imp__StretchBlt@44       106835e4     gdi32:GDI32.dll
 0004:000005e8       __imp__SetStretchBltMode@8 106835e8     gdi32:GDI32.dll
 0004:000005ec       __imp__GetObjectA@12       106835ec     gdi32:GDI32.dll
 0004:000005f0       __imp__SelectObject@8      106835f0     gdi32:GDI32.dll
 0004:000005f4       \177GDI32_NULL_THUNK_DATA  106835f4     gdi32:GDI32.dll
 0004:00000628       __imp__QueryPerformanceFrequency@4 10683628     kernel32:KERNEL32.dll
 0004:0000062c       __imp__GetDriveTypeA@4     1068362c     kernel32:KERNEL32.dll
 0004:00000630       __imp__GetCurrentThreadId@0 10683630     kernel32:KERNEL32.dll
 0004:00000634       __imp__SetConsoleTitleA@4  10683634     kernel32:KERNEL32.dll
 0004:00000638       __imp__GetCurrentDirectoryA@8 10683638     kernel32:KERNEL32.dll
 0004:0000063c       __imp__MultiByteToWideChar@24 1068363c     kernel32:KERNEL32.dll
 0004:00000640       __imp__WriteConsoleA@20    10683640     kernel32:KERNEL32.dll
 0004:00000644       __imp__QueryPerformanceCounter@4 10683644     kernel32:KERNEL32.dll
 0004:00000648       __imp__OutputDebugStringA@4 10683648     kernel32:KERNEL32.dll
 0004:0000064c       __imp__AllocConsole@0      1068364c     kernel32:KERNEL32.dll
 0004:00000650       __imp__CloseHandle@4       10683650     kernel32:KERNEL32.dll
 0004:00000654       __imp__FreeConsole@0       10683654     kernel32:KERNEL32.dll
 0004:00000658       __imp__GetStdHandle@4      10683658     kernel32:KERNEL32.dll
 0004:0000065c       __imp__FreeLibrary@4       1068365c     kernel32:KERNEL32.dll
 0004:00000660       __imp__GetModuleHandleA@4  10683660     kernel32:KERNEL32.dll
 0004:00000664       __imp__LoadLibraryA@4      10683664     kernel32:KERNEL32.dll
 0004:00000668       __imp__GetProcAddress@8    10683668     kernel32:KERNEL32.dll
 0004:0000066c       __imp__GetCurrentProcessId@0 1068366c     kernel32:KERNEL32.dll
 0004:00000670       __imp__Sleep@4             10683670     kernel32:KERNEL32.dll
 0004:00000674       __imp__GetVersionExA@4     10683674     kernel32:KERNEL32.dll
 0004:00000678       \177KERNEL32_NULL_THUNK_DATA 10683678     kernel32:KERNEL32.dll
 0004:000006b4       __imp_??_Distrstream@@QAEXXZ 106836b4     msvcirtd:MSVCIRTD.dll
 0004:000006b8       __imp_??_Dofstream@@QAEXXZ 106836b8     msvcirtd:MSVCIRTD.dll
 0004:000006bc       __imp_?endl@@YAAAVostream@@AAV1@@Z 106836bc     msvcirtd:MSVCIRTD.dll
 0004:000006c0       __imp_?cerr@@3Vostream_withassign@@A 106836c0     msvcirtd:MSVCIRTD.dll
 0004:000006c4       __imp_??6ostream@@QAEAAV0@PBD@Z 106836c4     msvcirtd:MSVCIRTD.dll
 0004:000006c8       __imp_??6ostream@@QAEAAV0@P6AAAV0@AAV0@@Z@Z 106836c8     msvcirtd:MSVCIRTD.dll
 0004:000006cc       __imp_?read@istream@@QAEAAV1@PAEH@Z 106836cc     msvcirtd:MSVCIRTD.dll
 0004:000006d0       __imp_?openprot@filebuf@@2HB 106836d0     msvcirtd:MSVCIRTD.dll
 0004:000006d4       __imp_??_Difstream@@QAEXXZ 106836d4     msvcirtd:MSVCIRTD.dll
 0004:000006d8       __imp_?write@ostream@@QAEAAV1@PBEH@Z 106836d8     msvcirtd:MSVCIRTD.dll
 0004:000006dc       __imp_??0istrstream@@QAE@PADH@Z 106836dc     msvcirtd:MSVCIRTD.dll
 0004:000006e0       __imp_??0ofstream@@QAE@PBDHH@Z 106836e0     msvcirtd:MSVCIRTD.dll
 0004:000006e4       __imp_??0ostrstream@@QAE@PADHH@Z 106836e4     msvcirtd:MSVCIRTD.dll
 0004:000006e8       __imp_??_Dostrstream@@QAEXXZ 106836e8     msvcirtd:MSVCIRTD.dll
 0004:000006ec       __imp_??5istream@@QAEAAV0@AAD@Z 106836ec     msvcirtd:MSVCIRTD.dll
 0004:000006f0       __imp_?bad@ios@@QBEHXZ     106836f0     msvcirtd:MSVCIRTD.dll
 0004:000006f4       __imp_??6ostream@@QAEAAV0@D@Z 106836f4     msvcirtd:MSVCIRTD.dll
 0004:000006f8       __imp_?good@ios@@QBEHXZ    106836f8     msvcirtd:MSVCIRTD.dll
 0004:000006fc       __imp_?read@istream@@QAEAAV1@PADH@Z 106836fc     msvcirtd:MSVCIRTD.dll
 0004:00000700       __imp_??0ifstream@@QAE@PBDHH@Z 10683700     msvcirtd:MSVCIRTD.dll
 0004:00000704       __imp_??6ostream@@QAEAAV0@H@Z 10683704     msvcirtd:MSVCIRTD.dll
 0004:00000708       __imp_?peek@istream@@QAEHXZ 10683708     msvcirtd:MSVCIRTD.dll
 0004:0000070c       __imp_??5istream@@QAEAAV0@AAE@Z 1068370c     msvcirtd:MSVCIRTD.dll
 0004:00000710       __imp_?write@ostream@@QAEAAV1@PBDH@Z 10683710     msvcirtd:MSVCIRTD.dll
 0004:00000714       __imp_?clear@ios@@QAEXH@Z  10683714     msvcirtd:MSVCIRTD.dll
 0004:00000718       __imp_?rdstate@ios@@QBEHXZ 10683718     msvcirtd:MSVCIRTD.dll
 0004:0000071c       \177MSVCIRTD_NULL_THUNK_DATA 1068371c     msvcirtd:MSVCIRTD.dll
 0004:0000075c       __imp__strcmp              1068375c     MSVCRTD:MSVCRTD.dll
 0004:00000760       __imp___strupr             10683760     MSVCRTD:MSVCRTD.dll
 0004:00000764       __imp___strlwr             10683764     MSVCRTD:MSVCRTD.dll
 0004:00000768       __imp____CxxFrameHandler   10683768     MSVCRTD:MSVCRTD.dll
 0004:0000076c       __imp__strcat              1068376c     MSVCRTD:MSVCRTD.dll
 0004:00000770       __imp__memset              10683770     MSVCRTD:MSVCRTD.dll
 0004:00000774       __imp___purecall           10683774     MSVCRTD:MSVCRTD.dll
 0004:00000778       __imp__vsprintf            10683778     MSVCRTD:MSVCRTD.dll
 0004:0000077c       __imp___rotl               1068377c     MSVCRTD:MSVCRTD.dll
 0004:00000780       __imp__toupper             10683780     MSVCRTD:MSVCRTD.dll
 0004:00000784       __imp__strrchr             10683784     MSVCRTD:MSVCRTD.dll
 0004:00000788       __imp__strchr              10683788     MSVCRTD:MSVCRTD.dll
 0004:0000078c       __imp___findnext           1068378c     MSVCRTD:MSVCRTD.dll
 0004:00000790       __imp___findfirst          10683790     MSVCRTD:MSVCRTD.dll
 0004:00000794       __imp__memcpy              10683794     MSVCRTD:MSVCRTD.dll
 0004:00000798       __imp__fclose              10683798     MSVCRTD:MSVCRTD.dll
 0004:0000079c       __imp__fflush              1068379c     MSVCRTD:MSVCRTD.dll
 0004:000007a0       __imp__fprintf             106837a0     MSVCRTD:MSVCRTD.dll
 0004:000007a4       __imp__fopen               106837a4     MSVCRTD:MSVCRTD.dll
 0004:000007a8       __imp__sprintf             106837a8     MSVCRTD:MSVCRTD.dll
 0004:000007ac       __imp__printf              106837ac     MSVCRTD:MSVCRTD.dll
 0004:000007b0       __imp_??3@YAXPAX@Z         106837b0     MSVCRTD:MSVCRTD.dll
 0004:000007b4       __imp__strcpy              106837b4     MSVCRTD:MSVCRTD.dll
 0004:000007b8       __imp___msize              106837b8     MSVCRTD:MSVCRTD.dll
 0004:000007bc       __imp__malloc              106837bc     MSVCRTD:MSVCRTD.dll
 0004:000007c0       __imp__realloc             106837c0     MSVCRTD:MSVCRTD.dll
 0004:000007c4       __imp__free                106837c4     MSVCRTD:MSVCRTD.dll
 0004:000007c8       __imp___getcwd             106837c8     MSVCRTD:MSVCRTD.dll
 0004:000007cc       __imp__fseek               106837cc     MSVCRTD:MSVCRTD.dll
 0004:000007d0       __imp__ftell               106837d0     MSVCRTD:MSVCRTD.dll
 0004:000007d4       __imp__strlen              106837d4     MSVCRTD:MSVCRTD.dll
 0004:000007d8       __imp__fwrite              106837d8     MSVCRTD:MSVCRTD.dll
 0004:000007dc       __imp___CxxThrowException@8 106837dc     MSVCRTD:MSVCRTD.dll
 0004:000007e0       __imp__qsort               106837e0     MSVCRTD:MSVCRTD.dll
 0004:000007e4       __imp__atoi                106837e4     MSVCRTD:MSVCRTD.dll
 0004:000007e8       __imp__atof                106837e8     MSVCRTD:MSVCRTD.dll
 0004:000007ec       __imp___ftol               106837ec     MSVCRTD:MSVCRTD.dll
 0004:000007f0       __imp__floor               106837f0     MSVCRTD:MSVCRTD.dll
 0004:000007f4       __imp__time                106837f4     MSVCRTD:MSVCRTD.dll
 0004:000007f8       __imp__memmove             106837f8     MSVCRTD:MSVCRTD.dll
 0004:000007fc       __imp__sqrt                106837fc     MSVCRTD:MSVCRTD.dll
 0004:00000800       __imp__cos                 10683800     MSVCRTD:MSVCRTD.dll
 0004:00000804       __imp__sin                 10683804     MSVCRTD:MSVCRTD.dll
 0004:00000808       __imp___rmdir              10683808     MSVCRTD:MSVCRTD.dll
 0004:0000080c       __imp__remove              1068380c     MSVCRTD:MSVCRTD.dll
 0004:00000810       __imp__rename              10683810     MSVCRTD:MSVCRTD.dll
 0004:00000814       __imp___mkdir              10683814     MSVCRTD:MSVCRTD.dll
 0004:00000818       __imp__atan                10683818     MSVCRTD:MSVCRTD.dll
 0004:0000081c       __imp___finite             1068381c     MSVCRTD:MSVCRTD.dll
 0004:00000820       __imp__acos                10683820     MSVCRTD:MSVCRTD.dll
 0004:00000824       __imp__strncpy             10683824     MSVCRTD:MSVCRTD.dll
 0004:00000828       __imp____dllonexit         10683828     MSVCRTD:MSVCRTD.dll
 0004:0000082c       __imp___onexit             1068382c     MSVCRTD:MSVCRTD.dll
 0004:00000830       __imp_??1type_info@@UAE@XZ 10683830     MSVCRTD:MSVCRTD.dll
 0004:00000834       __imp___except_handler3    10683834     MSVCRTD:MSVCRTD.dll
 0004:00000838       __imp_?terminate@@YAXXZ    10683838     MSVCRTD:MSVCRTD.dll
 0004:0000083c       __imp___free_dbg           1068383c     MSVCRTD:MSVCRTD.dll
 0004:00000840       __imp___initterm           10683840     MSVCRTD:MSVCRTD.dll
 0004:00000844       __imp___malloc_dbg         10683844     MSVCRTD:MSVCRTD.dll
 0004:00000848       __imp___adjust_fdiv        10683848     MSVCRTD:MSVCRTD.dll
 0004:0000084c       __imp__fread               1068384c     MSVCRTD:MSVCRTD.dll
 0004:00000850       __imp___chkesp             10683850     MSVCRTD:MSVCRTD.dll
 0004:00000854       __imp_??2@YAPAXI@Z         10683854     MSVCRTD:MSVCRTD.dll
 0004:00000858       __imp__strnicmp            10683858     MSVCRTD:MSVCRTD.dll
 0004:00000858       __imp___strnicmp           10683858     MSVCRTD:MSVCRTD.dll
 0004:0000085c       __imp__atan2               1068385c     MSVCRTD:MSVCRTD.dll
 0004:00000860       __imp__asin                10683860     MSVCRTD:MSVCRTD.dll
 0004:00000864       __imp__fabs                10683864     MSVCRTD:MSVCRTD.dll
 0004:00000868       __imp__abs                 10683868     MSVCRTD:MSVCRTD.dll
 0004:0000086c       __imp___exit               1068386c     MSVCRTD:MSVCRTD.dll
 0004:00000870       __imp___stricmp            10683870     MSVCRTD:MSVCRTD.dll
 0004:00000870       __imp__stricmp             10683870     MSVCRTD:MSVCRTD.dll
 0004:00000874       \177MSVCRTD_NULL_THUNK_DATA 10683874     MSVCRTD:MSVCRTD.dll
 0004:000008d8       __imp__SHGetMalloc@4       106838d8     shell32:SHELL32.dll
 0004:000008dc       __imp__SHGetDesktopFolder@4 106838dc     shell32:SHELL32.dll
 0004:000008e0       __imp__SHGetPathFromIDListA@8 106838e0     shell32:SHELL32.dll
 0004:000008e4       __imp__SHBrowseForFolderA@4 106838e4     shell32:SHELL32.dll
 0004:000008e8       \177SHELL32_NULL_THUNK_DATA 106838e8     shell32:SHELL32.dll
 0004:00000914       __imp__LoadImageA@24       10683914     user32:USER32.dll
 0004:00000918       __imp__SetWindowTextA@8    10683918     user32:USER32.dll
 0004:0000091c       __imp__LoadMenuA@8         1068391c     user32:USER32.dll
 0004:00000920       __imp__GetSubMenu@8        10683920     user32:USER32.dll
 0004:00000924       __imp__TrackPopupMenu@28   10683924     user32:USER32.dll
 0004:00000928       __imp__DestroyMenu@4       10683928     user32:USER32.dll
 0004:0000092c       __imp__DialogBoxParamA@20  1068392c     user32:USER32.dll
 0004:00000930       __imp__GetWindowRect@8     10683930     user32:USER32.dll
 0004:00000934       __imp__GetSystemMetrics@4  10683934     user32:USER32.dll
 0004:00000938       __imp__SetWindowPos@28     10683938     user32:USER32.dll
 0004:0000093c       __imp__GetWindowLongA@8    1068393c     user32:USER32.dll
 0004:00000940       __imp__SetWindowLongA@12   10683940     user32:USER32.dll
 0004:00000944       __imp__GetDlgItem@8        10683944     user32:USER32.dll
 0004:00000948       __imp__CopyImage@20        10683948     user32:USER32.dll
 0004:0000094c       __imp__LoadBitmapA@8       1068394c     user32:USER32.dll
 0004:00000950       __imp__EnableWindow@8      10683950     user32:USER32.dll
 0004:00000954       __imp__SetDlgItemTextA@12  10683954     user32:USER32.dll
 0004:00000958       __imp__SendDlgItemMessageA@20 10683958     user32:USER32.dll
 0004:0000095c       __imp__GetDlgItemTextA@16  1068395c     user32:USER32.dll
 0004:00000960       __imp__EndDialog@8         10683960     user32:USER32.dll
 0004:00000964       __imp__GetCursorPos@4      10683964     user32:USER32.dll
 0004:00000968       __imp__ScreenToClient@8    10683968     user32:USER32.dll
 0004:0000096c       __imp__SendMessageA@16     1068396c     user32:USER32.dll
 0004:00000970       __imp__MessageBoxA@16      10683970     user32:USER32.dll
 0004:00000974       \177USER32_NULL_THUNK_DATA 10683974     user32:USER32.dll
 0004:000009b0       __imp__timeGetTime@0       106839b0     winmm:WINMM.dll
 0004:000009b4       \177WINMM_NULL_THUNK_DATA  106839b4     winmm:WINMM.dll
 0004:000009e0       __imp__GetSaveFileNameA@4  106839e0     comdlg32:comdlg32.dll
 0004:000009e4       __imp__GetOpenFileNameA@4  106839e4     comdlg32:comdlg32.dll
 0004:000009e8       \177comdlg32_NULL_THUNK_DATA 106839e8     comdlg32:comdlg32.dll
 0004:00000a14       __imp__OleInitialize@4     10683a14     ole32:ole32.dll
 0004:00000a18       \177ole32_NULL_THUNK_DATA  10683a18     ole32:ole32.dll
 0005:00000000       ?ipc_Initialized@@3_NA     10685000     IpcMain.obj
 0005:00000008       ?ipc_MsgPool@@3PAUSIpcMsg@@A 10685008     IpcMain.obj
 0005:00013808       ?ipc_MsgFreeList@@3USIpcMsg@@A 10698808     IpcMain.obj
 0005:000138a8       ?ipc_Processes@@3PAUSIpcProcess@@A 106988a8     IpcMain.obj

 entry point at        0001:0006de30

