 gendata

 Timestamp is 3bd7337c (Wed Oct 24 16:32:44 2001)

 Preferred load address is 00400000

 Start         Length     Name                   Class
 0001:00000000 00008ee0H .text                   CODE
 0002:00000000 00000118H .idata$5                DATA
 0002:00000118 00000d08H .rdata                  DATA
 0002:00000e20 00000028H .idata$2                DATA
 0002:00000e48 00000014H .idata$3                DATA
 0002:00000e5c 00000118H .idata$4                DATA
 0002:00000f74 000004d2H .idata$6                DATA
 0002:00001446 00000000H .edata                  DATA
 0003:00000000 00000004H .CRT$XCA                DATA
 0003:00000004 00000004H .CRT$XCZ                DATA
 0003:00000008 00000004H .CRT$XIA                DATA
 0003:0000000c 00000004H .CRT$XIC                DATA
 0003:00000010 00000004H .CRT$XIZ                DATA
 0003:00000014 00000004H .CRT$XPA                DATA
 0003:00000018 00000004H .CRT$XPZ                DATA
 0003:0000001c 00000004H .CRT$XTA                DATA
 0003:00000020 00000004H .CRT$XTZ                DATA
 0003:00000030 00003248H .data                   DATA
 0003:00003278 000007e4H .bss                    DATA

  Address         Publics by Value              Rva+Base     Lib:Object

 0001:00000000       ?init_char_flags@@YAXXZ    00401000 f   gendata.obj
 0001:00000100       _main                      00401100 f   gendata.obj
 0001:000001c0       _mainCRTStartup            004011c0 f   libcmt:crt0.obj
 0001:000002b0       __amsg_exit                004012b0 f   libcmt:crt0.obj
 0001:000002f9       __cinit                    004012f9 f   libcmt:crt0dat.obj
 0001:00000326       _exit                      00401326 f   libcmt:crt0dat.obj
 0001:00000337       __exit                     00401337 f   libcmt:crt0dat.obj
 0001:00000348       __cexit                    00401348 f   libcmt:crt0dat.obj
 0001:00000357       __c_exit                   00401357 f   libcmt:crt0dat.obj
 0001:0000040b       __lockexit                 0040140b f   libcmt:crt0dat.obj
 0001:00000414       __unlockexit               00401414 f   libcmt:crt0dat.obj
 0001:00000437       __XcptFilter               00401437 f   libcmt:winxfltr.obj
 0001:000005af       __setenvp                  004015af f   libcmt:stdenvp.obj
 0001:00000668       __setargv                  00401668 f   libcmt:stdargv.obj
 0001:000008b5       ___crtGetEnvironmentStringsA 004018b5 f   libcmt:a_env.obj
 0001:000009e7       __ioinit                   004019e7 f   libcmt:ioinit.obj
 0001:00000ba3       __ioterm                   00401ba3 f   libcmt:ioinit.obj
 0001:00000bf7       __mtinit                   00401bf7 f   libcmt:tidtable.obj
 0001:00000c4b       __mtterm                   00401c4b f   libcmt:tidtable.obj
 0001:00000c69       __initptd                  00401c69 f   libcmt:tidtable.obj
 0001:00000c7c       __getptd                   00401c7c f   libcmt:tidtable.obj
 0001:00000ce3       __freeptd                  00401ce3 f   libcmt:tidtable.obj
 0001:00000d83       ___threadid                00401d83 f   libcmt:tidtable.obj
 0001:00000d89       ___threadhandle            00401d89 f   libcmt:tidtable.obj
 0001:00000d8f       __GetLinkerVersion         00401d8f f   libcmt:heapinit.obj
 0001:00000dbc       ___heap_select             00401dbc f   libcmt:heapinit.obj
 0001:00000f04       __heap_init                00401f04 f   libcmt:heapinit.obj
 0001:00000f61       __heap_term                00401f61 f   libcmt:heapinit.obj
 0001:0000100c       __global_unwind2           0040200c f   libcmt:exsup.obj
 0001:0000104e       __local_unwind2            0040204e f   libcmt:exsup.obj
 0001:000010a6       __NLG_Return2              004020a6 f   libcmt:exsup.obj
 0001:000010b6       __abnormal_termination     004020b6 f   libcmt:exsup.obj
 0001:000010d9       __NLG_Notify1              004020d9 f   libcmt:exsup.obj
 0001:000010e2       __NLG_Notify               004020e2 f   libcmt:exsup.obj
 0001:000010f5       __NLG_Dispatch             004020f5 f   libcmt:exsup.obj
 0001:00001104       __except_handler3          00402104 f   libcmt:exsup3.obj
 0001:000011c1       __seh_longjmp_unwind@4     004021c1 f   libcmt:exsup3.obj
 0001:000011dc       __FF_MSGBANNER             004021dc f   libcmt:crt0msg.obj
 0001:00001215       __NMSG_WRITE               00402215 f   libcmt:crt0msg.obj
 0001:00001368       __GET_RTERRMSG             00402368 f   libcmt:crt0msg.obj
 0001:00001399       __mtinitlocks              00402399 f   libcmt:mlock.obj
 0001:000013c2       __mtdeletelocks            004023c2 f   libcmt:mlock.obj
 0001:0000142e       __lock                     0040242e f   libcmt:mlock.obj
 0001:0000148f       __unlock                   0040248f f   libcmt:mlock.obj
 0001:000014a4       __lockerr_exit             004024a4 f   libcmt:mlock.obj
 0001:000014bc       _free                      004024bc f   libcmt:free.obj
 0001:000015b0       _strcpy                    004025b0 f   libcmt:strcat.obj
 0001:000015c0       _strcat                    004025c0 f   libcmt:strcat.obj
 0001:000016a0       _malloc                    004026a0 f   libcmt:malloc.obj
 0001:000016b2       __nh_malloc                004026b2 f   libcmt:malloc.obj
 0001:000016de       __heap_alloc               004026de f   libcmt:malloc.obj
 0001:000017e0       _strlen                    004027e0 f   libcmt:strlen.obj
 0001:0000185b       __setmbcp                  0040285b f   libcmt:mbctype.obj
 0001:00001c33       __getmbcp                  00402c33 f   libcmt:mbctype.obj
 0001:00001c43       ___initmbctable            00402c43 f   libcmt:mbctype.obj
 0001:00001c60       _memcpy                    00402c60 f   libcmt:memcpy.obj
 0001:00001f95       _calloc                    00402f95 f   libcmt:calloc.obj
 0001:000020d2       _strtol                    004030d2 f   libcmt:strtol.obj
 0001:000022ee       _strtoul                   004032ee f   libcmt:strtol.obj
 0001:00002320       _strchr                    00403320 f   libcmt:strchr.obj
 0001:00002326       ___from_strstr_to_strchr   00403326 f   libcmt:strchr.obj
 0001:000023e0       _strstr                    004033e0 f   libcmt:strstr.obj
 0001:00002460       _strncmp                   00403460 f   libcmt:strncmp.obj
 0001:000024a0       __chkstk                   004034a0 f   libcmt:chkstk.obj
 0001:000024a0       __alloca_probe             004034a0 f   libcmt:chkstk.obj
 0001:000024cf       __get_sbh_threshold        004034cf f   libcmt:sbheap.obj
 0001:000024ee       __set_sbh_threshold        004034ee f   libcmt:sbheap.obj
 0001:000025a1       ___sbh_heap_init           004035a1 f   libcmt:sbheap.obj
 0001:000025e9       ___sbh_find_block          004035e9 f   libcmt:sbheap.obj
 0001:00002614       ___sbh_free_block          00403614 f   libcmt:sbheap.obj
 0001:0000293d       ___sbh_alloc_block         0040393d f   libcmt:sbheap.obj
 0001:00002c46       ___sbh_alloc_new_region    00403c46 f   libcmt:sbheap.obj
 0001:00002cf7       ___sbh_alloc_new_group     00403cf7 f   libcmt:sbheap.obj
 0001:00002df2       ___sbh_resize_block        00403df2 f   libcmt:sbheap.obj
 0001:000030e8       ___sbh_heapmin             004040e8 f   libcmt:sbheap.obj
 0001:000031b9       ___sbh_heap_check          004041b9 f   libcmt:sbheap.obj
 0001:000034e8       __get_old_sbh_threshold    004044e8 f   libcmt:sbheap.obj
 0001:000034ee       __set_old_sbh_threshold    004044ee f   libcmt:sbheap.obj
 0001:0000350a       ___old_sbh_new_region      0040450a f   libcmt:sbheap.obj
 0001:0000364e       ___old_sbh_release_region  0040464e f   libcmt:sbheap.obj
 0001:000036a4       ___old_sbh_decommit_pages  004046a4 f   libcmt:sbheap.obj
 0001:00003766       ___old_sbh_find_block      00404766 f   libcmt:sbheap.obj
 0001:000037bd       ___old_sbh_free_block      004047bd f   libcmt:sbheap.obj
 0001:00003802       ___old_sbh_alloc_block     00404802 f   libcmt:sbheap.obj
 0001:00003a0a       ___old_sbh_alloc_block_from_page 00404a0a f   libcmt:sbheap.obj
 0001:00003b2e       ___old_sbh_resize_block    00404b2e f   libcmt:sbheap.obj
 0001:00003bd7       ___old_sbh_heap_check      00404bd7 f   libcmt:sbheap.obj
 0001:00003d35       ___crtMessageBoxA          00404d35 f   libcmt:crtmbox.obj
 0001:00003dc0       _strncpy                   00404dc0 f   libcmt:strncpy.obj
 0001:00003ebe       ?_set_new_handler@@YAP6AHI@ZP6AHI@Z@Z 00404ebe f   libcmt:handler.obj
 0001:00003ee2       ?_query_new_handler@@YAP6AHI@ZXZ 00404ee2 f   libcmt:handler.obj
 0001:00003ee8       __callnewh                 00404ee8 f   libcmt:handler.obj
 0001:00003f03       ___crtLCMapStringA         00404f03 f   libcmt:a_map.obj
 0001:00004152       ___crtGetStringTypeA       00405152 f   libcmt:a_str.obj
 0001:000042a0       _memset                    004052a0 f   libcmt:memset.obj
 0001:000042f8       __dosmaperr                004052f8 f   libcmt:dosmap.obj
 0001:0000436b       __errno                    0040536b f   libcmt:dosmap.obj
 0001:00004374       ___doserrno                00405374 f   libcmt:dosmap.obj
 0001:0000437d       __toupper                  0040537d f   libcmt:toupper.obj
 0001:00004385       _toupper                   00405385 f   libcmt:toupper.obj
 0001:000043f4       __toupper_lk               004053f4 f   libcmt:toupper.obj
 0001:000044c0       __isctype                  004054c0 f   libcmt:isctype.obj
 0001:00004540       _memmove                   00405540 f   libcmt:memmove.obj
 0001:00004875       _setlocale                 00405875 f   libcmt:setlocal.obj
 0001:00004c8f       __expandlocale             00405c8f f   libcmt:setlocal.obj
 0001:00004da7       ___init_dummy              00405da7 f   libcmt:setlocal.obj
 0001:00004daa       __strcats                  00405daa f   libcmt:setlocal.obj
 0001:00004dcf       ___lc_strtolc              00405dcf f   libcmt:setlocal.obj
 0001:00004e9b       ___lc_lctostr              00405e9b f   libcmt:setlocal.obj
 0001:00004eee       ___init_time               00405eee f   libcmt:inittime.obj
 0001:0000545d       ___init_numeric            0040645d f   libcmt:initnum.obj
 0001:00005669       ___init_monetary           00406669 f   libcmt:initmon.obj
 0001:000058db       ___init_ctype              004068db f   libcmt:initctyp.obj
 0001:00005b20       ___init_collate            00406b20 f   libcmt:initcoll.obj
 0001:00005b30       _strcmp                    00406b30 f   libcmt:strcmp.obj
 0001:00005bc0       _strcspn                   00406bc0 f   libcmt:strcspn.obj
 0001:00005c00       _strpbrk                   00406c00 f   libcmt:strpbrk.obj
 0001:00005c3a       ___get_qualified_locale    00406c3a f   libcmt:getqloc.obj
 0001:000064e1       __Getdays                  004074e1 f   libcmt:strftime.obj
 0001:00006570       __Getmonths                00407570 f   libcmt:strftime.obj
 0001:00006605       __Gettnames                00407605 f   libcmt:strftime.obj
 0001:00006837       _strftime                  00407837 f   libcmt:strftime.obj
 0001:00006852       __Strftime                 00407852 f   libcmt:strftime.obj
 0001:000070e9       ___getlocaleinfo           004080e9 f   libcmt:inithelp.obj
 0001:00007221       _localeconv                00408221 f   libcmt:lconv.obj
 0001:00007227       ___crtGetStringTypeW       00408227 f   libcmt:w_str.obj
 0001:000073ec       __itoa                     004083ec f   libcmt:xtoa.obj
 0001:00007475       __ltoa                     00408475 f   libcmt:xtoa.obj
 0001:0000749f       __ultoa                    0040849f f   libcmt:xtoa.obj
 0001:000074ba       __i64toa                   004084ba f   libcmt:xtoa.obj
 0001:00007571       __ui64toa                  00408571 f   libcmt:xtoa.obj
 0001:00007590       __strcmpi                  00408590 f   libcmt:stricmp.obj
 0001:00007590       __stricmp                  00408590 f   libcmt:stricmp.obj
 0001:00007660       __strnicmp                 00408660 f   libcmt:strnicmp.obj
 0001:00007761       _atol                      00408761 f   libcmt:atox.obj
 0001:000077ec       _atoi                      004087ec f   libcmt:atox.obj
 0001:000077f7       __atoi64                   004087f7 f   libcmt:atox.obj
 0001:000078b1       ___tzset                   004088b1 f   libcmt:tzset.obj
 0001:000078df       __tzset                    004088df f   libcmt:tzset.obj
 0001:00007b7c       __isindst                  00408b7c f   libcmt:tzset.obj
 0001:00007e89       ___crtGetLocaleInfoW       00408e89 f   libcmt:w_loc.obj
 0001:00007f9c       ___crtGetLocaleInfoA       00408f9c f   libcmt:a_loc.obj
 0001:000080c0       __aulldiv                  004090c0 f   libcmt:ulldiv.obj
 0001:00008130       __aullrem                  00409130 f   libcmt:ullrem.obj
 0001:000081a5       __tolower                  004091a5 f   libcmt:tolower.obj
 0001:000081ad       _tolower                   004091ad f   libcmt:tolower.obj
 0001:0000821c       __tolower_lk               0040921c f   libcmt:tolower.obj
 0001:000082f0       __allmul                   004092f0 f   libcmt:llmul.obj
 0001:00008324       _getenv                    00409324 f   libcmt:getenv.obj
 0001:00008345       __getenv_lk                00409345 f   libcmt:getenv.obj
 0001:000083c2       __mbsnbicoll               004093c2 f   libcmt:mbsnbico.obj
 0001:00008401       ___wtomb_environ           00409401 f   libcmt:wtombenv.obj
 0001:0000846f       ___crtCompareStringA       0040946f f   libcmt:a_cmp.obj
 0001:00008717       ___crtsetenv               00409717 f   libcmt:setenv.obj
 0001:0000895d       _realloc                   0040995d f   libcmt:realloc.obj
 0001:00008c8c       __mbschr                   00409c8c f   libcmt:mbschr.obj
 0001:00008d23       __strdup                   00409d23 f   libcmt:strdup.obj
 0001:00008d4e       _GetCommandLineA@0         00409d4e f   kernel32:KERNEL32.dll
 0001:00008d54       _GetVersion@0              00409d54 f   kernel32:KERNEL32.dll
 0001:00008d5a       _ExitProcess@4             00409d5a f   kernel32:KERNEL32.dll
 0001:00008d60       _TerminateProcess@8        00409d60 f   kernel32:KERNEL32.dll
 0001:00008d66       _GetCurrentProcess@0       00409d66 f   kernel32:KERNEL32.dll
 0001:00008d6c       _UnhandledExceptionFilter@4 00409d6c f   kernel32:KERNEL32.dll
 0001:00008d72       _GetModuleFileNameA@12     00409d72 f   kernel32:KERNEL32.dll
 0001:00008d78       _FreeEnvironmentStringsA@4 00409d78 f   kernel32:KERNEL32.dll
 0001:00008d7e       _FreeEnvironmentStringsW@4 00409d7e f   kernel32:KERNEL32.dll
 0001:00008d84       _WideCharToMultiByte@32    00409d84 f   kernel32:KERNEL32.dll
 0001:00008d8a       _GetEnvironmentStrings@0   00409d8a f   kernel32:KERNEL32.dll
 0001:00008d90       _GetEnvironmentStringsW@0  00409d90 f   kernel32:KERNEL32.dll
 0001:00008d96       _SetHandleCount@4          00409d96 f   kernel32:KERNEL32.dll
 0001:00008d9c       _GetStdHandle@4            00409d9c f   kernel32:KERNEL32.dll
 0001:00008da2       _GetFileType@4             00409da2 f   kernel32:KERNEL32.dll
 0001:00008da8       _GetStartupInfoA@4         00409da8 f   kernel32:KERNEL32.dll
 0001:00008dae       _DeleteCriticalSection@4   00409dae f   kernel32:KERNEL32.dll
 0001:00008db4       _GetCurrentThreadId@0      00409db4 f   kernel32:KERNEL32.dll
 0001:00008dba       _TlsSetValue@8             00409dba f   kernel32:KERNEL32.dll
 0001:00008dc0       _TlsAlloc@0                00409dc0 f   kernel32:KERNEL32.dll
 0001:00008dc6       _TlsFree@4                 00409dc6 f   kernel32:KERNEL32.dll
 0001:00008dcc       _SetLastError@4            00409dcc f   kernel32:KERNEL32.dll
 0001:00008dd2       _TlsGetValue@4             00409dd2 f   kernel32:KERNEL32.dll
 0001:00008dd8       _GetLastError@0            00409dd8 f   kernel32:KERNEL32.dll
 0001:00008dde       _GetCurrentThread@0        00409dde f   kernel32:KERNEL32.dll
 0001:00008de4       _GetModuleHandleA@4        00409de4 f   kernel32:KERNEL32.dll
 0001:00008dea       _GetEnvironmentVariableA@12 00409dea f   kernel32:KERNEL32.dll
 0001:00008df0       _GetVersionExA@4           00409df0 f   kernel32:KERNEL32.dll
 0001:00008df6       _HeapDestroy@4             00409df6 f   kernel32:KERNEL32.dll
 0001:00008dfc       _HeapCreate@12             00409dfc f   kernel32:KERNEL32.dll
 0001:00008e02       _VirtualFree@12            00409e02 f   kernel32:KERNEL32.dll
 0001:00008e08       _HeapFree@12               00409e08 f   kernel32:KERNEL32.dll
 0001:00008e0e       _RtlUnwind@16              00409e0e f   kernel32:KERNEL32.dll
 0001:00008e14       _WriteFile@20              00409e14 f   kernel32:KERNEL32.dll
 0001:00008e1a       _InitializeCriticalSection@4 00409e1a f   kernel32:KERNEL32.dll
 0001:00008e20       _EnterCriticalSection@4    00409e20 f   kernel32:KERNEL32.dll
 0001:00008e26       _LeaveCriticalSection@4    00409e26 f   kernel32:KERNEL32.dll
 0001:00008e2c       _FatalAppExitA@8           00409e2c f   kernel32:KERNEL32.dll
 0001:00008e32       _HeapAlloc@12              00409e32 f   kernel32:KERNEL32.dll
 0001:00008e38       _GetCPInfo@8               00409e38 f   kernel32:KERNEL32.dll
 0001:00008e3e       _GetACP@0                  00409e3e f   kernel32:KERNEL32.dll
 0001:00008e44       _GetOEMCP@0                00409e44 f   kernel32:KERNEL32.dll
 0001:00008e4a       _VirtualAlloc@16           00409e4a f   kernel32:KERNEL32.dll
 0001:00008e50       _HeapReAlloc@16            00409e50 f   kernel32:KERNEL32.dll
 0001:00008e56       _IsBadWritePtr@8           00409e56 f   kernel32:KERNEL32.dll
 0001:00008e5c       _GetProcAddress@8          00409e5c f   kernel32:KERNEL32.dll
 0001:00008e62       _LoadLibraryA@4            00409e62 f   kernel32:KERNEL32.dll
 0001:00008e68       _MultiByteToWideChar@24    00409e68 f   kernel32:KERNEL32.dll
 0001:00008e6e       _LCMapStringA@24           00409e6e f   kernel32:KERNEL32.dll
 0001:00008e74       _LCMapStringW@24           00409e74 f   kernel32:KERNEL32.dll
 0001:00008e7a       _GetStringTypeA@20         00409e7a f   kernel32:KERNEL32.dll
 0001:00008e80       _GetStringTypeW@16         00409e80 f   kernel32:KERNEL32.dll
 0001:00008e86       _InterlockedDecrement@4    00409e86 f   kernel32:KERNEL32.dll
 0001:00008e8c       _InterlockedIncrement@4    00409e8c f   kernel32:KERNEL32.dll
 0001:00008e92       _Sleep@4                   00409e92 f   kernel32:KERNEL32.dll
 0001:00008e98       _IsValidLocale@8           00409e98 f   kernel32:KERNEL32.dll
 0001:00008e9e       _IsValidCodePage@4         00409e9e f   kernel32:KERNEL32.dll
 0001:00008ea4       _GetLocaleInfoA@16         00409ea4 f   kernel32:KERNEL32.dll
 0001:00008eaa       _EnumSystemLocalesA@8      00409eaa f   kernel32:KERNEL32.dll
 0001:00008eb0       _GetUserDefaultLCID@0      00409eb0 f   kernel32:KERNEL32.dll
 0001:00008eb6       _GetTimeZoneInformation@4  00409eb6 f   kernel32:KERNEL32.dll
 0001:00008ebc       _GetLocaleInfoW@16         00409ebc f   kernel32:KERNEL32.dll
 0001:00008ec2       _CompareStringA@24         00409ec2 f   kernel32:KERNEL32.dll
 0001:00008ec8       _CompareStringW@24         00409ec8 f   kernel32:KERNEL32.dll
 0001:00008ece       _SetEnvironmentVariableA@8 00409ece f   kernel32:KERNEL32.dll
 0001:00008ed4       _fflush                    00409ed4 f   msvcrt:MSVCRT.dll
 0001:00008eda       _printf                    00409eda f   msvcrt:MSVCRT.dll
 0002:00000000       __imp__EnterCriticalSection@4 0040a000     kernel32:KERNEL32.dll
 0002:00000004       __imp__GetVersion@0        0040a004     kernel32:KERNEL32.dll
 0002:00000008       __imp__ExitProcess@4       0040a008     kernel32:KERNEL32.dll
 0002:0000000c       __imp__TerminateProcess@8  0040a00c     kernel32:KERNEL32.dll
 0002:00000010       __imp__GetCurrentProcess@0 0040a010     kernel32:KERNEL32.dll
 0002:00000014       __imp__UnhandledExceptionFilter@4 0040a014     kernel32:KERNEL32.dll
 0002:00000018       __imp__GetModuleFileNameA@12 0040a018     kernel32:KERNEL32.dll
 0002:0000001c       __imp__FreeEnvironmentStringsA@4 0040a01c     kernel32:KERNEL32.dll
 0002:00000020       __imp__FreeEnvironmentStringsW@4 0040a020     kernel32:KERNEL32.dll
 0002:00000024       __imp__WideCharToMultiByte@32 0040a024     kernel32:KERNEL32.dll
 0002:00000028       __imp__GetEnvironmentStrings@0 0040a028     kernel32:KERNEL32.dll
 0002:0000002c       __imp__GetEnvironmentStringsW@0 0040a02c     kernel32:KERNEL32.dll
 0002:00000030       __imp__SetHandleCount@4    0040a030     kernel32:KERNEL32.dll
 0002:00000034       __imp__GetStdHandle@4      0040a034     kernel32:KERNEL32.dll
 0002:00000038       __imp__GetFileType@4       0040a038     kernel32:KERNEL32.dll
 0002:0000003c       __imp__GetStartupInfoA@4   0040a03c     kernel32:KERNEL32.dll
 0002:00000040       __imp__DeleteCriticalSection@4 0040a040     kernel32:KERNEL32.dll
 0002:00000044       __imp__GetCurrentThreadId@0 0040a044     kernel32:KERNEL32.dll
 0002:00000048       __imp__TlsSetValue@8       0040a048     kernel32:KERNEL32.dll
 0002:0000004c       __imp__TlsAlloc@0          0040a04c     kernel32:KERNEL32.dll
 0002:00000050       __imp__TlsFree@4           0040a050     kernel32:KERNEL32.dll
 0002:00000054       __imp__SetLastError@4      0040a054     kernel32:KERNEL32.dll
 0002:00000058       __imp__TlsGetValue@4       0040a058     kernel32:KERNEL32.dll
 0002:0000005c       __imp__GetLastError@0      0040a05c     kernel32:KERNEL32.dll
 0002:00000060       __imp__GetCurrentThread@0  0040a060     kernel32:KERNEL32.dll
 0002:00000064       __imp__GetModuleHandleA@4  0040a064     kernel32:KERNEL32.dll
 0002:00000068       __imp__GetEnvironmentVariableA@12 0040a068     kernel32:KERNEL32.dll
 0002:0000006c       __imp__GetVersionExA@4     0040a06c     kernel32:KERNEL32.dll
 0002:00000070       __imp__HeapDestroy@4       0040a070     kernel32:KERNEL32.dll
 0002:00000074       __imp__HeapCreate@12       0040a074     kernel32:KERNEL32.dll
 0002:00000078       __imp__VirtualFree@12      0040a078     kernel32:KERNEL32.dll
 0002:0000007c       __imp__HeapFree@12         0040a07c     kernel32:KERNEL32.dll
 0002:00000080       __imp__RtlUnwind@16        0040a080     kernel32:KERNEL32.dll
 0002:00000084       __imp__WriteFile@20        0040a084     kernel32:KERNEL32.dll
 0002:00000088       __imp__InitializeCriticalSection@4 0040a088     kernel32:KERNEL32.dll
 0002:0000008c       __imp__GetCommandLineA@0   0040a08c     kernel32:KERNEL32.dll
 0002:00000090       __imp__LeaveCriticalSection@4 0040a090     kernel32:KERNEL32.dll
 0002:00000094       __imp__FatalAppExitA@8     0040a094     kernel32:KERNEL32.dll
 0002:00000098       __imp__HeapAlloc@12        0040a098     kernel32:KERNEL32.dll
 0002:0000009c       __imp__GetCPInfo@8         0040a09c     kernel32:KERNEL32.dll
 0002:000000a0       __imp__GetACP@0            0040a0a0     kernel32:KERNEL32.dll
 0002:000000a4       __imp__GetOEMCP@0          0040a0a4     kernel32:KERNEL32.dll
 0002:000000a8       __imp__VirtualAlloc@16     0040a0a8     kernel32:KERNEL32.dll
 0002:000000ac       __imp__HeapReAlloc@16      0040a0ac     kernel32:KERNEL32.dll
 0002:000000b0       __imp__IsBadWritePtr@8     0040a0b0     kernel32:KERNEL32.dll
 0002:000000b4       __imp__GetProcAddress@8    0040a0b4     kernel32:KERNEL32.dll
 0002:000000b8       __imp__LoadLibraryA@4      0040a0b8     kernel32:KERNEL32.dll
 0002:000000bc       __imp__MultiByteToWideChar@24 0040a0bc     kernel32:KERNEL32.dll
 0002:000000c0       __imp__LCMapStringA@24     0040a0c0     kernel32:KERNEL32.dll
 0002:000000c4       __imp__LCMapStringW@24     0040a0c4     kernel32:KERNEL32.dll
 0002:000000c8       __imp__GetStringTypeA@20   0040a0c8     kernel32:KERNEL32.dll
 0002:000000cc       __imp__GetStringTypeW@16   0040a0cc     kernel32:KERNEL32.dll
 0002:000000d0       __imp__InterlockedDecrement@4 0040a0d0     kernel32:KERNEL32.dll
 0002:000000d4       __imp__InterlockedIncrement@4 0040a0d4     kernel32:KERNEL32.dll
 0002:000000d8       __imp__Sleep@4             0040a0d8     kernel32:KERNEL32.dll
 0002:000000dc       __imp__IsValidLocale@8     0040a0dc     kernel32:KERNEL32.dll
 0002:000000e0       __imp__IsValidCodePage@4   0040a0e0     kernel32:KERNEL32.dll
 0002:000000e4       __imp__GetLocaleInfoA@16   0040a0e4     kernel32:KERNEL32.dll
 0002:000000e8       __imp__EnumSystemLocalesA@8 0040a0e8     kernel32:KERNEL32.dll
 0002:000000ec       __imp__GetUserDefaultLCID@0 0040a0ec     kernel32:KERNEL32.dll
 0002:000000f0       __imp__GetTimeZoneInformation@4 0040a0f0     kernel32:KERNEL32.dll
 0002:000000f4       __imp__GetLocaleInfoW@16   0040a0f4     kernel32:KERNEL32.dll
 0002:000000f8       __imp__CompareStringA@24   0040a0f8     kernel32:KERNEL32.dll
 0002:000000fc       __imp__CompareStringW@24   0040a0fc     kernel32:KERNEL32.dll
 0002:00000100       __imp__SetEnvironmentVariableA@8 0040a100     kernel32:KERNEL32.dll
 0002:00000104       \177KERNEL32_NULL_THUNK_DATA 0040a104     kernel32:KERNEL32.dll
 0002:00000108       __imp___iob                0040a108     msvcrt:MSVCRT.dll
 0002:0000010c       __imp__printf              0040a10c     msvcrt:MSVCRT.dll
 0002:00000110       __imp__fflush              0040a110     msvcrt:MSVCRT.dll
 0002:00000114       \177MSVCRT_NULL_THUNK_DATA 0040a114     msvcrt:MSVCRT.dll
 0002:00000184       ??_C@_0BH@PHHF@__GLOBAL_HEAP_SELECTED?$AA@ 0040a184     libcmt:heapinit.obj
 0002:0000019c       ??_C@_0BF@BBGL@__MSVCRT_HEAP_SELECT?$AA@ 0040a19c     libcmt:heapinit.obj
 0002:000001b4       ??_C@_0P@GGKG@runtime?5error?5?$AA@ 0040a1b4     libcmt:crt0msg.obj
 0002:000001c4       ??_C@_02PIMC@?$AN?6?$AA@   0040a1c4     libcmt:crt0msg.obj
 0002:000001c8       ??_C@_0O@DELO@TLOSS?5error?$AN?6?$AA@ 0040a1c8     libcmt:crt0msg.obj
 0002:000001d8       ??_C@_0N@OMLL@SING?5error?$AN?6?$AA@ 0040a1d8     libcmt:crt0msg.obj
 0002:000001e8       ??_C@_0P@OJAK@DOMAIN?5error?$AN?6?$AA@ 0040a1e8     libcmt:crt0msg.obj
 0002:000001f8       ??_C@_0CF@EANP@R6028?$AN?6?9?5unable?5to?5initialize?5he@ 0040a1f8     libcmt:crt0msg.obj
 0002:00000220       ??_C@_0DF@ECGN@R6027?$AN?6?9?5not?5enough?5space?5for?5lo@ 0040a220     libcmt:crt0msg.obj
 0002:00000258       ??_C@_0DF@FKAC@R6026?$AN?6?9?5not?5enough?5space?5for?5st@ 0040a258     libcmt:crt0msg.obj
 0002:00000290       ??_C@_0CG@DPMN@R6025?$AN?6?9?5pure?5virtual?5function?5c@ 0040a290     libcmt:crt0msg.obj
 0002:000002b8       ??_C@_0DF@CKIP@R6024?$AN?6?9?5not?5enough?5space?5for?5_o@ 0040a2b8     libcmt:crt0msg.obj
 0002:000002f0       ??_C@_0CJ@GGOE@R6019?$AN?6?9?5unable?5to?5open?5console?5@ 0040a2f0     libcmt:crt0msg.obj
 0002:0000031c       ??_C@_0CB@LBOB@R6018?$AN?6?9?5unexpected?5heap?5error?$AN?6@ 0040a31c     libcmt:crt0msg.obj
 0002:00000340       ??_C@_0CN@FPEG@R6017?$AN?6?9?5unexpected?5multithread?5@ 0040a340     libcmt:crt0msg.obj
 0002:00000370       ??_C@_0CM@OBIC@R6016?$AN?6?9?5not?5enough?5space?5for?5th@ 0040a370     libcmt:crt0msg.obj
 0002:0000039c       ??_C@_0CB@HPAL@?$AN?6abnormal?5program?5termination?$AN?6@ 0040a39c     libcmt:crt0msg.obj
 0002:000003c0       ??_C@_0CM@JOOB@R6009?$AN?6?9?5not?5enough?5space?5for?5en@ 0040a3c0     libcmt:crt0msg.obj
 0002:000003ec       ??_C@_0CK@OIBL@R6008?$AN?6?9?5not?5enough?5space?5for?5ar@ 0040a3ec     libcmt:crt0msg.obj
 0002:00000418       ??_C@_0CF@LKPB@R6002?$AN?6?9?5floating?5point?5not?5load@ 0040a418     libcmt:crt0msg.obj
 0002:00000440       ??_C@_0CF@JPDF@Microsoft?5Visual?5C?$CL?$CL?5Runtime?5Lib@ 0040a440     libcmt:crt0msg.obj
 0002:00000468       ??_C@_02JJJH@?6?6?$AA@     0040a468     libcmt:crt0msg.obj
 0002:0000046c       ??_C@_0BK@DEOK@Runtime?5Error?$CB?6?6Program?3?5?$AA@ 0040a46c     libcmt:crt0msg.obj
 0002:00000488       ??_C@_03NAME@?4?4?4?$AA@   0040a488     libcmt:crt0msg.obj
 0002:0000048c       ??_C@_0BH@NNCD@?$DMprogram?5name?5unknown?$DO?$AA@ 0040a48c     libcmt:crt0msg.obj
 0002:000004f0       ??_C@_0BD@NJFP@GetLastActivePopup?$AA@ 0040a4f0     libcmt:crtmbox.obj
 0002:00000504       ??_C@_0BA@GILI@GetActiveWindow?$AA@ 0040a504     libcmt:crtmbox.obj
 0002:00000514       ??_C@_0M@PKCK@MessageBoxA?$AA@ 0040a514     libcmt:crtmbox.obj
 0002:00000520       ??_C@_0L@HKL@user32?4dll?$AA@ 0040a520     libcmt:crtmbox.obj
 0002:0000052c       ??_C@_01A@?$AA?$AA@        0040a52c     libcmt:a_map.obj
 0002:00000530       ??_C@_13A@?$AA?$AA?$AA?$AA@ 0040a530     libcmt:a_map.obj
 0002:0000055c       ??_C@_07PCLE@LC_TIME?$AA@  0040a55c     libcmt:setlocal.obj
 0002:00000564       ??_C@_0L@NKG@LC_NUMERIC?$AA@ 0040a564     libcmt:setlocal.obj
 0002:00000570       ??_C@_0M@CBIH@LC_MONETARY?$AA@ 0040a570     libcmt:setlocal.obj
 0002:0000057c       ??_C@_08LFGE@LC_CTYPE?$AA@ 0040a57c     libcmt:setlocal.obj
 0002:00000588       ??_C@_0L@CFLC@LC_COLLATE?$AA@ 0040a588     libcmt:setlocal.obj
 0002:00000594       ??_C@_06GCPK@LC_ALL?$AA@   0040a594     libcmt:setlocal.obj
 0002:0000059c       ??_C@_01FAJB@?$DL?$AA@     0040a59c     libcmt:setlocal.obj
 0002:000005a0       ??_C@_02BGDO@?$DN?$DL?$AA@ 0040a5a0     libcmt:setlocal.obj
 0002:000005a4       ??_C@_01KPOD@?$DN?$AA@     0040a5a4     libcmt:setlocal.obj
 0002:000005a8       ??_C@_03DBOJ@_?4?0?$AA@    0040a5a8     libcmt:setlocal.obj
 0002:000005ac       ??_C@_01PJCK@?4?$AA@       0040a5ac     libcmt:setlocal.obj
 0002:000005b0       ??_C@_01NON@_?$AA@         0040a5b0     libcmt:setlocal.obj
 0002:000005b4       ??_C@_08OBJD@Paraguay?$AA@ 0040a5b4     libcmt:getqloc.obj
 0002:000005c0       ??_C@_07GLKH@Uruguay?$AA@  0040a5c0     libcmt:getqloc.obj
 0002:000005c8       ??_C@_05FPFC@Chile?$AA@    0040a5c8     libcmt:getqloc.obj
 0002:000005d0       ??_C@_07IIGF@Ecuador?$AA@  0040a5d0     libcmt:getqloc.obj
 0002:000005d8       ??_C@_09PKAL@Argentina?$AA@ 0040a5d8     libcmt:getqloc.obj
 0002:000005e4       ??_C@_04LKAH@Peru?$AA@     0040a5e4     libcmt:getqloc.obj
 0002:000005ec       ??_C@_08NEEM@Colombia?$AA@ 0040a5ec     libcmt:getqloc.obj
 0002:000005f8       ??_C@_09ODEB@Venezuela?$AA@ 0040a5f8     libcmt:getqloc.obj
 0002:00000604       ??_C@_0BD@CLEL@Dominican?5Republic?$AA@ 0040a604     libcmt:getqloc.obj
 0002:00000618       ??_C@_0N@MDGL@South?5Africa?$AA@ 0040a618     libcmt:getqloc.obj
 0002:00000628       ??_C@_06NKBG@Panama?$AA@   0040a628     libcmt:getqloc.obj
 0002:00000630       ??_C@_0L@BMHO@Luxembourg?$AA@ 0040a630     libcmt:getqloc.obj
 0002:0000063c       ??_C@_0L@IMDK@Costa?5Rica?$AA@ 0040a63c     libcmt:getqloc.obj
 0002:00000648       ??_C@_0M@BLJF@Switzerland?$AA@ 0040a648     libcmt:getqloc.obj
 0002:00000654       ??_C@_09KBOL@Guatemala?$AA@ 0040a654     libcmt:getqloc.obj
 0002:00000660       ??_C@_06JNAK@Canada?$AA@   0040a660     libcmt:getqloc.obj
 0002:00000668       ??_C@_0BG@OLLP@Spanish?5?9?5Modern?5Sort?$AA@ 0040a668     libcmt:getqloc.obj
 0002:00000680       ??_C@_09IDKE@Australia?$AA@ 0040a680     libcmt:getqloc.obj
 0002:0000068c       ??_C@_07JJJJ@English?$AA@  0040a68c     libcmt:getqloc.obj
 0002:00000694       ??_C@_07NMDO@Austria?$AA@  0040a694     libcmt:getqloc.obj
 0002:0000069c       ??_C@_06DEFE@German?$AA@   0040a69c     libcmt:getqloc.obj
 0002:000006a4       ??_C@_07JAIH@Belgium?$AA@  0040a6a4     libcmt:getqloc.obj
 0002:000006ac       ??_C@_06BNLJ@Mexico?$AA@   0040a6ac     libcmt:getqloc.obj
 0002:000006b4       ??_C@_07JHAG@Spanish?$AA@  0040a6b4     libcmt:getqloc.obj
 0002:000006bc       ??_C@_06DADE@Basque?$AA@   0040a6bc     libcmt:getqloc.obj
 0002:000006c4       ??_C@_06ENFP@Sweden?$AA@   0040a6c4     libcmt:getqloc.obj
 0002:000006cc       ??_C@_07JPMH@Swedish?$AA@  0040a6cc     libcmt:getqloc.obj
 0002:000006d4       ??_C@_07IEKF@Iceland?$AA@  0040a6d4     libcmt:getqloc.obj
 0002:000006dc       ??_C@_09KNEA@Icelandic?$AA@ 0040a6dc     libcmt:getqloc.obj
 0002:000006e8       ??_C@_06IJOD@France?$AA@   0040a6e8     libcmt:getqloc.obj
 0002:000006f0       ??_C@_06EINI@French?$AA@   0040a6f0     libcmt:getqloc.obj
 0002:000006f8       ??_C@_07FOOE@Finland?$AA@  0040a6f8     libcmt:getqloc.obj
 0002:00000700       ??_C@_07OJOM@Finnish?$AA@  0040a700     libcmt:getqloc.obj
 0002:00000708       ??_C@_05FFAC@Spain?$AA@    0040a708     libcmt:getqloc.obj
 0002:00000710       ??_C@_0BL@BIHM@Spanish?5?9?5Traditional?5Sort?$AA@ 0040a710     libcmt:getqloc.obj
 0002:0000072c       ??_C@_0O@GLHB@united?9states?$AA@ 0040a72c     libcmt:getqloc.obj
 0002:0000073c       ??_C@_0P@IIKK@united?9kingdom?$AA@ 0040a73c     libcmt:getqloc.obj
 0002:0000074c       ??_C@_0BC@FHBO@trinidad?5?$CG?5tobago?$AA@ 0040a74c     libcmt:getqloc.obj
 0002:00000760       ??_C@_0M@BDFM@south?9korea?$AA@ 0040a760     libcmt:getqloc.obj
 0002:0000076c       ??_C@_0N@CKFA@south?9africa?$AA@ 0040a76c     libcmt:getqloc.obj
 0002:0000077c       ??_C@_0M@HNHN@south?5korea?$AA@ 0040a77c     libcmt:getqloc.obj
 0002:00000788       ??_C@_0N@MKDO@south?5africa?$AA@ 0040a788     libcmt:getqloc.obj
 0002:00000798       ??_C@_06KFFJ@slovak?$AA@   0040a798     libcmt:getqloc.obj
 0002:000007a0       ??_C@_0M@NMAC@puerto?9rico?$AA@ 0040a7a0     libcmt:getqloc.obj
 0002:000007ac       ??_C@_08EJOH@pr?9china?$AA@ 0040a7ac     libcmt:getqloc.obj
 0002:000007b8       ??_C@_08CHMG@pr?5china?$AA@ 0040a7b8     libcmt:getqloc.obj
 0002:000007c4       ??_C@_02OCJK@nz?$AA@       0040a7c4     libcmt:getqloc.obj
 0002:000007c8       ??_C@_0M@MMKA@new?9zealand?$AA@ 0040a7c8     libcmt:getqloc.obj
 0002:000007d4       ??_C@_09MGEH@hong?9kong?$AA@ 0040a7d4     libcmt:getqloc.obj
 0002:000007e0       ??_C@_07CCAK@holland?$AA@  0040a7e0     libcmt:getqloc.obj
 0002:000007e8       ??_C@_0O@MEPL@great?5britain?$AA@ 0040a7e8     libcmt:getqloc.obj
 0002:000007f8       ??_C@_07LGIB@england?$AA@  0040a7f8     libcmt:getqloc.obj
 0002:00000800       ??_C@_05BMOA@czech?$AA@    0040a800     libcmt:getqloc.obj
 0002:00000808       ??_C@_05NMPB@china?$AA@    0040a808     libcmt:getqloc.obj
 0002:00000810       ??_C@_07GN@britain?$AA@    0040a810     libcmt:getqloc.obj
 0002:00000818       ??_C@_07DLAK@america?$AA@  0040a818     libcmt:getqloc.obj
 0002:00000820       ??_C@_03IPEP@usa?$AA@      0040a820     libcmt:getqloc.obj
 0002:00000824       ??_C@_02PILH@us?$AA@       0040a824     libcmt:getqloc.obj
 0002:00000828       ??_C@_02FHP@uk?$AA@        0040a828     libcmt:getqloc.obj
 0002:0000082c       ??_C@_05DEAI@swiss?$AA@    0040a82c     libcmt:getqloc.obj
 0002:00000834       ??_C@_0BA@LIAF@swedish?9finland?$AA@ 0040a834     libcmt:getqloc.obj
 0002:00000844       ??_C@_0BC@FMEG@spanish?9venezuela?$AA@ 0040a844     libcmt:getqloc.obj
 0002:00000858       ??_C@_0BA@BNMG@spanish?9uruguay?$AA@ 0040a858     libcmt:getqloc.obj
 0002:00000868       ??_C@_0BE@BKDJ@spanish?9puerto?5rico?$AA@ 0040a868     libcmt:getqloc.obj
 0002:0000087c       ??_C@_0N@JIBL@spanish?9peru?$AA@ 0040a87c     libcmt:getqloc.obj
 0002:0000088c       ??_C@_0BB@OGOF@spanish?9paraguay?$AA@ 0040a88c     libcmt:getqloc.obj
 0002:000008a0       ??_C@_0P@LLFA@spanish?9panama?$AA@ 0040a8a0     libcmt:getqloc.obj
 0002:000008b0       ??_C@_0BC@BBJM@spanish?9nicaragua?$AA@ 0040a8b0     libcmt:getqloc.obj
 0002:000008c4       ??_C@_0P@NJBN@spanish?9modern?$AA@ 0040a8c4     libcmt:getqloc.obj
 0002:000008d4       ??_C@_0BA@NHDN@spanish?9mexican?$AA@ 0040a8d4     libcmt:getqloc.obj
 0002:000008e4       ??_C@_0BB@JHOJ@spanish?9honduras?$AA@ 0040a8e4     libcmt:getqloc.obj
 0002:000008f8       ??_C@_0BC@BOOM@spanish?9guatemala?$AA@ 0040a8f8     libcmt:getqloc.obj
 0002:0000090c       ??_C@_0BE@EELI@spanish?9el?5salvador?$AA@ 0040a90c     libcmt:getqloc.obj
 0002:00000920       ??_C@_0BA@POAE@spanish?9ecuador?$AA@ 0040a920     libcmt:getqloc.obj
 0002:00000930       ??_C@_0BL@LDKN@spanish?9dominican?5republic?$AA@ 0040a930     libcmt:getqloc.obj
 0002:0000094c       ??_C@_0BD@HPMH@spanish?9costa?5rica?$AA@ 0040a94c     libcmt:getqloc.obj
 0002:00000960       ??_C@_0BB@NDDK@spanish?9colombia?$AA@ 0040a960     libcmt:getqloc.obj
 0002:00000974       ??_C@_0O@BJHA@spanish?9chile?$AA@ 0040a974     libcmt:getqloc.obj
 0002:00000984       ??_C@_0BA@OBNG@spanish?9bolivia?$AA@ 0040a984     libcmt:getqloc.obj
 0002:00000994       ??_C@_0BC@EFAM@spanish?9argentina?$AA@ 0040a994     libcmt:getqloc.obj
 0002:000009a8       ??_C@_0BF@KMMM@portuguese?9brazilian?$AA@ 0040a9a8     libcmt:getqloc.obj
 0002:000009c0       ??_C@_0BC@BAAE@norwegian?9nynorsk?$AA@ 0040a9c0     libcmt:getqloc.obj
 0002:000009d4       ??_C@_0BB@PBHK@norwegian?9bokmal?$AA@ 0040a9d4     libcmt:getqloc.obj
 0002:000009e8       ??_C@_09EHKL@norwegian?$AA@ 0040a9e8     libcmt:getqloc.obj
 0002:000009f4       ??_C@_0O@BEAN@italian?9swiss?$AA@ 0040a9f4     libcmt:getqloc.obj
 0002:00000a04       ??_C@_0O@OIFK@irish?9english?$AA@ 0040aa04     libcmt:getqloc.obj
 0002:00000a14       ??_C@_0N@NBPL@german?9swiss?$AA@ 0040aa14     libcmt:getqloc.obj
 0002:00000a24       ??_C@_0BC@ICFJ@german?9luxembourg?$AA@ 0040aa24     libcmt:getqloc.obj
 0002:00000a38       ??_C@_0BE@GGPC@german?9lichtenstein?$AA@ 0040aa38     libcmt:getqloc.obj
 0002:00000a4c       ??_C@_0BA@MKDC@german?9austrian?$AA@ 0040aa4c     libcmt:getqloc.obj
 0002:00000a5c       ??_C@_0N@ODNB@french?9swiss?$AA@ 0040aa5c     libcmt:getqloc.obj
 0002:00000a6c       ??_C@_0BC@MGCM@french?9luxembourg?$AA@ 0040aa6c     libcmt:getqloc.obj
 0002:00000a80       ??_C@_0BA@NABK@french?9canadian?$AA@ 0040aa80     libcmt:getqloc.obj
 0002:00000a90       ??_C@_0P@CJNO@french?9belgian?$AA@ 0040aa90     libcmt:getqloc.obj
 0002:00000aa0       ??_C@_0M@LJOL@english?9usa?$AA@ 0040aaa0     libcmt:getqloc.obj
 0002:00000aac       ??_C@_0L@FMNC@english?9us?$AA@ 0040aaac     libcmt:getqloc.obj
 0002:00000ab8       ??_C@_0L@KBBK@english?9uk?$AA@ 0040aab8     libcmt:getqloc.obj
 0002:00000ac4       ??_C@_0BK@NDDE@english?9trinidad?5y?5tobago?$AA@ 0040aac4     libcmt:getqloc.obj
 0002:00000ae0       ??_C@_0BF@LKML@english?9south?5africa?$AA@ 0040aae0     libcmt:getqloc.obj
 0002:00000af8       ??_C@_0L@EGPP@english?9nz?$AA@ 0040aaf8     libcmt:getqloc.obj
 0002:00000b04       ??_C@_0BA@HLH@english?9jamaica?$AA@ 0040ab04     libcmt:getqloc.obj
 0002:00000b14       ??_C@_0M@PMJI@english?9ire?$AA@ 0040ab14     libcmt:getqloc.obj
 0002:00000b20       ??_C@_0BC@HINE@english?9caribbean?$AA@ 0040ab20     libcmt:getqloc.obj
 0002:00000b34       ??_C@_0M@DCFH@english?9can?$AA@ 0040ab34     libcmt:getqloc.obj
 0002:00000b40       ??_C@_0P@DGHK@english?9belize?$AA@ 0040ab40     libcmt:getqloc.obj
 0002:00000b50       ??_C@_0M@FLHK@english?9aus?$AA@ 0040ab50     libcmt:getqloc.obj
 0002:00000b5c       ??_C@_0BB@HNCK@english?9american?$AA@ 0040ab5c     libcmt:getqloc.obj
 0002:00000b70       ??_C@_0O@PAMI@dutch?9belgian?$AA@ 0040ab70     libcmt:getqloc.obj
 0002:00000b80       ??_C@_0BE@FPEJ@chinese?9traditional?$AA@ 0040ab80     libcmt:getqloc.obj
 0002:00000b94       ??_C@_0BC@CHFL@chinese?9singapore?$AA@ 0040ab94     libcmt:getqloc.obj
 0002:00000ba8       ??_C@_0BD@DCMH@chinese?9simplified?$AA@ 0040aba8     libcmt:getqloc.obj
 0002:00000bbc       ??_C@_0BB@JMOE@chinese?9hongkong?$AA@ 0040abbc     libcmt:getqloc.obj
 0002:00000bd0       ??_C@_07NGFN@chinese?$AA@  0040abd0     libcmt:getqloc.obj
 0002:00000bd8       ??_C@_03PCOI@chi?$AA@      0040abd8     libcmt:getqloc.obj
 0002:00000bdc       ??_C@_03FIHP@chh?$AA@      0040abdc     libcmt:getqloc.obj
 0002:00000be0       ??_C@_08HFLO@canadian?$AA@ 0040abe0     libcmt:getqloc.obj
 0002:00000bec       ??_C@_07INIJ@belgian?$AA@  0040abec     libcmt:getqloc.obj
 0002:00000bf4       ??_C@_0L@LCCA@australian?$AA@ 0040abf4     libcmt:getqloc.obj
 0002:00000c00       ??_C@_0BB@BJIO@american?9english?$AA@ 0040ac00     libcmt:getqloc.obj
 0002:00000c14       ??_C@_0BB@DAGO@american?5english?$AA@ 0040ac14     libcmt:getqloc.obj
 0002:00000c28       ??_C@_08HENB@american?$AA@ 0040ac28     libcmt:getqloc.obj
 0002:00000c34       ??_C@_03DGJE@OCP?$AA@      0040ac34     libcmt:getqloc.obj
 0002:00000c38       ??_C@_03EKFG@ACP?$AA@      0040ac38     libcmt:getqloc.obj
 0002:00000c3c       ??_C@_07CJME@H?3mm?3ss?$AA@ 0040ac3c     libcmt:strftime.obj
 0002:00000c44       ??_C@_0BE@MHI@dddd?0?5MMMM?5dd?0?5yyyy?$AA@ 0040ac44     libcmt:strftime.obj
 0002:00000c58       ??_C@_06HCAD@M?1d?1yy?$AA@ 0040ac58     libcmt:strftime.obj
 0002:00000c60       ??_C@_02DBLP@PM?$AA@       0040ac60     libcmt:strftime.obj
 0002:00000c64       ??_C@_02ENLM@AM?$AA@       0040ac64     libcmt:strftime.obj
 0002:00000c68       ??_C@_08LIDF@December?$AA@ 0040ac68     libcmt:strftime.obj
 0002:00000c74       ??_C@_08NJLI@November?$AA@ 0040ac74     libcmt:strftime.obj
 0002:00000c80       ??_C@_07IAMM@October?$AA@  0040ac80     libcmt:strftime.obj
 0002:00000c88       ??_C@_09MKGD@September?$AA@ 0040ac88     libcmt:strftime.obj
 0002:00000c94       ??_C@_06PADP@August?$AA@   0040ac94     libcmt:strftime.obj
 0002:00000c9c       ??_C@_04PIJO@July?$AA@     0040ac9c     libcmt:strftime.obj
 0002:00000ca4       ??_C@_04ICFP@June?$AA@     0040aca4     libcmt:strftime.obj
 0002:00000cac       ??_C@_05JFGC@April?$AA@    0040acac     libcmt:strftime.obj
 0002:00000cb4       ??_C@_05FGPD@March?$AA@    0040acb4     libcmt:strftime.obj
 0002:00000cbc       ??_C@_08PGBA@February?$AA@ 0040acbc     libcmt:strftime.obj
 0002:00000cc8       ??_C@_07BPKJ@January?$AA@  0040acc8     libcmt:strftime.obj
 0002:00000cd0       ??_C@_03PGJO@Dec?$AA@      0040acd0     libcmt:strftime.obj
 0002:00000cd4       ??_C@_03PDLM@Nov?$AA@      0040acd4     libcmt:strftime.obj
 0002:00000cd8       ??_C@_03BLHK@Oct?$AA@      0040acd8     libcmt:strftime.obj
 0002:00000cdc       ??_C@_03DPFM@Sep?$AA@      0040acdc     libcmt:strftime.obj
 0002:00000ce0       ??_C@_03CMCH@Aug?$AA@      0040ace0     libcmt:strftime.obj
 0002:00000ce4       ??_C@_03OBKI@Jul?$AA@      0040ace4     libcmt:strftime.obj
 0002:00000ce8       ??_C@_03LEIG@Jun?$AA@      0040ace8     libcmt:strftime.obj
 0002:00000cec       ??_C@_03MGHB@May?$AA@      0040acec     libcmt:strftime.obj
 0002:00000cf0       ??_C@_03MJJM@Apr?$AA@      0040acf0     libcmt:strftime.obj
 0002:00000cf4       ??_C@_03GNHA@Mar?$AA@      0040acf4     libcmt:strftime.obj
 0002:00000cf8       ??_C@_03PICE@Feb?$AA@      0040acf8     libcmt:strftime.obj
 0002:00000cfc       ??_C@_03IEIF@Jan?$AA@      0040acfc     libcmt:strftime.obj
 0002:00000d00       ??_C@_08FAKH@Saturday?$AA@ 0040ad00     libcmt:strftime.obj
 0002:00000d0c       ??_C@_06ONCK@Friday?$AA@   0040ad0c     libcmt:strftime.obj
 0002:00000d14       ??_C@_08CCFO@Thursday?$AA@ 0040ad14     libcmt:strftime.obj
 0002:00000d20       ??_C@_09PBIN@Wednesday?$AA@ 0040ad20     libcmt:strftime.obj
 0002:00000d2c       ??_C@_07BMBC@Tuesday?$AA@  0040ad2c     libcmt:strftime.obj
 0002:00000d34       ??_C@_06CHLK@Monday?$AA@   0040ad34     libcmt:strftime.obj
 0002:00000d3c       ??_C@_06OOEM@Sunday?$AA@   0040ad3c     libcmt:strftime.obj
 0002:00000d44       ??_C@_03MPKK@Sat?$AA@      0040ad44     libcmt:strftime.obj
 0002:00000d48       ??_C@_03FINJ@Fri?$AA@      0040ad48     libcmt:strftime.obj
 0002:00000d4c       ??_C@_03HIKC@Thu?$AA@      0040ad4c     libcmt:strftime.obj
 0002:00000d50       ??_C@_03HECK@Wed?$AA@      0040ad50     libcmt:strftime.obj
 0002:00000d54       ??_C@_03ECCP@Tue?$AA@      0040ad54     libcmt:strftime.obj
 0002:00000d58       ??_C@_03PIEP@Mon?$AA@      0040ad58     libcmt:strftime.obj
 0002:00000d5c       ??_C@_03FHEP@Sun?$AA@      0040ad5c     libcmt:strftime.obj
 0002:00000d60       ??_C@_03MKGK@a?1p?$AA@     0040ad60     libcmt:strftime.obj
 0002:00000d64       ??_C@_05BDJK@am?1pm?$AA@   0040ad64     libcmt:strftime.obj
 0002:00000d88       ___dnames                  0040ad88     libcmt:timeset.obj
 0002:00000da0       ___mnames                  0040ada0     libcmt:timeset.obj
 0002:00000dc8       ??_C@_02JHIA@TZ?$AA@       0040adc8     libcmt:tzset.obj
 0002:00000e20       __IMPORT_DESCRIPTOR_KERNEL32 0040ae20     kernel32:KERNEL32.dll
 0002:00000e34       __IMPORT_DESCRIPTOR_MSVCRT 0040ae34     msvcrt:MSVCRT.dll
 0002:00000e48       __NULL_IMPORT_DESCRIPTOR   0040ae48     kernel32:KERNEL32.dll
 0003:00000000       ___xc_a                    0040c000     libcmt:crt0init.obj
 0003:00000004       ___xc_z                    0040c004     libcmt:crt0init.obj
 0003:00000008       ___xi_a                    0040c008     libcmt:crt0init.obj
 0003:00000010       ___xi_z                    0040c010     libcmt:crt0init.obj
 0003:00000014       ___xp_a                    0040c014     libcmt:crt0init.obj
 0003:00000018       ___xp_z                    0040c018     libcmt:crt0init.obj
 0003:0000001c       ___xt_a                    0040c01c     libcmt:crt0init.obj
 0003:00000020       ___xt_z                    0040c020     libcmt:crt0init.obj
 0003:000000ac       __aexit_rtn                0040c0ac     libcmt:crt0.obj
 0003:000000b0       ___app_type                0040c0b0     libcmt:crt0.obj
 0003:000000b8       __XcptActTab               0040c0b8     libcmt:winxfltr.obj
 0003:00000130       __First_FPE_Indx           0040c130     libcmt:winxfltr.obj
 0003:00000134       __Num_FPE                  0040c134     libcmt:winxfltr.obj
 0003:00000138       __XcptActTabSize           0040c138     libcmt:winxfltr.obj
 0003:0000013c       __XcptActTabCount          0040c13c     libcmt:winxfltr.obj
 0003:00000140       ___badioinfo               0040c140     libcmt:ioinit.obj
 0003:00000164       ___tlsindex                0040c164     libcmt:tidtable.obj
 0003:00000168       __amblksiz                 0040c168     libcmt:heapinit.obj
 0003:0000016c       __NLG_Destination          0040c16c     libcmt:exsup.obj
 0003:00000210       __locktable                0040c210     libcmt:mlock.obj
 0003:000003d0       ___old_small_block_heap    0040c3d0     libcmt:sbheap.obj
 0003:000023f4       ___old_sbh_threshold       0040e3f4     libcmt:sbheap.obj
 0003:00002568       __pctype                   0040e568     libcmt:ctype.obj
 0003:0000256c       __pwctype                  0040e56c     libcmt:ctype.obj
 0003:00002570       __ctype                    0040e570     libcmt:ctype.obj
 0003:00002774       ___mb_cur_max              0040e774     libcmt:nlsdata1.obj
 0003:00002778       ___decimal_point           0040e778     libcmt:nlsdata1.obj
 0003:0000277c       ___decimal_point_length    0040e77c     libcmt:nlsdata1.obj
 0003:00002890       ___lc_category             0040e890     libcmt:setlocal.obj
 0003:000028e0       ___rgLocInfo               0040e8e0     libcmt:getqloc.obj
 0003:00002d84       ___rglangidNotDefault      0040ed84     libcmt:getqloc.obj
 0003:00002d98       ___rg_country              0040ed98     libcmt:getqloc.obj
 0003:00002e50       ___rg_language             0040ee50     libcmt:getqloc.obj
 0003:00003058       ___lc_time_curr            0040f058     libcmt:strftime.obj
 0003:00003060       ___lc_time_c               0040f060     libcmt:strftime.obj
 0003:00003110       ___lconv_static_decimal    0040f110     libcmt:lconv.obj
 0003:00003118       ___lconv_c                 0040f118     libcmt:lconv.obj
 0003:00003148       ___lconv                   0040f148     libcmt:lconv.obj
 0003:00003150       __timezone                 0040f150     libcmt:timeset.obj
 0003:00003154       __daylight                 0040f154     libcmt:timeset.obj
 0003:00003158       __dstbias                  0040f158     libcmt:timeset.obj
 0003:000031dc       __tzname                   0040f1dc     libcmt:timeset.obj
 0003:00003210       __lpdays                   0040f210     libcmt:days.obj
 0003:00003244       __days                     0040f244     libcmt:days.obj
 0003:00003278       ?misc_char_flags@@3PAEA    0040f278     gendata.obj
 0003:00003378       __aenvptr                  0040f378     libcmt:crt0.obj
 0003:0000337c       __wenvptr                  0040f37c     libcmt:crt0.obj
 0003:00003380       ___error_mode              0040f380     libcmt:crt0.obj
 0003:00003384       __umaskval                 0040f384     libcmt:crt0dat.obj
 0003:00003388       __osver                    0040f388     libcmt:crt0dat.obj
 0003:0000338c       __winver                   0040f38c     libcmt:crt0dat.obj
 0003:00003390       __winmajor                 0040f390     libcmt:crt0dat.obj
 0003:00003394       __winminor                 0040f394     libcmt:crt0dat.obj
 0003:00003398       ___argc                    0040f398     libcmt:crt0dat.obj
 0003:0000339c       ___argv                    0040f39c     libcmt:crt0dat.obj
 0003:000033a0       ___wargv                   0040f3a0     libcmt:crt0dat.obj
 0003:000033a4       __environ                  0040f3a4     libcmt:crt0dat.obj
 0003:000033a8       ___initenv                 0040f3a8     libcmt:crt0dat.obj
 0003:000033ac       __wenviron                 0040f3ac     libcmt:crt0dat.obj
 0003:000033b0       ___winitenv                0040f3b0     libcmt:crt0dat.obj
 0003:000033b4       __pgmptr                   0040f3b4     libcmt:crt0dat.obj
 0003:000033b8       __wpgmptr                  0040f3b8     libcmt:crt0dat.obj
 0003:000033bc       __exitflag                 0040f3bc     libcmt:crt0dat.obj
 0003:000033c0       __C_Termination_Done       0040f3c0     libcmt:crt0dat.obj
 0003:000033c4       __C_Exit_Done              0040f3c4     libcmt:crt0dat.obj
 0003:000034d0       __adbgmsg                  0040f4d0     libcmt:crt0msg.obj
 0003:0000354c       __newmode                  0040f54c     libcmt:_newmode.obj
 0003:00003550       ?_pnhHeap@@3P6AHI@ZA       0040f550     libcmt:handler.obj
 0003:00003554       ___lc_handle               0040f554     libcmt:nlsdata2.obj
 0003:0000356c       ___lc_codepage             0040f56c     libcmt:nlsdata2.obj
 0003:00003570       ___lc_collate_cp           0040f570     libcmt:nlsdata2.obj
 0003:00003588       ___lc_time_intl            0040f588     libcmt:inittime.obj
 0003:000035a4       ___lc_id                   0040f5a4     libcmt:nlsdata3.obj
 0003:000035f4       ___lconv_static_null       0040f5f4     libcmt:lconv.obj
 0003:000036c8       ___alternate_form          0040f6c8     <common>
 0003:000036cc       ___no_lead_zeros           0040f6cc     <common>
 0003:000036d0       ___setlc_active            0040f6d0     <common>
 0003:000036d4       ___unguarded_readlc_active 0040f6d4     <common>
 0003:000036d8       ___sbh_sizeHeaderList      0040f6d8     <common>
 0003:000036dc       ___sbh_indGroupDefer       0040f6dc     <common>
 0003:000036e0       ___sbh_pHeaderScan         0040f6e0     <common>
 0003:000036e4       ___sbh_initialized         0040f6e4     <common>
 0003:000036e8       ___sbh_pHeaderDefer        0040f6e8     <common>
 0003:000036ec       ___sbh_cntHeaderList       0040f6ec     <common>
 0003:000036f0       ___sbh_pHeaderList         0040f6f0     <common>
 0003:000036f4       ___sbh_threshold           0040f6f4     <common>
 0003:000036f8       ___mbcodepage              0040f6f8     <common>
 0003:00003700       ___mbulinfo                0040f700     <common>
 0003:0000370c       ___ismbcodepage            0040f70c     <common>
 0003:00003720       __mbcasemap                0040f720     <common>
 0003:00003820       __mbctype                  0040f820     <common>
 0003:00003924       ___mblcid                  0040f924     <common>
 0003:00003928       __crtheap                  0040f928     <common>
 0003:0000392c       ___active_heap             0040f92c     <common>
 0003:00003940       ___pioinfo                 0040f940     <common>
 0003:00003a40       __nhandle                  0040fa40     <common>
 0003:00003a44       ___env_initialized         0040fa44     <common>
 0003:00003a48       ___mbctype_initialized     0040fa48     <common>
 0003:00003a4c       ___onexitend               0040fa4c     <common>
 0003:00003a50       ___onexitbegin             0040fa50     <common>
 0003:00003a54       __FPinit                   0040fa54     <common>
 0003:00003a58       __acmdln                   0040fa58     <common>

 entry point at        0001:000001c0

 Static symbols

 0001:0000889e       _findenv                   0040989e f   libcmt:setenv.obj
 0001:000088f6       _copy_environ              004098f6 f   libcmt:setenv.obj
 0001:000086ec       _strncnt                   004096ec f   libcmt:a_cmp.obj
 0001:000078f5       __tzset_lk                 004088f5 f   libcmt:tzset.obj
 0001:00007b9d       __isindst_lk               00408b9d f   libcmt:tzset.obj
 0001:00007d49       _cvtdate                   00408d49 f   libcmt:tzset.obj
 0001:00007419       _xtoa                      00408419 f   libcmt:xtoa.obj
 0001:000074eb       _x64toa@20                 004084eb f   libcmt:xtoa.obj
 0001:0000694c       __expandtime               0040794c f   libcmt:strftime.obj
 0001:00006d3b       __store_str                00407d3b f   libcmt:strftime.obj
 0001:00006d62       __store_num                00407d62 f   libcmt:strftime.obj
 0001:00006dd1       __store_number             00407dd1 f   libcmt:strftime.obj
 0001:00006e1a       __store_winword            00407e1a f   libcmt:strftime.obj
 0001:00005db7       _TranslateName             00406db7 f   libcmt:getqloc.obj
 0001:00005e0f       _GetLcidFromLangCountry    00406e0f f   libcmt:getqloc.obj
 0001:00005e96       _LangCountryEnumProc@4     00406e96 f   libcmt:getqloc.obj
 0001:0000609a       _GetLcidFromLanguage       0040709a f   libcmt:getqloc.obj
 0001:000060f0       _LanguageEnumProc@4        004070f0 f   libcmt:getqloc.obj
 0001:000061ad       _GetLcidFromCountry        004071ad f   libcmt:getqloc.obj
 0001:000061e4       _CountryEnumProc@4         004071e4 f   libcmt:getqloc.obj
 0001:0000626a       _GetLcidFromDefault        0040726a f   libcmt:getqloc.obj
 0001:00006284       _ProcessCodePage           00407284 f   libcmt:getqloc.obj
 0001:000062ea       _TestDefaultCountry        004072ea f   libcmt:getqloc.obj
 0001:00006309       _TestDefaultLanguage       00407309 f   libcmt:getqloc.obj
 0001:0000636b       _IsThisWindowsNT           0040736b f   libcmt:getqloc.obj
 0001:000063a1       _crtGetLocaleInfoA@16      004073a1 f   libcmt:getqloc.obj
 0001:00006487       _LcidFromHexString         00407487 f   libcmt:getqloc.obj
 0001:000064c0       _GetPrimaryLen             004074c0 f   libcmt:getqloc.obj
 0001:00005734       __get_lc_lconv             00406734 f   libcmt:initmon.obj
 0001:00005856       _fix_grouping              00406856 f   libcmt:initmon.obj
 0001:0000588d       __free_lc_lconv            0040688d f   libcmt:initmon.obj
 0001:00005632       _fix_grouping              00406632 f   libcmt:initnum.obj
 0001:00004f7f       __get_lc_time              00405f7f f   libcmt:inittime.obj
 0001:000052cd       __free_lc_time             004062cd f   libcmt:inittime.obj
 0001:00004abb       __setlocale_set_cat        00405abb f   libcmt:setlocal.obj
 0001:00004bd6       __setlocale_get_all        00405bd6 f   libcmt:setlocal.obj
 0001:000045b0       LeadUp1                    004055b0 f   libcmt:memmove.obj
 0001:000045dc       LeadUp2                    004055dc f   libcmt:memmove.obj
 0001:00004600       LeadUp3                    00405600 f   libcmt:memmove.obj
 0001:0000467f       UnwindUp0                  0040567f f   libcmt:memmove.obj
 0001:0000466c       UnwindUp1                  0040566c f   libcmt:memmove.obj
 0001:00004664       UnwindUp2                  00405664 f   libcmt:memmove.obj
 0001:0000465c       UnwindUp3                  0040565c f   libcmt:memmove.obj
 0001:00004654       UnwindUp4                  00405654 f   libcmt:memmove.obj
 0001:0000464c       UnwindUp5                  0040564c f   libcmt:memmove.obj
 0001:00004644       UnwindUp6                  00405644 f   libcmt:memmove.obj
 0001:0000463c       UnwindUp7                  0040563c f   libcmt:memmove.obj
 0001:00004698       TrailUp0                   00405698 f   libcmt:memmove.obj
 0001:000046a0       TrailUp1                   004056a0 f   libcmt:memmove.obj
 0001:000046ac       TrailUp2                   004056ac f   libcmt:memmove.obj
 0001:000046c0       TrailUp3                   004056c0 f   libcmt:memmove.obj
 0001:00004738       LeadDown1                  00405738 f   libcmt:memmove.obj
 0001:00004758       LeadDown2                  00405758 f   libcmt:memmove.obj
 0001:00004780       LeadDown3                  00405780 f   libcmt:memmove.obj
 0001:000047d4       UnwindDown7                004057d4 f   libcmt:memmove.obj
 0001:000047dc       UnwindDown6                004057dc f   libcmt:memmove.obj
 0001:000047e4       UnwindDown5                004057e4 f   libcmt:memmove.obj
 0001:000047ec       UnwindDown4                004057ec f   libcmt:memmove.obj
 0001:000047f4       UnwindDown3                004057f4 f   libcmt:memmove.obj
 0001:000047fc       UnwindDown2                004057fc f   libcmt:memmove.obj
 0001:00004804       UnwindDown1                00405804 f   libcmt:memmove.obj
 0001:00004817       UnwindDown0                00405817 f   libcmt:memmove.obj
 0001:00004830       TrailDown0                 00405830 f   libcmt:memmove.obj
 0001:00004838       TrailDown1                 00405838 f   libcmt:memmove.obj
 0001:00004848       TrailDown2                 00405848 f   libcmt:memmove.obj
 0001:0000485c       TrailDown3                 0040585c f   libcmt:memmove.obj
 0001:00004127       _strncnt                   00405127 f   libcmt:a_map.obj
 0001:000020e9       _strtoxl                   004030e9 f   libcmt:strtol.obj
 0001:00001cd0       LeadUp1                    00402cd0 f   libcmt:memcpy.obj
 0001:00001cfc       LeadUp2                    00402cfc f   libcmt:memcpy.obj
 0001:00001d20       LeadUp3                    00402d20 f   libcmt:memcpy.obj
 0001:00001d9f       UnwindUp0                  00402d9f f   libcmt:memcpy.obj
 0001:00001d8c       UnwindUp1                  00402d8c f   libcmt:memcpy.obj
 0001:00001d84       UnwindUp2                  00402d84 f   libcmt:memcpy.obj
 0001:00001d7c       UnwindUp3                  00402d7c f   libcmt:memcpy.obj
 0001:00001d74       UnwindUp4                  00402d74 f   libcmt:memcpy.obj
 0001:00001d6c       UnwindUp5                  00402d6c f   libcmt:memcpy.obj
 0001:00001d64       UnwindUp6                  00402d64 f   libcmt:memcpy.obj
 0001:00001d5c       UnwindUp7                  00402d5c f   libcmt:memcpy.obj
 0001:00001db8       TrailUp0                   00402db8 f   libcmt:memcpy.obj
 0001:00001dc0       TrailUp1                   00402dc0 f   libcmt:memcpy.obj
 0001:00001dcc       TrailUp2                   00402dcc f   libcmt:memcpy.obj
 0001:00001de0       TrailUp3                   00402de0 f   libcmt:memcpy.obj
 0001:00001e58       LeadDown1                  00402e58 f   libcmt:memcpy.obj
 0001:00001e78       LeadDown2                  00402e78 f   libcmt:memcpy.obj
 0001:00001ea0       LeadDown3                  00402ea0 f   libcmt:memcpy.obj
 0001:00001ef4       UnwindDown7                00402ef4 f   libcmt:memcpy.obj
 0001:00001efc       UnwindDown6                00402efc f   libcmt:memcpy.obj
 0001:00001f04       UnwindDown5                00402f04 f   libcmt:memcpy.obj
 0001:00001f0c       UnwindDown4                00402f0c f   libcmt:memcpy.obj
 0001:00001f14       UnwindDown3                00402f14 f   libcmt:memcpy.obj
 0001:00001f1c       UnwindDown2                00402f1c f   libcmt:memcpy.obj
 0001:00001f24       UnwindDown1                00402f24 f   libcmt:memcpy.obj
 0001:00001f37       UnwindDown0                00402f37 f   libcmt:memcpy.obj
 0001:00001f50       TrailDown0                 00402f50 f   libcmt:memcpy.obj
 0001:00001f58       TrailDown1                 00402f58 f   libcmt:memcpy.obj
 0001:00001f68       TrailDown2                 00402f68 f   libcmt:memcpy.obj
 0001:00001f7c       TrailDown3                 00402f7c f   libcmt:memcpy.obj
 0001:00001a08       _getSystemCP               00402a08 f   libcmt:mbctype.obj
 0001:00001a52       _CPtoLCID                  00402a52 f   libcmt:mbctype.obj
 0001:00001a85       _setSBCS                   00402a85 f   libcmt:mbctype.obj
 0001:00001aae       _setSBUpLow                00402aae f   libcmt:mbctype.obj
 0001:00001024       _gu_return                 00402024 f   libcmt:exsup.obj
 0001:0000102c       __unwind_handler           0040202c f   libcmt:exsup.obj
 0001:00000701       _parse_cmdline             00401701 f   libcmt:stdargv.obj
 0001:00000575       _xcptlookup                00401575 f   libcmt:winxfltr.obj
 0001:00000366       _doexit                    00401366 f   libcmt:crt0dat.obj
 0001:0000041d       __initterm                 0040141d f   libcmt:crt0dat.obj
 0001:000002d5       _fast_error_exit           004012d5 f   libcmt:crt0.obj
