 Cannibal

 Timestamp is 3bd695fe (Wed Oct 24 05:20:46 2001)

 Preferred load address is 10000000

 Start         Length     Name                   Class
 0001:00000000 0005605cH .text                   CODE
 0001:00056060 00002e43H .text$x                 CODE
 0002:00000000 00000254H .idata$5                DATA
 0002:00000258 00001240H .rdata                  DATA
 0002:00001498 00000044H .rdata$r                DATA
 0002:000014e0 00003038H .xdata$x                DATA
 0002:00004518 000000c8H .idata$2                DATA
 0002:000045e0 00000014H .idata$3                DATA
 0002:000045f4 00000254H .idata$4                DATA
 0002:00004848 00000934H .idata$6                DATA
 0002:00005180 0000697dH .edata                  DATA
 0003:00000000 00000004H .CRT$XCA                DATA
 0003:00000004 00000218H .CRT$XCU                DATA
 0003:0000021c 00000004H .CRT$XCZ                DATA
 0003:00000220 00000004H .CRT$XIA                DATA
 0003:00000224 00000004H .CRT$XIZ                DATA
 0003:00000230 0000220fH .data                   DATA
 0003:00002440 004476fcH .bss                    DATA
 0004:00000000 00013fe8H .shared                 DATA
 0005:00000000 00000550H .rsrc$01                DATA
 0005:00000550 00003c48H .rsrc$02                DATA

  Address         Publics by Value              Rva+Base     Lib:Object

 0001:00000000       ?Set@CCorString@@QAEXPAD@Z 10001000 f i CorMain.obj
 0001:00000090       ?Cat@CCorString@@QAEXPAD@Z 10001090 f i CorMain.obj
 0001:000001d0       ?Setf@CCorString@@QAAXPADZZ 100011d0 f i CorMain.obj
 0001:00000270       ?Catf@CCorString@@QAAXPADZZ 10001270 f i CorMain.obj
 0001:000003b0       ??0CCorString@@QAE@XZ      100013b0 f i CorMain.obj
 0001:000003c0       ??1CCorString@@QAE@XZ      100013c0 f i CorMain.obj
 0001:00000400       ??0CCorString@@QAE@ABV0@@Z 10001400 f i CorMain.obj
 0001:00000470       ??0CCorString@@QAE@PBD@Z   10001470 f i CorMain.obj
 0001:000004e0       ??4CCorString@@QAEAAV0@ABV0@@Z 100014e0 f i CorMain.obj
 0001:00000580       ??4CCorString@@QAEAAV0@PBD@Z 10001580 f i CorMain.obj
 0001:00000610       ??YCCorString@@QAEAAV0@ABV0@@Z 10001610 f i CorMain.obj
 0001:00000750       ??YCCorString@@QAEAAV0@PBD@Z 10001750 f i CorMain.obj
 0001:00000890       ??8CCorString@@QAE_NABV0@@Z 10001890 f i CorMain.obj
 0001:00000900       ??9CCorString@@QAE_NABV0@@Z 10001900 f i CorMain.obj
 0001:00000970       ??ECCorString@@QAEXXZ      10001970 f i CorMain.obj
 0001:00000980       ??ECCorString@@QAEXH@Z     10001980 f i CorMain.obj
 0001:000009a0       ??FCCorString@@QAEXXZ      100019a0 f i CorMain.obj
 0001:000009b0       ??FCCorString@@QAEXH@Z     100019b0 f i CorMain.obj
 0001:000009d0       ??HCCorString@@QAE?AV0@XZ  100019d0 f i CorMain.obj
 0001:00000b10       ??GCCorString@@QAE?AV0@XZ  10001b10 f i CorMain.obj
 0001:00000c50       ??DCCorString@@QBEPADXZ    10001c50 f i CorMain.obj
 0001:00000c60       ?Len@CCorString@@QBEKXZ    10001c60 f i CorMain.obj
 0001:00000c80       ?Str@CCorString@@QBEPADXZ  10001c80 f i CorMain.obj
 0001:00000c90       ?GetStaticMemSize@CCorString@@SAKXZ 10001c90 f i CorMain.obj
 0001:00000ce0       ??0CblDll@@QAE@XZ          10001ce0 f   Kernel.obj
 0001:00000cf0       ?attach_process@CblDll@@QAEKPAX@Z 10001cf0 f   Kernel.obj
 0001:00000dc0       ?detach_process@CblDll@@QAEKPAX@Z 10001dc0 f   Kernel.obj
 0001:00000dd0       ?attach_thread@CblDll@@QAEKPAX@Z 10001dd0 f   Kernel.obj
 0001:00000de0       ?detach_thread@CblDll@@QAEKPAX@Z 10001de0 f   Kernel.obj
 0001:00000df0       ?init@CblDll@@QAEKXZ       10001df0 f   Kernel.obj
 0001:00000eb0       _DllMain@12                10001eb0 f   Kernel.obj
 0001:00000fb0       ?KRN_GetModuleHandle@@YAPAXXZ 10001fb0 f   Kernel.obj
 0001:00000fc0       ?KRN_GetDllVersion@@YAKPBDPAVWinVersion@@@Z 10001fc0 f   Kernel.obj
 0001:000010c0       ??1AutoLibrary@@QAE@XZ     100020c0 f i Kernel.obj
 0001:000010d0       ?equal_or_better@WinVersion@@QAEKGG@Z 100020d0 f i Kernel.obj
 0001:00001100       ??0IMsgRouter@@QAE@XZ      10002100 f i Kernel.obj
 0001:00001110       ??0IMsgRouter@@QAE@ABV0@@Z 10002110 f i Kernel.obj
 0001:00001120       ??4IMsgRouter@@QAEAAV0@ABV0@@Z 10002120 f i Kernel.obj
 0001:00001130       ??0IMsgTarget@@QAE@XZ      10002130 f i Kernel.obj
 0001:00001140       ??0IMsgTarget@@QAE@ABV0@@Z 10002140 f i Kernel.obj
 0001:00001150       ??4IMsgTarget@@QAEAAV0@ABV0@@Z 10002150 f i Kernel.obj
 0001:00001190       ??_H@YGXPAXIHP6EX0@Z@Z     10002190 f i StrMain.obj
 0001:000011c0       ?STR_Va@@YAPADAAPAD@Z      100021c0 f   StrMain.obj
 0001:000011f0       ?STR_Indent@@YAPADK@Z      100021f0 f   StrMain.obj
 0001:00001230       ?STR_Literal@@YADAAPAD@Z   10002230 f   StrMain.obj
 0001:00001350       ?STR_CalcHash@@YAKPAD@Z    10002350 f   StrMain.obj
 0001:000013b0       ?STR_FilePath@@YAPADPAD@Z  100023b0 f   StrMain.obj
 0001:00001420       ?STR_FileRoot@@YAPADPAD@Z  10002420 f   StrMain.obj
 0001:00001480       ?STR_FileExtension@@YAPADPAD@Z 10002480 f   StrMain.obj
 0001:000014a0       ?STR_FileSuggestedExt@@YAPADPAD0@Z 100024a0 f   StrMain.obj
 0001:00001520       ?STR_FileForcedExt@@YAPADPAD0@Z 10002520 f   StrMain.obj
 0001:000015a0       ?STR_FileFind@@YAPADPADPAHPAK@Z 100025a0 f   StrMain.obj
 0001:00001740       ?STR_FileFindPushState@@YAXXZ 10002740 f   StrMain.obj
 0001:00001780       ?STR_FileFindPopState@@YAXXZ 10002780 f   StrMain.obj
 0001:00001790       ?STR_Chartoi@@YAHPAD@Z     10002790 f   StrMain.obj
 0001:000017c0       ?STR_Binatoi@@YAHPAD@Z     100027c0 f   StrMain.obj
 0001:00001810       ?STR_Octatoi@@YAHPAD@Z     10002810 f   StrMain.obj
 0001:00001860       ?STR_Hexatoi@@YAHPAD@Z     10002860 f   StrMain.obj
 0001:000018d0       ?STR_ArgInit@@YAXKPAPAD@Z  100028d0 f   StrMain.obj
 0001:000018f0       ?STR_Argc@@YAKXZ           100028f0 f   StrMain.obj
 0001:00001900       ?STR_Argv@@YAPADK@Z        10002900 f   StrMain.obj
 0001:00001910       ?STR_ArgOption@@YAKPADK@Z  10002910 f   StrMain.obj
 0001:00001990       ?Init@CLogFileTarget@@UAEXPAD@Z 10002990 f i LogMain.obj
 0001:000019d0       ?Shutdown@CLogFileTarget@@UAEXXZ 100029d0 f i LogMain.obj
 0001:000019f0       ?Write@CLogFileTarget@@UAEXPAD@Z 100029f0 f i LogMain.obj
 0001:00001a70       ?Init@CLogConsoleTarget@@UAEXPAD@Z 10002a70 f i LogMain.obj
 0001:00001ad0       ?Shutdown@CLogConsoleTarget@@UAEXXZ 10002ad0 f i LogMain.obj
 0001:00001af0       ?Write@CLogConsoleTarget@@UAEXPAD@Z 10002af0 f i LogMain.obj
 0001:00001b50       ?Init@CLogDebugTarget@@UAEXPAD@Z 10002b50 f i LogMain.obj
 0001:00001b60       ?Shutdown@CLogDebugTarget@@UAEXXZ 10002b60 f i LogMain.obj
 0001:00001b70       ?Write@CLogDebugTarget@@UAEXPAD@Z 10002b70 f i LogMain.obj
 0001:00001bc0       ?Init@CLogStdoutTarget@@UAEXPAD@Z 10002bc0 f i LogMain.obj
 0001:00001bd0       ?Shutdown@CLogStdoutTarget@@UAEXXZ 10002bd0 f i LogMain.obj
 0001:00001be0       ?Write@CLogStdoutTarget@@UAEXPAD@Z 10002be0 f i LogMain.obj
 0001:00001c10       ?LOG_Init@@YAXPADP6AXXZW4ELogLevel@@K@Z 10002c10 f   LogMain.obj
 0001:00001c60       ?LOG_Shutdown@@YAXXZ       10002c60 f   LogMain.obj
 0001:00001c80       ?LOG_AddTarget@@YAKPAVILogTarget@@@Z 10002c80 f   LogMain.obj
 0001:00001cc0       ?LOG_RemoveTarget@@YAXK@Z  10002cc0 f   LogMain.obj
 0001:00001cf0       ?LOG_GetStockTarget@@YAPAVILogTarget@@W4ELogStockTarget@@@Z 10002cf0 f   LogMain.obj
 0001:00001d30       ?LOG_SetLevel@@YAXW4ELogLevel@@K@Z 10002d30 f   LogMain.obj
 0001:00001d50       ?LOG_Write@@YAXW4ELogLevel@@KPAD@Z 10002d50 f   LogMain.obj
 0001:00001f50       ?LOG_Errorf@@YAXPADZZ      10002f50 f   LogMain.obj
 0001:00001f70       ?LOG_Warnf@@YAXPADZZ       10002f70 f   LogMain.obj
 0001:00001f90       ?LOG_Logf@@YAXPADZZ        10002f90 f   LogMain.obj
 0001:00001fb0       ?LOG_Verbosef@@YAXPADZZ    10002fb0 f   LogMain.obj
 0001:00001fd0       ?LOG_Debugf@@YAXPADZZ      10002fd0 f   LogMain.obj
 0001:00001ff0       ?LOG_DevWarnf@@YAXPADZZ    10002ff0 f   LogMain.obj
 0001:00002010       ?LOG_DevLogf@@YAXPADZZ     10003010 f   LogMain.obj
 0001:00002030       ?LOG_DevVerbosef@@YAXPADZZ 10003030 f   LogMain.obj
 0001:00002050       ?LOG_DevDebugf@@YAXPADZZ   10003050 f   LogMain.obj
 0001:00002070       ?TIME_Init@@YAXXZ          10003070 f   TimeMain.obj
 0001:000020d0       ?TIME_Shutdown@@YAXXZ      100030d0 f   TimeMain.obj
 0001:000020e0       ?TIME_Frame@@YAXXZ         100030e0 f   TimeMain.obj
 0001:00002170       ?TIME_Reset@@YAXXZ         10003170 f   TimeMain.obj
 0001:00002200       ?TIME_GetTimeRaw@@YAMXZ    10003200 f   TimeMain.obj
 0001:00002280       ?TIME_GetTimeFrame@@YAMXZ  10003280 f   TimeMain.obj
 0001:00002290       ?TIME_GetDeltaTimeFrame@@YAMXZ 10003290 f   TimeMain.obj
 0001:000022a0       ?MEM_SetAlloc@@YAXPAVIMemAlloc@@@Z 100032a0 f   MemMain.obj
 0001:000022f0       ?Malloc@CMemStdAlloc@@UAEPAXK@Z 100032f0 f i MemMain.obj
 0001:00002330       ?Realloc@CMemStdAlloc@@UAEPAXPAXK@Z 10003330 f i MemMain.obj
 0001:00002390       ?Free@CMemStdAlloc@@UAEXPAX@Z 10003390 f i MemMain.obj
 0001:000023d0       ?Size@CMemStdAlloc@@UAEKPAX@Z 100033d0 f i MemMain.obj
 0001:000023f0       ?TotalSize@CMemStdAlloc@@UAEKXZ 100033f0 f i MemMain.obj
 0001:00002400       ?MEM_GetAlloc@@YAPAVIMemAlloc@@XZ 10003400 f   MemMain.obj
 0001:00002420       ??0CMemStdAlloc@@QAE@XZ    10003420 f i MemMain.obj
 0001:00002430       ?FILE_BoxInit@@YA_NPAX@Z   10003430 f   FileBox.obj
 0001:00002440       ?FILE_OpenBox@@YAPADPAD00@Z 10003440 f   FileBox.obj
 0001:000025a0       ?FILE_OpenBoxMulti@@YA_NPAD00@Z 100035a0 f   FileBox.obj
 0001:000026d0       ?FILE_OpenBoxMultiGet@@YAPADXZ 100036d0 f   FileBox.obj
 0001:00002770       ?FILE_SaveBox@@YAPADPAD000@Z 10003770 f   FileBox.obj
 0001:00002890       ?test_hack@@YAXXZ          10003890 f   FileBox.obj
 0001:00002960       ?browse_callback@@YGHPAUHWND__@@IJJ@Z 10003960 f   FileBox.obj
 0001:000029f0       ?FILE_DirSelect@@YAPBDPBD0@Z 100039f0 f   FileBox.obj
 0001:00002ae0       ?FILE_DirBox@@YAPADPAD@Z   10003ae0 f   FileBox.obj
 0001:00002af0       ?FILE_OpenRead@@YAPAVIFileRead@@PBD@Z 10003af0 f   FileMain.obj
 0001:00002bb0       ?SeekStart@CStdFileBase@@UAE_NK@Z 10003bb0 f i FileMain.obj
 0001:00002bd0       ?SeekCurrent@CStdFileBase@@UAE_NJ@Z 10003bd0 f i FileMain.obj
 0001:00002bf0       ?SeekEnd@CStdFileBase@@UAE_NK@Z 10003bf0 f i FileMain.obj
 0001:00002c10       ?Tell@CStdFileBase@@UAEKXZ 10003c10 f i FileMain.obj
 0001:00002c20       ?Size@CStdFileBase@@UAEKXZ 10003c20 f i FileMain.obj
 0001:00002c80       ?FILE_CreateWrite@@YAPAVIFileWrite@@PBD@Z 10003c80 f   FileMain.obj
 0001:00002d40       ?Close@CStdFileWrite@@$4PPPPPPPM@A@AE_NXZ 10003d40 f i FileMain.obj
 0001:00002d50       ?Close@CStdFileWrite@@UAE_NXZ 10003d50 f i FileMain.obj
 0001:00002d80       ?SeekStart@CStdFileBase@@W7AE_NK@Z 10003d80 f i FileMain.obj
 0001:00002d90       ?SeekCurrent@CStdFileBase@@W7AE_NJ@Z 10003d90 f i FileMain.obj
 0001:00002da0       ?SeekEnd@CStdFileBase@@W7AE_NK@Z 10003da0 f i FileMain.obj
 0001:00002db0       ?Tell@CStdFileBase@@W7AEKXZ 10003db0 f i FileMain.obj
 0001:00002dc0       ?Size@CStdFileBase@@W7AEKXZ 10003dc0 f i FileMain.obj
 0001:00002dd0       ?Write@CStdFileWrite@@$4PPPPPPPM@A@AE_NPAXK@Z 10003dd0 f i FileMain.obj
 0001:00002de0       ?Write@CStdFileWrite@@UAE_NPAXK@Z 10003de0 f i FileMain.obj
 0001:00002e10       ?Close@CStdFileRead@@$4PPPPPPPM@A@AE_NXZ 10003e10 f i FileMain.obj
 0001:00002e20       ?Close@CStdFileRead@@UAE_NXZ 10003e20 f i FileMain.obj
 0001:00002e50       ?Read@CStdFileRead@@$4PPPPPPPM@A@AE_NPAXK@Z 10003e50 f i FileMain.obj
 0001:00002e60       ?Read@CStdFileRead@@UAE_NPAXK@Z 10003e60 f i FileMain.obj
 0001:00002e90       ??0nfaNodeFactory_t@@QAE@K@Z 10003e90 f   LexMain.obj
 0001:00002ec0       ??1nfaNodeFactory_t@@QAE@XZ 10003ec0 f   LexMain.obj
 0001:00002ee0       ?AllocNode@nfaNodeFactory_t@@QAEPAVnfaNode_t@@XZ 10003ee0 f   LexMain.obj
 0001:00002f10       ?NodeForId@nfaNodeFactory_t@@QAEPAVnfaNode_t@@K@Z 10003f10 f   LexMain.obj
 0001:00002f20       ?IdForNode@nfaNodeFactory_t@@QAEKPAVnfaNode_t@@@Z 10003f20 f   LexMain.obj
 0001:00002f40       ??0nfaExprFactory_t@@QAE@K@Z 10003f40 f   LexMain.obj
 0001:00002f70       ??1nfaExprFactory_t@@QAE@XZ 10003f70 f   LexMain.obj
 0001:00002f90       ?AllocExpr@nfaExprFactory_t@@QAEPAVnfaExpr_t@@XZ 10003f90 f   LexMain.obj
 0001:00002fc0       ?ExprForId@nfaExprFactory_t@@QAEPAVnfaExpr_t@@K@Z 10003fc0 f   LexMain.obj
 0001:00002fd0       ?IdForExpr@nfaExprFactory_t@@QAEKPAVnfaExpr_t@@@Z 10003fd0 f   LexMain.obj
 0001:00002fe0       ?LEX_CreateLexer@@YAPAVILexLexer@@XZ 10003fe0 f   LexMain.obj
 0001:000031a0       ??1bitSet_t@@QAE@XZ        100041a0 f i LexMain.obj
 0001:000031c0       ??3nfaNode_t@@SAXPAXAAVnfaNodeFactory_t@@@Z 100041c0 f i LexMain.obj
 0001:000031d0       ??1dfaTable_t@@QAE@XZ      100041d0 f i LexMain.obj
 0001:00003220       ??3lexer_t@@SAXPAX@Z       10004220 f i LexMain.obj
 0001:00003240       ?Destroy@lexer_t@@UAE_NXZ  10004240 f i LexMain.obj
 0001:00003260       ?CaseSensitivity@lexer_t@@UAE_N_N@Z 10004260 f i LexMain.obj
 0001:00003280       ?RegisterToken@lexer_t@@UAE_NKPAD@Z 10004280 f i LexMain.obj
 0001:000032a0       ?RegisterToken@lexer_t@@QAE_NPADK0@Z 100042a0 f i LexMain.obj
 0001:00003550       ?ExprOr@lexer_t@@QAEXPAVnfaExpr_t@@0@Z 10004550 f i LexMain.obj
 0001:00003700       ?RegexFactor@lexer_t@@QAEPAVnfaExpr_t@@AAPAD@Z 10004700 f i LexMain.obj
 0001:000037b0       ?ExprOneOrMore@lexer_t@@QAEXPAVnfaExpr_t@@@Z 100047b0 f i LexMain.obj
 0001:00003940       ?ExprZeroOrMore@lexer_t@@QAEXPAVnfaExpr_t@@@Z 10004940 f i LexMain.obj
 0001:00003ad0       ?ExprZeroOrOne@lexer_t@@QAEXPAVnfaExpr_t@@@Z 10004ad0 f i LexMain.obj
 0001:00003c60       ?RegexFactorPrime@lexer_t@@QAEPAVnfaExpr_t@@AAPAD@Z 10004c60 f i LexMain.obj
 0001:00003fd0       ?Init@bitSet_t@@QAEXH@Z    10004fd0 f i LexMain.obj
 0001:00004010       ??4bitSet_t@@QAEAAV0@ABV0@@Z 10005010 f i LexMain.obj
 0001:00004040       ??_5bitSet_t@@QAEAAV0@ABV0@@Z 10005040 f i LexMain.obj
 0001:00004080       ??0nfaNode_t@@QAE@XZ       10005080 f i LexMain.obj
 0001:000040e0       ?ExprCreate@lexer_t@@QAEPAVnfaExpr_t@@E@Z 100050e0 f i LexMain.obj
 0001:000042c0       ?ExprCreate@lexer_t@@QAEPAVnfaExpr_t@@AAVbitSet_t@@@Z 100052c0 f i LexMain.obj
 0001:000044c0       ?ExprCat@lexer_t@@QAEXPAVnfaExpr_t@@0@Z 100054c0 f i LexMain.obj
 0001:00004500       ?RegexGroup@lexer_t@@QAE_NAAPADAAVbitSet_t@@@Z 10005500 f i LexMain.obj
 0001:00004720       ?RegexTerm@lexer_t@@QAEPAVnfaExpr_t@@AAPAD@Z 10005720 f i LexMain.obj
 0001:000048a0       ?TokenPriority@lexer_t@@UAEEE@Z 100058a0 f i LexMain.obj
 0001:000048b0       ?TokenIntercept@lexer_t@@UAE_NKP6AXPAVILexLexer@@PAUSLexToken@@@Z@Z 100058b0 f i LexMain.obj
 0001:00004920       ?Finalize@lexer_t@@UAE_NXZ 10005920 f i LexMain.obj
 0001:00004950       ?MinimizeDFA@lexer_t@@QAEXXZ 10005950 f i LexMain.obj
 0001:00004f40       ?Init@dfaPartition_t@@QAEXXZ 10005f40 f i LexMain.obj
 0001:00004f70       ?Owns@dfaPartition_t@@QAE_NJPAJ@Z 10005f70 f i LexMain.obj
 0001:00004fb0       ?Add@dfaPartition_t@@QAE_NJ@Z 10005fb0 f i LexMain.obj
 0001:00005040       ?Remove@dfaPartition_t@@QAE_NJ@Z 10006040 f i LexMain.obj
 0001:00005090       ?Init@dfaPartitionSet_t@@QAEXXZ 10006090 f i LexMain.obj
 0001:000050f0       ?MoveTo@dfaPartitionSet_t@@QAEXJJ@Z 100060f0 f i LexMain.obj
 0001:000051e0       ?ComputeDFA@lexer_t@@QAEXXZ 100061e0 f i LexMain.obj
 0001:00005a90       ??0bitSet_t@@QAE@XZ        10006a90 f i LexMain.obj
 0001:00005af0       ??YbitSet_t@@QAEAAV0@K@Z   10006af0 f i LexMain.obj
 0001:00005b20       ?Contains@bitSet_t@@QAEHK@Z 10006b20 f i LexMain.obj
 0001:00005b50       ?SaveFinalization@lexer_t@@UAE_NPAU_iobuf@@@Z 10006b50 f i LexMain.obj
 0001:00005c40       ?LoadFinalization@lexer_t@@UAE_NPAU_iobuf@@@Z 10006c40 f i LexMain.obj
 0001:00005d70       ?SetText@lexer_t@@UAE_NPADKKK@Z 10006d70 f i LexMain.obj
 0001:00005da0       ?GetText@lexer_t@@UAEPADPAK0@Z 10006da0 f i LexMain.obj
 0001:00005dc0       ?PeekChar@lexer_t@@UAEDXZ  10006dc0 f i LexMain.obj
 0001:00005dd0       ?GetChar@lexer_t@@UAEDXZ   10006dd0 f i LexMain.obj
 0001:00005e00       ?PeekToken@lexer_t@@UAEKPAUSLexToken@@@Z 10006e00 f i LexMain.obj
 0001:00005fc0       ?GetTokenNFA@lexer_t@@QAEK_NPAUSLexToken@@@Z 10006fc0 f i LexMain.obj
 0001:000066c0       ?GetToken@lexer_t@@UAEKPAUSLexToken@@@Z 100076c0 f i LexMain.obj
 0001:00006840       ?nodeSet@?1??GetTokenNFA@lexer_t@@QAEK_NPAUSLexToken@@@Z@$AVbitSet_t@@A 10007840 f i LexMain.obj
 0001:00006860       ?parts@?1??MinimizeDFA@lexer_t@@QAEXXZ@$AVdfaPartitionSet_t@@A 10007860 f i LexMain.obj
 0001:00006870       ?outSet@?1??ComputeMove@lexer_t@@QAEXAAVbitSet_t@@E@Z@$AV2@A 10007870 f i LexMain.obj
 0001:00006890       ??1lexer_t@@QAE@XZ         10007890 f i LexMain.obj
 0001:00006970       ?LEX_GetLastError@@YAPADXZ 10007970 f   LexMain.obj
 0001:00006980       ??0parsePosition_t@?5??Parse@parser_t@@QAEPAVCPrsNode@@PADK0PAK1@Z@QAE@KPAHPAPAV3@PAVparseStateProd_t@@0KK@Z 10007980 f   PrsMain.obj
 0001:00006a20       ?CopyFrom@parsePosition_t@?5??Parse@parser_t@@QAEPAVCPrsNode@@PADK0PAK1@Z@QAEXABV13@_N@Z 10007a20 f   PrsMain.obj
 0001:00006ad0       ??0parsePosition_t@?5??Parse@parser_t@@QAEPAVCPrsNode@@PADK0PAK1@Z@QAE@ABV02@@Z 10007ad0 f   PrsMain.obj
 0001:00006af0       ??4parsePosition_t@?5??Parse@parser_t@@QAEPAVCPrsNode@@PADK0PAK1@Z@QAEAAV02@ABV02@@Z 10007af0 f   PrsMain.obj
 0001:00006b10       ??1parsePosition_t@?5??Parse@parser_t@@QAEPAVCPrsNode@@PADK0PAK1@Z@QAE@XZ 10007b10 f   PrsMain.obj
 0001:00006b50       ??2parsePosition_t@?5??Parse@parser_t@@QAEPAVCPrsNode@@PADK0PAK1@Z@SAPAXI@Z 10007b50 f   PrsMain.obj
 0001:00006b70       ??3parsePosition_t@?5??Parse@parser_t@@QAEPAVCPrsNode@@PADK0PAK1@Z@SAXPAX@Z 10007b70 f   PrsMain.obj
 0001:00006b90       ??2parseState_t@@SAPAXIPAVparser_t@@K@Z 10007b90 f   PrsMain.obj
 0001:00006c10       ??2parseStateProd_t@@SAPAXIPAVparser_t@@K@Z 10007c10 f   PrsMain.obj
 0001:00006c60       ?PRS_CreateParser@@YAPAVIPrsParser@@K@Z 10007c60 f   PrsMain.obj
 0001:00006fc0       ??0parseRule_t@@QAE@XZ     10007fc0 f i PrsMain.obj
 0001:00006fe0       ??1parseRule_t@@QAE@XZ     10007fe0 f i PrsMain.obj
 0001:00007040       ?MakeRule@parser_t@@QAEPAVparseRule_t@@PADPA_N_N@Z 10008040 f i PrsMain.obj
 0001:00007180       ?InitProductionLexer@parser_t@@QAEXXZ 10008180 f i PrsMain.obj
 0001:00007240       ?Destroy@parser_t@@UAE_NXZ 10008240 f i PrsMain.obj
 0001:00007260       ??1parser_t@@QAE@XZ        10008260 f i PrsMain.obj
 0001:000072f0       ??1parseState_t@@QAE@XZ    100082f0 f i PrsMain.obj
 0001:00007310       ?GetLexer@parser_t@@UAEPAVILexLexer@@XZ 10008310 f i PrsMain.obj
 0001:00007320       ?RegisterTerm@parser_t@@UAE_NPADK@Z 10008320 f i PrsMain.obj
 0001:000074b0       ?RegisterProd@parser_t@@UAA_NPAD0ZZ 100084b0 f i PrsMain.obj
 0001:00007870       ?SetRuleAlias@parser_t@@UAE_NPAD0@Z 10008870 f i PrsMain.obj
 0001:00007960       ?SetTermFunc@parser_t@@UAE_NP6AXPAVIPrsNode@@PAUSLexToken@@@Z@Z 10008960 f i PrsMain.obj
 0001:00007970       ?Finalize@parser_t@@UAE_NXZ 10008970 f i PrsMain.obj
 0001:00007bb0       ?RegisterNonTerminal@parser_t@@QAEXPAD0PAP6AXPAVIPrsNode@@PAPAV2@@Z@Z 10008bb0 f i PrsMain.obj
 0001:00007f50       ?ResolveProductionItemRules@parser_t@@QAEXXZ 10008f50 f i PrsMain.obj
 0001:000083e0       ?GenerateStates@parser_t@@QAEXXZ 100093e0 f i PrsMain.obj
 0001:00008a20       ?ProdSortCompare@parseState_t@@CAHPBX0@Z 10009a20 f i PrsMain.obj
 0001:00008a50       ?Execute@parser_t@@UAEPAVIPrsNode@@PADK@Z 10009a50 f i PrsMain.obj
 0001:00008a80       ?Parse@parser_t@@QAEPAVCPrsNode@@PADK0PAK1@Z 10009a80 f i PrsMain.obj
 0001:000095b0       ?Destroy@CPrsNode@@UAE_NXZ 1000a5b0 f i PrsMain.obj
 0001:000095f0       ?GetAttr@CPrsNode@@UAEPAVIPrsAttr@@XZ 1000a5f0 f i PrsMain.obj
 0001:00009600       ?SetAttr@CPrsNode@@UAE_NPAVIPrsAttr@@@Z 1000a600 f i PrsMain.obj
 0001:00009610       ?GetToken@CPrsNode@@UAEPAUSLexToken@@XZ 1000a610 f i PrsMain.obj
 0001:00009620       ?GetParent@CPrsNode@@UAEPAVIPrsNode@@XZ 1000a620 f i PrsMain.obj
 0001:00009630       ?GetFirstChild@CPrsNode@@UAEPAVIPrsNode@@XZ 1000a630 f i PrsMain.obj
 0001:00009640       ?GetNext@CPrsNode@@UAEPAVIPrsNode@@XZ 1000a640 f i PrsMain.obj
 0001:00009650       ??_GCPrsNode@@QAEPAXI@Z    1000a650 f i PrsMain.obj
 0001:000096a0       ?RecursiveFireEvents@parser_t@@QAEXPAVCPrsNode@@@Z 1000a6a0 f i PrsMain.obj
 0001:000097a0       ?PRS_GetLastError@@YAPADPAK0@Z 1000a7a0 f   PrsMain.obj
 0001:000097d0       ?MSG_Init@@YAXXZ           1000a7d0 f   MsgMain.obj
 0001:00009990       ?InitMsgAsm@@YAXXZ         1000a990 f   MsgMain.obj
 0001:000099c0       ?MSG_Shutdown@@YAXXZ       1000a9c0 f   MsgMain.obj
 0001:00009a00       ??1CMsgRouter@@QAE@XZ      1000aa00 f i MsgMain.obj
 0001:00009ac0       ?MsgRoute@CMsgRouter@@UAE_NPAVIMsgTarget@@PAVIMsg@@@Z 1000aac0 f i MsgMain.obj
 0001:00009bf0       ?Delete@CMsgRouter@@UAEKXZ 1000abf0 f i MsgMain.obj
 0001:00009c10       ?MSG_MakeRouter@@YAPAVIMsgRouter@@PAD@Z 1000ac10 f   MsgMain.obj
 0001:00009d80       ?MSG_RegisterHandlerRaw@@YA_NPBD0P6A_NPAVIMsgTarget@@PAVIMsg@@@Z@Z 1000ad80 f   MsgMain.obj
 0001:00009dd0       ?MSG_RegisterHandlerC@@YA_NPBD0PAX0@Z 1000add0 f   MsgMain.obj
 0001:00009e30       ?Msgf@IMsgTarget@@QAA_NPADZZ 1000ae30 f   MsgMain.obj
 0001:0000a280       ?MsgFile@IMsgTarget@@QAE_NPAD@Z 1000b280 f   MsgMain.obj
 0001:0000a3b0       ?MsgGetPathTarget@IMsgTarget@@QAEPAV1@PAD@Z 1000b3b0 f   MsgMain.obj
 0001:0000a4e0       ?MsgRoutef@IMsgRouter@@QAA_NPAVIMsgTarget@@PADZZ 1000b4e0 f   MsgMain.obj
 0001:0000a530       ?MsgRouteFile@IMsgRouter@@QAE_NPAVIMsgTarget@@PAD@Z 1000b530 f   MsgMain.obj
 0001:0000a550       ?GetString@IMsgToken@@UAEPADXZ 1000b550 f i MsgMain.obj
 0001:0000a560       ?GetInt@IMsgToken@@UAEHXZ  1000b560 f i MsgMain.obj
 0001:0000a570       ?GetFloat@IMsgToken@@UAEMXZ 1000b570 f i MsgMain.obj
 0001:0000a580       ?Argc@IMsg@@UAEKXZ         1000b580 f i MsgMain.obj
 0001:0000a590       ?Argv@IMsg@@UAEPAVIMsgToken@@K@Z 1000b590 f i MsgMain.obj
 0001:0000a5f0       ?OBJ_Init@@YAXPAVCObjClass@@@Z 1000b5f0 f   ObjMain.obj
 0001:0000a6f0       ?OBJ_Shutdown@@YAXXZ       1000b6f0 f   ObjMain.obj
 0001:0000a710       ?OBJ_ConstructClass@@YAPAVCObjClass@@PAV1@PBD1P6APAVOObject@@PAV2@0@ZK@Z 1000b710 f   ObjMain.obj
 0001:0000a780       ?RegisterInterface@CObjInterface@@CAXPAV1@@Z 1000b780 f   ObjMain.obj
 0001:0000a7a0       ?GetName@CObjInterface@@QAEPBDXZ 1000b7a0 f   ObjMain.obj
 0001:0000a7b0       ??0CObjInterface@@QAE@PBD@Z 1000b7b0 f   ObjMain.obj
 0001:0000a840       ??1CObjInterface@@QAE@XZ   1000b840 f   ObjMain.obj
 0001:0000a880       ?FindInterfaceNamed@CObjInterface@@SAPAV1@PAD@Z 1000b880 f   ObjMain.obj
 0001:0000a8d0       ?RegisterClass@CObjClass@@CAXPAV1@@Z 1000b8d0 f   ObjMain.obj
 0001:0000a8f0       ?New@CObjClass@@QAEPAVOObject@@PAV2@@Z 1000b8f0 f   ObjMain.obj
 0001:0000a910       ?GetName@CObjClass@@QAEPBDXZ 1000b910 f   ObjMain.obj
 0001:0000a920       ?GetSuper@CObjClass@@QAEPAV1@XZ 1000b920 f   ObjMain.obj
 0001:0000a9c0       ?IsDerivedFrom@CObjClass@@QAE_NPAV1@@Z 1000b9c0 f   ObjMain.obj
 0001:0000aa90       ?GetStaticInstance@CObjClass@@QAEPAVOObject@@XZ 1000ba90 f   ObjMain.obj
 0001:0000aac0       ?GetBindMap@CObjClass@@QAEKXZ 1000bac0 f   ObjMain.obj
 0001:0000aad0       ?GetMsgRouter@CObjClass@@QAEPAVIMsgRouter@@XZ 1000bad0 f   ObjMain.obj
 0001:0000aae0       ?MakeDerivedClass@CObjClass@@QAEPAV1@PBDK@Z 1000bae0 f   ObjMain.obj
 0001:0000ab60       ??0CObjClass@@QAE@PBD0P6APAVOObject@@PAV1@PAV0@@ZK@Z 1000bb60 f   ObjMain.obj
 0001:0000acc0       ??1CObjClass@@QAE@XZ       1000bcc0 f   ObjMain.obj
 0001:0000ad90       ?FindClassNamed@CObjClass@@SAPAV1@PAD@Z 1000bd90 f   ObjMain.obj
 0001:0000ade0       ?GetRoot@OObject@@SAPAV1@XZ 1000bde0 f   ObjMain.obj
 0001:0000aed0       ?KillRoot@OObject@@SAXXZ   1000bed0 f   ObjMain.obj
 0001:0000aef0       ?GetParent@OObject@@UAEPAV1@XZ 1000bef0 f   ObjMain.obj
 0001:0000af00       ?SetParent@OObject@@UAEXPAV1@_N@Z 1000bf00 f   ObjMain.obj
 0001:0000af70       ?PreConstruct@OObject@@QAEXPAV1@@Z 1000bf70 f   ObjMain.obj
 0001:0000afc0       ?Create@OObject@@UAEXXZ    1000bfc0 f   ObjMain.obj
 0001:0000afd0       ?Destroy@OObject@@UAEXXZ   1000bfd0 f   ObjMain.obj
 0001:0000b030       ??0OObject@@QAE@XZ         1000c030 f   ObjMain.obj
 0001:0000b050       ??1OObject@@UAE@XZ         1000c050 f   ObjMain.obj
 0001:0000b100       ?Msg@OObject@@UAE_NPAVIMsg@@@Z 1000c100 f   ObjMain.obj
 0001:0000b1f0       ?MsgGetChild@OObject@@UAEPAVIMsgTarget@@PAD@Z 1000c1f0 f   ObjMain.obj
 0001:0000b2a0       ?MsgGetParent@OObject@@UAEPAVIMsgTarget@@XZ 1000c2a0 f   ObjMain.obj
 0001:0000b2b0       ?MsgGetRoot@OObject@@UAEPAVIMsgTarget@@XZ 1000c2b0 f   ObjMain.obj
 0001:0000b3c0       _NewClass_msg_global       1000c3c0 f   ObjMain.obj
 0001:0000b450       _New_msg_OObject           1000c450 f   ObjMain.obj
 0001:0000b5a0       _Destroy_msg_OObject       1000c5a0 f   ObjMain.obj
 0001:0000b5e0       _SetName_msg_OObject       1000c5e0 f   ObjMain.obj
 0001:0000b6b0       _Bind_msgraw_OObject       1000c6b0 f   ObjMain.obj
 0001:0000b7d0       _Unbind_msgraw_OObject     1000c7d0 f   ObjMain.obj
 0001:0000b8c0       ??3@YAXPAX0@Z              1000c8c0 f i ObjMain.obj
 0001:0000b8d0       ?GetFirstInterface@CObjInterface@@SAPAV1@XZ 1000c8d0 f i ObjMain.obj
 0001:0000b8e0       ?GetNextInterface@CObjInterface@@QAEPAV1@XZ 1000c8e0 f i ObjMain.obj
 0001:0000b8f0       ??0CObjInterface@@QAE@ABV0@@Z 1000c8f0 f i ObjMain.obj
 0001:0000b960       ??4CObjInterface@@QAEAAV0@ABV0@@Z 1000c960 f i ObjMain.obj
 0001:0000ba00       ?GetFirstClass@CObjClass@@SAPAV1@XZ 1000ca00 f i ObjMain.obj
 0001:0000ba10       ?GetNextClass@CObjClass@@QAEPAV1@XZ 1000ca10 f i ObjMain.obj
 0001:0000ba20       ??0CObjClass@@QAE@XZ       1000ca20 f i ObjMain.obj
 0001:0000ba30       ??0CObjClass@@QAE@ABV0@@Z  1000ca30 f i ObjMain.obj
 0001:0000bb50       ??4CObjClass@@QAEAAV0@ABV0@@Z 1000cb50 f i ObjMain.obj
 0001:0000bc90       ?GetChild@CObjLink@@QAEPAVOObject@@XZ 1000cc90 f i ObjMain.obj
 0001:0000bca0       ?SetChild@CObjLink@@QAEXPAVOObject@@@Z 1000cca0 f i ObjMain.obj
 0001:0000bcb0       ?GetParent@CObjLink@@QAEPAVOObject@@XZ 1000ccb0 f i ObjMain.obj
 0001:0000bcc0       ?SetParent@CObjLink@@QAEXPAVOObject@@@Z 1000ccc0 f i ObjMain.obj
 0001:0000bcd0       ?GetNext@CObjLink@@QAEPAV1@XZ 1000ccd0 f i ObjMain.obj
 0001:0000bce0       ?SetNext@CObjLink@@QAEXPAV1@@Z 1000cce0 f i ObjMain.obj
 0001:0000bcf0       ?GetPrev@CObjLink@@QAEPAV1@XZ 1000ccf0 f i ObjMain.obj
 0001:0000bd00       ?SetPrev@CObjLink@@QAEXPAV1@@Z 1000cd00 f i ObjMain.obj
 0001:0000bd10       ?PreConstruct@CObjLink@@QAEXXZ 1000cd10 f i ObjMain.obj
 0001:0000bd30       ??0CObjLink@@QAE@XZ        1000cd30 f i ObjMain.obj
 0001:0000bd40       ??1CObjLink@@QAE@XZ        1000cd40 f i ObjMain.obj
 0001:0000bd60       ??4CObjLink@@QAEAAV0@ABV0@@Z 1000cd60 f i ObjMain.obj
 0001:0000bd90       ??2OObject@@CAPAXIPAV0@PAVCObjClass@@@Z 1000cd90 f i ObjMain.obj
 0001:0000be20       ??3OObject@@CAXPAX@Z       1000ce20 f i ObjMain.obj
 0001:0000be50       ??3OObject@@CAXPAXPAV0@PAVCObjClass@@@Z 1000ce50 f i ObjMain.obj
 0001:0000be80       ?GetStaticClass@OObject@@SAPAVCObjClass@@XZ 1000ce80 f i ObjMain.obj
 0001:0000be90       ?New@OObject@@SAPAV1@PAV1@PAVCObjClass@@@Z 1000ce90 f i ObjMain.obj
 0001:0000bf40       ?GetClass@OObject@@UAEPAVCObjClass@@XZ 1000cf40 f i ObjMain.obj
 0001:0000bf50       ?SetClass@OObject@@QAEXPAVCObjClass@@@Z 1000cf50 f i ObjMain.obj
 0001:0000bf70       ?SetValid@OObject@@QAEX_N@Z 1000cf70 f i ObjMain.obj
 0001:0000bf90       ?GetObjectCount@OObject@@SAKXZ 1000cf90 f i ObjMain.obj
 0001:0000bfa0       ?HasName@OObject@@QAE_NXZ  1000cfa0 f i ObjMain.obj
 0001:0000bfd0       ?GetName@OObject@@QAEPBDXZ 1000cfd0 f i ObjMain.obj
 0001:0000bfe0       ?GetNameHash@OObject@@QAEKXZ 1000cfe0 f i ObjMain.obj
 0001:0000bff0       ?SetName@OObject@@QAEXPBD@Z 1000cff0 f i ObjMain.obj
 0001:0000c0a0       ?GetFlags@OObject@@QAEKXZ  1000d0a0 f i ObjMain.obj
 0001:0000c0b0       ?SetFlags@OObject@@QAEXK@Z 1000d0b0 f i ObjMain.obj
 0001:0000c0c0       ?AddFlags@OObject@@QAEXK@Z 1000d0c0 f i ObjMain.obj
 0001:0000c0d0       ?SubFlags@OObject@@QAEXK@Z 1000d0d0 f i ObjMain.obj
 0001:0000c0f0       ?IsValid@OObject@@QAE_NXZ  1000d0f0 f i ObjMain.obj
 0001:0000c100       ?HasChildren@OObject@@UAE_NXZ 1000d100 f i ObjMain.obj
 0001:0000c120       ?IsA@OObject@@UAE_NPAVCObjClass@@@Z 1000d120 f i ObjMain.obj
 0001:0000c1f0       ??0OObject@@QAE@ABV0@@Z    1000d1f0 f i ObjMain.obj
 0001:0000c2f0       ??4OObject@@QAEAAV0@ABV0@@Z 1000d2f0 f i ObjMain.obj
 0001:0000c3e0       ??_GOObject@@UAEPAXI@Z     1000d3e0 f i ObjMain.obj
 0001:0000c420       ??_EOObject@@UAEPAXI@Z     1000d420 f i ObjMain.obj
 0001:0000c490       ?GetNext@CObjIter@@IAEXXZ  1000d490 f i ObjMain.obj
 0001:0000c4b0       ?LinkBefore@CObjLink@@QAEXPAV1@@Z 1000d4b0 f i ObjMain.obj
 0001:0000c4d0       ?LinkAfter@CObjLink@@QAEXPAV1@@Z 1000d4d0 f i ObjMain.obj
 0001:0000c4f0       ?Unlink@CObjLink@@QAEXXZ   1000d4f0 f i ObjMain.obj
 0001:0000c510       ?IN_Init@@YAXXZ            1000d510 f   InMain.obj
 0001:0000c600       ?IN_CreateTracker@@YAPAVIInTracker@@PAX0_N@Z 1000d600 f   InMain.obj
 0001:0000c700       ?IN_DestroyTracker@@YA_NPAVIInTracker@@@Z 1000d700 f   InMain.obj
 0001:0000c760       ?IN_GetCurrentTracker@@YAPAVIInTracker@@XZ 1000d760 f   InMain.obj
 0001:0000c770       ?IN_SetCurrentTracker@@YA_NPAVIInTracker@@@Z 1000d770 f   InMain.obj
 0001:0000c780       ?IN_Shutdown@@YAXXZ        1000d780 f   InMain.obj
 0001:0000c860       ?IN_ProcessAll@@YA_NXZ     1000d860 f   InMain.obj
 0001:0000c890       ?IN_NameForKey@@YAPADW4EInKey@@K@Z 1000d890 f   InMain.obj
 0001:0000ca00       ?IN_KeyForName@@YA?AW4EInKey@@PAD@Z 1000da00 f   InMain.obj
 0001:0000ca40       ?IN_GetShiftedKey@@YA?AW4EInKey@@W41@@Z 1000da40 f   InMain.obj
 0001:0000ca60       ?IN_MakeBindMap@@YAKPAD@Z  1000da60 f   InMain.obj
 0001:0000cb30       ?IN_BindKey@@YA_NKW4EInKey@@KPAD@Z 1000db30 f   InMain.obj
 0001:0000cbc0       ?IN_TranslateBindMap@@YAPADKPAU_SInEvent@@@Z 1000dbc0 f   InMain.obj
 0001:0000cca0       ?IN_DeTranslateBindMap@@YA_NKPADPAW4EInKey@@PAK@Z 1000dca0 f   InMain.obj
 0001:0000cd20       ??0CInputTrackerDI@@QAE@XZ 1000dd20 f   InWin.obj
 0001:0000d260       ??1CInputTrackerDI@@QAE@XZ 1000e260 f   InWin.obj
 0001:0000d270       ?EventDispatch@CInputTrackerDI@@QAE_NPAU_SInEvent@@PAVIInTracker@@@Z 1000e270 f   InWin.obj
 0001:0000d2c0       ?SetMouseCooperative@CInputTrackerDI@@QAEJK@Z 1000e2c0 f   InWin.obj
 0001:0000d300       ?FlushKeyboardData@CInputTrackerDI@@QAEXXZ 1000e300 f   InWin.obj
 0001:0000d370       ?AcquireMouse@CInputTrackerDI@@QAEXXZ 1000e370 f   InWin.obj
 0001:0000d3b0       ?UnacquireMouse@CInputTrackerDI@@QAEXXZ 1000e3b0 f   InWin.obj
 0001:0000d3d0       ?AcquireKeyboard@CInputTrackerDI@@QAEXXZ 1000e3d0 f   InWin.obj
 0001:0000d470       ?UnacquireKeyboard@CInputTrackerDI@@QAEXXZ 1000e470 f   InWin.obj
 0001:0000d4f0       ?CheckKeyEvents@CInputTrackerDI@@QAEXKPAU_SInEvent@@@Z 1000e4f0 f   InWin.obj
 0001:0000d6e0       ?SetMouseExclusive@CInputTrackerDI@@QAE_N_N@Z 1000e6e0 f   InWin.obj
 0001:0000d750       ?Init@CInputTrackerDI@@UAE_NPAX0_N@Z 1000e750 f   InWin.obj
 0001:0000d770       ?Shutdown@CInputTrackerDI@@UAE_NXZ 1000e770 f   InWin.obj
 0001:0000d840       ?Process@CInputTrackerDI@@UAE_NXZ 1000e840 f   InWin.obj
 0001:0000e070       ?SetFocus@CInputTrackerDI@@UAE_NXZ 1000f070 f   InWin.obj
 0001:0000e150       ?KillFocus@CInputTrackerDI@@UAE_NXZ 1000f150 f   InWin.obj
 0001:0000e1f0       ?AddReceiver@CInputTrackerDI@@UAEKP6A_NPAU_SInEvent@@PAVIInTracker@@@ZPAD@Z 1000f1f0 f   InWin.obj
 0001:0000e280       ?FindReceiver@CInputTrackerDI@@UAEKPAD@Z 1000f280 f   InWin.obj
 0001:0000e2f0       ?ChangeReceiverHandler@CInputTrackerDI@@UAE_NKP6A_NPAU_SInEvent@@PAVIInTracker@@@Z@Z 1000f2f0 f   InWin.obj
 0001:0000e330       ?RemoveReceiver@CInputTrackerDI@@UAE_NK@Z 1000f330 f   InWin.obj
 0001:0000e390       ?SetMouseLimits@CInputTrackerDI@@UAE_NJJJJ@Z 1000f390 f   InWin.obj
 0001:0000e3c0       ?SetMouseSensitivity@CInputTrackerDI@@UAE_NM@Z 1000f3c0 f   InWin.obj
 0001:0000e3d0       ?GetMouseSensitivity@CInputTrackerDI@@UAEMXZ 1000f3d0 f   InWin.obj
 0001:0000e3e0       ?SetMouseBaseWindow@CInputTrackerDI@@UAE_NPAX@Z 1000f3e0 f   InWin.obj
 0001:0000e3f0       ?InjectKeyEvent@CInputTrackerDI@@UAE_NK_N@Z 1000f3f0 f   InWin.obj
 0001:0000e440       ?SetUserValue@CInputTrackerDI@@UAE_NK@Z 1000f440 f   InWin.obj
 0001:0000e450       ?GetUserValue@CInputTrackerDI@@UAEKXZ 1000f450 f   InWin.obj
 0001:0000e460       ?GetNumPositions@CCpjFrmFrame@@QAEKXZ 1000f460 f   CpjFrm.obj
 0001:0000e470       ?GetPosition@CCpjFrmFrame@@QAE?AVVVec3@@K@Z 1000f470 f   CpjFrm.obj
 0001:0000e500       ?UpdateBounds@CCpjFrmFrame@@QAE_NXZ 1000f500 f   CpjFrm.obj
 0001:0000e6c0       ?InitPositions@CCpjFrmFrame@@QAE_NK@Z 1000f6c0 f   CpjFrm.obj
 0001:0000e800       ?Compress@CCpjFrmFrame@@QAE_NPAVOCpjGeometry@@@Z 1000f800 f   CpjFrm.obj
 0001:0000ec20       ?Decompress@CCpjFrmFrame@@QAE_NXZ 1000fc20 f   CpjFrm.obj
 0001:0000eea0       ?UpdateBounds@OCpjFrames@@QAE_NXZ 1000fea0 f   CpjFrm.obj
 0001:0000ef70       ?GetFourCC@OCpjFrames@@UAEKXZ 1000ff70 f   CpjFrm.obj
 0001:0000ef80       ?LoadChunk@OCpjFrames@@UAE_NPAXK@Z 1000ff80 f   CpjFrm.obj
 0001:0000f220       ?SaveChunk@OCpjFrames@@UAE_NPAXPAK@Z 10010220 f   CpjFrm.obj
 0001:0000f510       ?Add@?$TCorArray@VCCpjFrmGroup@@@@QAEKK@Z 10010510 f i CpjFrm.obj
 0001:0000f5d0       ?Realloc@CCorArray@@IAEXK@Z 100105d0 f i CpjFrm.obj
 0001:0000f650       ?Remove@CCorArray@@QAEXKKK@Z 10010650 f i CpjFrm.obj
 0001:0000f6a0       ?Add@?$TCorArray@VVVec3@@@@QAEKK@Z 100106a0 f i CpjFrm.obj
 0001:0000f730       ?Add@?$TCorArray@VCCpjFrmFrame@@@@QAEKK@Z 10010730 f i CpjFrm.obj
 0001:0000f8d0       ??1?$TCorArray@VCCpjFrmGroup@@@@QAE@XZ 100108d0 f i CpjFrm.obj
 0001:0000f920       ??0CCorArray@@IAE@KK@Z     10010920 f i CpjFrm.obj
 0001:0000f970       ??1?$TCorArray@VCCpjFrmBytePos@@@@QAE@XZ 10010970 f i CpjFrm.obj
 0001:0000f9c0       ?Remove@?$TCorArray@VCCpjFrmFrame@@@@QAEXKK@Z 100109c0 f i CpjFrm.obj
 0001:0000fa60       ??2OCpjRes@@CAPAXIPAVOObject@@PAVCObjClass@@@Z 10010a60 f i CpjFrm.obj
 0001:0000fab0       ??3OCpjRes@@CAXPAX@Z       10010ab0 f i CpjFrm.obj
 0001:0000fae0       ??3OCpjRes@@CAXPAXPAVOObject@@PAVCObjClass@@@Z 10010ae0 f i CpjFrm.obj
 0001:0000fb10       ?GetStaticClass@OCpjRes@@SAPAVCObjClass@@XZ 10010b10 f i CpjFrm.obj
 0001:0000fb20       ?New@OCpjRes@@SAPAV1@PAVOObject@@PAVCObjClass@@@Z 10010b20 f i CpjFrm.obj
 0001:0000fbd0       ?GetClass@OCpjRes@@UAEPAVCObjClass@@XZ 10010bd0 f i CpjFrm.obj
 0001:0000fbe0       ?GetFileExtension@OCpjRes@@UAEPADXZ 10010be0 f i CpjFrm.obj
 0001:0000fbf0       ?GetFileDescription@OCpjRes@@UAEPADXZ 10010bf0 f i CpjFrm.obj
 0001:0000fc00       ?LoadFile@OCpjRes@@UAE_NPAD@Z 10010c00 f i CpjFrm.obj
 0001:0000fc10       ?SaveFile@OCpjRes@@UAE_NPAD@Z 10010c10 f i CpjFrm.obj
 0001:0000fc20       ??0OCpjRes@@QAE@XZ         10010c20 f i CpjFrm.obj
 0001:0000fc40       ??0OCpjRes@@QAE@ABV0@@Z    10010c40 f i CpjFrm.obj
 0001:0000fd40       ??4OCpjRes@@QAEAAV0@ABV0@@Z 10010d40 f i CpjFrm.obj
 0001:0000fe30       ??1OCpjRes@@UAE@XZ         10010e30 f i CpjFrm.obj
 0001:0000fe40       ??_GOCpjRes@@UAEPAXI@Z     10010e40 f i CpjFrm.obj
 0001:0000fe80       ??_EOCpjRes@@UAEPAXI@Z     10010e80 f i CpjFrm.obj
 0001:0000fef0       ??2OCpjChunk@@CAPAXIPAVOObject@@PAVCObjClass@@@Z 10010ef0 f i CpjFrm.obj
 0001:0000ff40       ??3OCpjChunk@@CAXPAX@Z     10010f40 f i CpjFrm.obj
 0001:0000ff70       ??3OCpjChunk@@CAXPAXPAVOObject@@PAVCObjClass@@@Z 10010f70 f i CpjFrm.obj
 0001:0000ffa0       ?GetStaticClass@OCpjChunk@@SAPAVCObjClass@@XZ 10010fa0 f i CpjFrm.obj
 0001:0000ffb0       ?New@OCpjChunk@@SAPAV1@PAVOObject@@PAVCObjClass@@@Z 10010fb0 f i CpjFrm.obj
 0001:00010060       ?GetClass@OCpjChunk@@UAEPAVCObjClass@@XZ 10011060 f i CpjFrm.obj
 0001:00010070       ?Create@OCpjChunk@@UAEXXZ  10011070 f i CpjFrm.obj
 0001:00010090       ?GetFourCC@OCpjChunk@@UAEKXZ 10011090 f i CpjFrm.obj
 0001:000100a0       ?LoadChunk@OCpjChunk@@UAE_NPAXK@Z 100110a0 f i CpjFrm.obj
 0001:000100b0       ?SaveChunk@OCpjChunk@@UAE_NPAXPAK@Z 100110b0 f i CpjFrm.obj
 0001:000100c0       ??0OCpjChunk@@QAE@XZ       100110c0 f i CpjFrm.obj
 0001:000100e0       ??0OCpjChunk@@QAE@ABV0@@Z  100110e0 f i CpjFrm.obj
 0001:000101f0       ??4OCpjChunk@@QAEAAV0@ABV0@@Z 100111f0 f i CpjFrm.obj
 0001:000102f0       ??1OCpjChunk@@UAE@XZ       100112f0 f i CpjFrm.obj
 0001:00010300       ??_GOCpjChunk@@UAEPAXI@Z   10011300 f i CpjFrm.obj
 0001:00010340       ??_EOCpjChunk@@UAEPAXI@Z   10011340 f i CpjFrm.obj
 0001:000103b0       ??2OCpjUnkChunk@@CAPAXIPAVOObject@@PAVCObjClass@@@Z 100113b0 f i CpjFrm.obj
 0001:00010400       ??3OCpjUnkChunk@@CAXPAX@Z  10011400 f i CpjFrm.obj
 0001:00010430       ??3OCpjUnkChunk@@CAXPAXPAVOObject@@PAVCObjClass@@@Z 10011430 f i CpjFrm.obj
 0001:00010460       ?GetStaticClass@OCpjUnkChunk@@SAPAVCObjClass@@XZ 10011460 f i CpjFrm.obj
 0001:00010470       ?New@OCpjUnkChunk@@SAPAV1@PAVOObject@@PAVCObjClass@@@Z 10011470 f i CpjFrm.obj
 0001:00010530       ?GetClass@OCpjUnkChunk@@UAEPAVCObjClass@@XZ 10011530 f i CpjFrm.obj
 0001:00010540       ??0OCpjUnkChunk@@QAE@XZ    10011540 f i CpjFrm.obj
 0001:00010590       ??0OCpjUnkChunk@@QAE@AAV0@@Z 10011590 f i CpjFrm.obj
 0001:000106f0       ??1CCorArray@@IAE@XZ       100116f0 f i CpjFrm.obj
 0001:00010710       ??4OCpjUnkChunk@@QAEAAV0@AAV0@@Z 10011710 f i CpjFrm.obj
 0001:00010820       ??4?$TCorArray@E@@QAEAAV0@AAV0@@Z 10011820 f i CpjFrm.obj
 0001:000108f0       ??1OCpjUnkChunk@@UAE@XZ    100118f0 f i CpjFrm.obj
 0001:00010980       ??_GOCpjUnkChunk@@UAEPAXI@Z 10011980 f i CpjFrm.obj
 0001:000109c0       ??_EOCpjUnkChunk@@UAEPAXI@Z 100119c0 f i CpjFrm.obj
 0001:00010a30       ??2OCpjImporter@@CAPAXIPAVOObject@@PAVCObjClass@@@Z 10011a30 f i CpjFrm.obj
 0001:00010a80       ??3OCpjImporter@@CAXPAX@Z  10011a80 f i CpjFrm.obj
 0001:00010ab0       ??3OCpjImporter@@CAXPAXPAVOObject@@PAVCObjClass@@@Z 10011ab0 f i CpjFrm.obj
 0001:00010ae0       ?GetStaticClass@OCpjImporter@@SAPAVCObjClass@@XZ 10011ae0 f i CpjFrm.obj
 0001:00010af0       ?New@OCpjImporter@@SAPAV1@PAVOObject@@PAVCObjClass@@@Z 10011af0 f i CpjFrm.obj
 0001:00010ba0       ?GetClass@OCpjImporter@@UAEPAVCObjClass@@XZ 10011ba0 f i CpjFrm.obj
 0001:00010bb0       ?GetImportClass@OCpjImporter@@UAEPAVCObjClass@@XZ 10011bb0 f i CpjFrm.obj
 0001:00010bc0       ?GetFileExtension@OCpjImporter@@UAEPADXZ 10011bc0 f i CpjFrm.obj
 0001:00010bd0       ?GetFileDescription@OCpjImporter@@UAEPADXZ 10011bd0 f i CpjFrm.obj
 0001:00010be0       ?Configure@OCpjImporter@@UAE_NPAVOObject@@PAD@Z 10011be0 f i CpjFrm.obj
 0001:00010bf0       ?Import@OCpjImporter@@UAE_NPAVOObject@@PAD1@Z 10011bf0 f i CpjFrm.obj
 0001:00010c10       ??0OCpjImporter@@QAE@XZ    10011c10 f i CpjFrm.obj
 0001:00010c30       ??0OCpjImporter@@QAE@ABV0@@Z 10011c30 f i CpjFrm.obj
 0001:00010d30       ??4OCpjImporter@@QAEAAV0@ABV0@@Z 10011d30 f i CpjFrm.obj
 0001:00010e20       ??1OCpjImporter@@UAE@XZ    10011e20 f i CpjFrm.obj
 0001:00010e30       ??_GOCpjImporter@@UAEPAXI@Z 10011e30 f i CpjFrm.obj
 0001:00010e70       ??_EOCpjImporter@@UAEPAXI@Z 10011e70 f i CpjFrm.obj
 0001:00010ee0       ??2OCpjExporter@@CAPAXIPAVOObject@@PAVCObjClass@@@Z 10011ee0 f i CpjFrm.obj
 0001:00010f30       ??3OCpjExporter@@CAXPAX@Z  10011f30 f i CpjFrm.obj
 0001:00010f60       ??3OCpjExporter@@CAXPAXPAVOObject@@PAVCObjClass@@@Z 10011f60 f i CpjFrm.obj
 0001:00010f90       ?GetStaticClass@OCpjExporter@@SAPAVCObjClass@@XZ 10011f90 f i CpjFrm.obj
 0001:00010fa0       ?New@OCpjExporter@@SAPAV1@PAVOObject@@PAVCObjClass@@@Z 10011fa0 f i CpjFrm.obj
 0001:00011050       ?GetClass@OCpjExporter@@UAEPAVCObjClass@@XZ 10012050 f i CpjFrm.obj
 0001:00011060       ?GetExportClass@OCpjExporter@@UAEPAVCObjClass@@XZ 10012060 f i CpjFrm.obj
 0001:00011070       ?GetFileExtension@OCpjExporter@@UAEPADXZ 10012070 f i CpjFrm.obj
 0001:00011080       ?GetFileDescription@OCpjExporter@@UAEPADXZ 10012080 f i CpjFrm.obj
 0001:00011090       ?Configure@OCpjExporter@@UAE_NPAVOObject@@PAD@Z 10012090 f i CpjFrm.obj
 0001:000110a0       ?Export@OCpjExporter@@UAE_NPAVOObject@@PAD1@Z 100120a0 f i CpjFrm.obj
 0001:000110c0       ??0OCpjExporter@@QAE@XZ    100120c0 f i CpjFrm.obj
 0001:000110e0       ??0OCpjExporter@@QAE@ABV0@@Z 100120e0 f i CpjFrm.obj
 0001:000111e0       ??4OCpjExporter@@QAEAAV0@ABV0@@Z 100121e0 f i CpjFrm.obj
 0001:000112d0       ??1OCpjExporter@@UAE@XZ    100122d0 f i CpjFrm.obj
 0001:000112e0       ??_GOCpjExporter@@UAEPAXI@Z 100122e0 f i CpjFrm.obj
 0001:00011320       ??_EOCpjExporter@@UAEPAXI@Z 10012320 f i CpjFrm.obj
 0001:00011390       ??2OCpjProject@@CAPAXIPAVOObject@@PAVCObjClass@@@Z 10012390 f i CpjFrm.obj
 0001:000113e0       ??3OCpjProject@@CAXPAX@Z   100123e0 f i CpjFrm.obj
 0001:00011410       ??3OCpjProject@@CAXPAXPAVOObject@@PAVCObjClass@@@Z 10012410 f i CpjFrm.obj
 0001:00011440       ?GetStaticClass@OCpjProject@@SAPAVCObjClass@@XZ 10012440 f i CpjFrm.obj
 0001:00011450       ?New@OCpjProject@@SAPAV1@PAVOObject@@PAVCObjClass@@@Z 10012450 f i CpjFrm.obj
 0001:00011510       ?GetClass@OCpjProject@@UAEPAVCObjClass@@XZ 10012510 f i CpjFrm.obj
 0001:00011520       ?Create@OCpjProject@@UAEXXZ 10012520 f i CpjFrm.obj
 0001:00011540       ?Destroy@OCpjProject@@UAEXXZ 10012540 f i CpjFrm.obj
 0001:00011560       ?Lock@OCpjProject@@QAE_NXZ 10012560 f i CpjFrm.obj
 0001:00011570       ?Unlock@OCpjProject@@QAE_NXZ 10012570 f i CpjFrm.obj
 0001:00011590       ?IsLocked@OCpjProject@@QAE_NXZ 10012590 f i CpjFrm.obj
 0001:000115a0       ?GetFileName@OCpjProject@@QAEPBDXZ 100125a0 f i CpjFrm.obj
 0001:000115b0       ?GetFileExtension@OCpjProject@@UAEPADXZ 100125b0 f i CpjFrm.obj
 0001:000115c0       ?GetFileDescription@OCpjProject@@UAEPADXZ 100125c0 f i CpjFrm.obj
 0001:000115d0       ??0OCpjProject@@QAE@XZ     100125d0 f i CpjFrm.obj
 0001:000115f0       ??0OCpjProject@@QAE@ABV0@@Z 100125f0 f i CpjFrm.obj
 0001:00011750       ??4OCpjProject@@QAEAAV0@ABV0@@Z 10012750 f i CpjFrm.obj
 0001:000118c0       ??1OCpjProject@@UAE@XZ     100128c0 f i CpjFrm.obj
 0001:00011950       ??_GOCpjProject@@UAEPAXI@Z 10012950 f i CpjFrm.obj
 0001:00011990       ??_EOCpjProject@@UAEPAXI@Z 10012990 f i CpjFrm.obj
 0001:00011a00       ??2OCpjGeometry@@CAPAXIPAVOObject@@PAVCObjClass@@@Z 10012a00 f i CpjFrm.obj
 0001:00011a60       ??3OCpjGeometry@@CAXPAX@Z  10012a60 f i CpjFrm.obj
 0001:00011a90       ??3OCpjGeometry@@CAXPAXPAVOObject@@PAVCObjClass@@@Z 10012a90 f i CpjFrm.obj
 0001:00011ac0       ?GetStaticClass@OCpjGeometry@@SAPAVCObjClass@@XZ 10012ac0 f i CpjFrm.obj
 0001:00011ad0       ?New@OCpjGeometry@@SAPAV1@PAVOObject@@PAVCObjClass@@@Z 10012ad0 f i CpjFrm.obj
 0001:00011c00       ??1?$TCorArray@VCCpjGeoVert@@@@QAE@XZ 10012c00 f i CpjFrm.obj
 0001:00011d00       ??1?$TCorArray@PAVCCpjGeoEdge@@@@QAE@XZ 10012d00 f i CpjFrm.obj
 0001:00011d50       ??1?$TCorArray@VCCpjGeoEdge@@@@QAE@XZ 10012d50 f i CpjFrm.obj
 0001:00011e40       ??1?$TCorArray@VCCpjGeoTri@@@@QAE@XZ 10012e40 f i CpjFrm.obj
 0001:00011e90       ?Remove@?$TCorArray@PAVCCpjGeoEdge@@@@QAEXKK@Z 10012e90 f i CpjFrm.obj
 0001:00011ed0       ?Remove@?$TCorArray@PAVCCpjGeoTri@@@@QAEXKK@Z 10012ed0 f i CpjFrm.obj
 0001:00011f10       ?GetClass@OCpjGeometry@@UAEPAVCObjClass@@XZ 10012f10 f i CpjFrm.obj
 0001:00011f20       ?GetFileExtension@OCpjGeometry@@UAEPADXZ 10012f20 f i CpjFrm.obj
 0001:00011f30       ?GetFileDescription@OCpjGeometry@@UAEPADXZ 10012f30 f i CpjFrm.obj
 0001:00011f40       ??0OCpjGeometry@@QAE@XZ    10012f40 f i CpjFrm.obj
 0001:00011ff0       ??0OCpjGeometry@@QAE@AAV0@@Z 10012ff0 f i CpjFrm.obj
 0001:00012220       ??0?$TCorArray@VCCpjGeoMount@@@@QAE@AAV0@@Z 10013220 f i CpjFrm.obj
 0001:000123c0       ??0CCpjGeoVert@@QAE@AAV0@@Z 100133c0 f i CpjFrm.obj
 0001:00012520       ??0CCpjGeoEdge@@QAE@AAV0@@Z 10013520 f i CpjFrm.obj
 0001:000125f0       ?AddNoConstruct@?$TCorArray@VCCpjGeoEdge@@@@QAEKK@Z 100135f0 f i CpjFrm.obj
 0001:00012680       ?AddNoConstruct@?$TCorArray@VCCpjGeoTri@@@@QAEKK@Z 10013680 f i CpjFrm.obj
 0001:00012710       ??4OCpjGeometry@@QAEAAV0@AAV0@@Z 10013710 f i CpjFrm.obj
 0001:00012840       ??4?$TCorArray@VCCpjGeoVert@@@@QAEAAV0@AAV0@@Z 10013840 f i CpjFrm.obj
 0001:00012a80       ??4?$TCorArray@VCCpjGeoEdge@@@@QAEAAV0@AAV0@@Z 10013a80 f i CpjFrm.obj
 0001:00012c50       ??4?$TCorArray@VCCpjGeoTri@@@@QAEAAV0@AAV0@@Z 10013c50 f i CpjFrm.obj
 0001:00012d40       ??4?$TCorArray@VCCpjGeoMount@@@@QAEAAV0@AAV0@@Z 10013d40 f i CpjFrm.obj
 0001:00012f10       ?AddNoConstruct@?$TCorArray@PAVCCpjGeoTri@@@@QAEKK@Z 10013f10 f i CpjFrm.obj
 0001:00012fa0       ??1OCpjGeometry@@UAE@XZ    10013fa0 f i CpjFrm.obj
 0001:000130f0       ??_GCCpjGeoVert@@QAEPAXI@Z 100140f0 f i CpjFrm.obj
 0001:00013110       ??_GCCpjGeoEdge@@QAEPAXI@Z 10014110 f i CpjFrm.obj
 0001:00013130       ??1CCpjGeoVert@@QAE@XZ     10014130 f i CpjFrm.obj
 0001:000131f0       ??1CCpjGeoEdge@@QAE@XZ     100141f0 f i CpjFrm.obj
 0001:00013240       ??_GOCpjGeometry@@UAEPAXI@Z 10014240 f i CpjFrm.obj
 0001:00013280       ??_EOCpjGeometry@@UAEPAXI@Z 10014280 f i CpjFrm.obj
 0001:000132f0       ??2OCpjSurface@@CAPAXIPAVOObject@@PAVCObjClass@@@Z 100142f0 f i CpjFrm.obj
 0001:00013340       ??3OCpjSurface@@CAXPAX@Z   10014340 f i CpjFrm.obj
 0001:00013370       ??3OCpjSurface@@CAXPAXPAVOObject@@PAVCObjClass@@@Z 10014370 f i CpjFrm.obj
 0001:000133a0       ?GetStaticClass@OCpjSurface@@SAPAVCObjClass@@XZ 100143a0 f i CpjFrm.obj
 0001:000133b0       ?New@OCpjSurface@@SAPAV1@PAVOObject@@PAVCObjClass@@@Z 100143b0 f i CpjFrm.obj
 0001:000134b0       ??1?$TCorArray@VCCpjSrfTex@@@@QAE@XZ 100144b0 f i CpjFrm.obj
 0001:00013500       ??1?$TCorArray@VCCpjSrfTri@@@@QAE@XZ 10014500 f i CpjFrm.obj
 0001:00013550       ?GetClass@OCpjSurface@@UAEPAVCObjClass@@XZ 10014550 f i CpjFrm.obj
 0001:00013560       ?GetFileExtension@OCpjSurface@@UAEPADXZ 10014560 f i CpjFrm.obj
 0001:00013570       ?GetFileDescription@OCpjSurface@@UAEPADXZ 10014570 f i CpjFrm.obj
 0001:00013580       ??0OCpjSurface@@QAE@XZ     10014580 f i CpjFrm.obj
 0001:00013610       ??0OCpjSurface@@QAE@AAV0@@Z 10014610 f i CpjFrm.obj
 0001:00013830       ?AddNoConstruct@?$TCorArray@VVVec2@@@@QAEKK@Z 10014830 f i CpjFrm.obj
 0001:000138c0       ??4OCpjSurface@@QAEAAV0@AAV0@@Z 100148c0 f i CpjFrm.obj
 0001:000139e0       ??4?$TCorArray@VCCpjSrfTex@@@@QAEAAV0@AAV0@@Z 100149e0 f i CpjFrm.obj
 0001:00013ae0       ??4?$TCorArray@VCCpjSrfTri@@@@QAEAAV0@AAV0@@Z 10014ae0 f i CpjFrm.obj
 0001:00013bd0       ??4?$TCorArray@VVVec2@@@@QAEAAV0@AAV0@@Z 10014bd0 f i CpjFrm.obj
 0001:00013cb0       ??1OCpjSurface@@UAE@XZ     10014cb0 f i CpjFrm.obj
 0001:00013d80       ??_GOCpjSurface@@UAEPAXI@Z 10014d80 f i CpjFrm.obj
 0001:00013dc0       ??_EOCpjSurface@@UAEPAXI@Z 10014dc0 f i CpjFrm.obj
 0001:00013e30       ??2OCpjLodData@@CAPAXIPAVOObject@@PAVCObjClass@@@Z 10014e30 f i CpjFrm.obj
 0001:00013e80       ??3OCpjLodData@@CAXPAX@Z   10014e80 f i CpjFrm.obj
 0001:00013eb0       ??3OCpjLodData@@CAXPAXPAVOObject@@PAVCObjClass@@@Z 10014eb0 f i CpjFrm.obj
 0001:00013ee0       ?GetStaticClass@OCpjLodData@@SAPAVCObjClass@@XZ 10014ee0 f i CpjFrm.obj
 0001:00013ef0       ?New@OCpjLodData@@SAPAV1@PAVOObject@@PAVCObjClass@@@Z 10014ef0 f i CpjFrm.obj
 0001:00013fb0       ?GetClass@OCpjLodData@@UAEPAVCObjClass@@XZ 10014fb0 f i CpjFrm.obj
 0001:00013fc0       ?GetFileExtension@OCpjLodData@@UAEPADXZ 10014fc0 f i CpjFrm.obj
 0001:00013fd0       ?GetFileDescription@OCpjLodData@@UAEPADXZ 10014fd0 f i CpjFrm.obj
 0001:00013fe0       ??0OCpjLodData@@QAE@XZ     10014fe0 f i CpjFrm.obj
 0001:00014030       ??0OCpjLodData@@QAE@AAV0@@Z 10015030 f i CpjFrm.obj
 0001:00014240       ??1?$TCorArray@G@@QAE@XZ   10015240 f i CpjFrm.obj
 0001:00014290       ??0?$TCorArray@VCCpjLodTri@@@@QAE@AAV0@@Z 10015290 f i CpjFrm.obj
 0001:000143c0       ?AddNoConstruct@?$TCorArray@G@@QAEKK@Z 100153c0 f i CpjFrm.obj
 0001:00014450       ??4OCpjLodData@@QAEAAV0@AAV0@@Z 10015450 f i CpjFrm.obj
 0001:00014560       ??4?$TCorArray@VCCpjLodLevel@@@@QAEAAV0@AAV0@@Z 10015560 f i CpjFrm.obj
 0001:000147c0       ?AddNoConstruct@?$TCorArray@VCCpjLodTri@@@@QAEKK@Z 100157c0 f i CpjFrm.obj
 0001:00014850       ??1OCpjLodData@@UAE@XZ     10015850 f i CpjFrm.obj
 0001:00014910       ??1?$TCorArray@VCCpjLodTri@@@@QAE@XZ 10015910 f i CpjFrm.obj
 0001:00014960       ??_GOCpjLodData@@UAEPAXI@Z 10015960 f i CpjFrm.obj
 0001:000149a0       ??_EOCpjLodData@@UAEPAXI@Z 100159a0 f i CpjFrm.obj
 0001:00014a10       ??2OCpjSkeleton@@CAPAXIPAVOObject@@PAVCObjClass@@@Z 10015a10 f i CpjFrm.obj
 0001:00014a60       ??3OCpjSkeleton@@CAXPAX@Z  10015a60 f i CpjFrm.obj
 0001:00014a90       ??3OCpjSkeleton@@CAXPAXPAVOObject@@PAVCObjClass@@@Z 10015a90 f i CpjFrm.obj
 0001:00014ac0       ?GetStaticClass@OCpjSkeleton@@SAPAVCObjClass@@XZ 10015ac0 f i CpjFrm.obj
 0001:00014ad0       ?New@OCpjSkeleton@@SAPAV1@PAVOObject@@PAVCObjClass@@@Z 10015ad0 f i CpjFrm.obj
 0001:00014bd0       ??1?$TCorArray@VCCpjSklBone@@@@QAE@XZ 10015bd0 f i CpjFrm.obj
 0001:00014cc0       ??1?$TCorArray@VCCpjSklVert@@@@QAE@XZ 10015cc0 f i CpjFrm.obj
 0001:00014d90       ?Remove@?$TCorArray@VCCpjSklWeight@@@@QAEXKK@Z 10015d90 f i CpjFrm.obj
 0001:00014de0       ?GetClass@OCpjSkeleton@@UAEPAVCObjClass@@XZ 10015de0 f i CpjFrm.obj
 0001:00014df0       ?GetFileExtension@OCpjSkeleton@@UAEPADXZ 10015df0 f i CpjFrm.obj
 0001:00014e00       ?GetFileDescription@OCpjSkeleton@@UAEPADXZ 10015e00 f i CpjFrm.obj
 0001:00014e10       ??0OCpjSkeleton@@QAE@XZ    10015e10 f i CpjFrm.obj
 0001:00014ea0       ??0OCpjSkeleton@@QAE@AAV0@@Z 10015ea0 f i CpjFrm.obj
 0001:000150f0       ??0CCpjSklBone@@QAE@ABV0@@Z 100160f0 f i CpjFrm.obj
 0001:000151e0       ??0CCpjSklVert@@QAE@AAV0@@Z 100161e0 f i CpjFrm.obj
 0001:000152b0       ??0CCpjSklMount@@QAE@ABV0@@Z 100162b0 f i CpjFrm.obj
 0001:00015390       ?AddNoConstruct@?$TCorArray@VCCpjSklMount@@@@QAEKK@Z 10016390 f i CpjFrm.obj
 0001:00015420       ??4OCpjSkeleton@@QAEAAV0@AAV0@@Z 10016420 f i CpjFrm.obj
 0001:00015540       ??4?$TCorArray@VCCpjSklBone@@@@QAEAAV0@AAV0@@Z 10016540 f i CpjFrm.obj
 0001:00015770       ??4?$TCorArray@VCCpjSklVert@@@@QAEAAV0@AAV0@@Z 10016770 f i CpjFrm.obj
 0001:00015950       ??4?$TCorArray@VCCpjSklMount@@@@QAEAAV0@AAV0@@Z 10016950 f i CpjFrm.obj
 0001:00015b70       ??1OCpjSkeleton@@UAE@XZ    10016b70 f i CpjFrm.obj
 0001:00015cb0       ??_GCCpjSklVert@@QAEPAXI@Z 10016cb0 f i CpjFrm.obj
 0001:00015cd0       ??_GCCpjSklMount@@QAEPAXI@Z 10016cd0 f i CpjFrm.obj
 0001:00015cf0       ??1CCpjSklVert@@QAE@XZ     10016cf0 f i CpjFrm.obj
 0001:00015d40       ??1CCpjSklMount@@QAE@XZ    10016d40 f i CpjFrm.obj
 0001:00015d80       ??_GOCpjSkeleton@@UAEPAXI@Z 10016d80 f i CpjFrm.obj
 0001:00015dc0       ??_EOCpjSkeleton@@UAEPAXI@Z 10016dc0 f i CpjFrm.obj
 0001:00015e30       ??0CCpjFrmFrame@@QAE@XZ    10016e30 f i CpjFrm.obj
 0001:00015ee0       ??0CCpjFrmFrame@@QAE@AAV0@@Z 10016ee0 f i CpjFrm.obj
 0001:00016120       ?AddNoConstruct@?$TCorArray@VVVec3@@@@QAEKK@Z 10017120 f i CpjFrm.obj
 0001:000161b0       ??0CCpjFrmGroup@@QAE@ABV0@@Z 100171b0 f i CpjFrm.obj
 0001:000161e0       ?AddNoConstruct@?$TCorArray@VCCpjFrmBytePos@@@@QAEKK@Z 100171e0 f i CpjFrm.obj
 0001:00016270       ??4CCpjFrmFrame@@QAEAAV0@AAV0@@Z 10017270 f i CpjFrm.obj
 0001:00016360       ??4?$TCorArray@VCCpjFrmGroup@@@@QAEAAV0@AAV0@@Z 10017360 f i CpjFrm.obj
 0001:00016470       ??4?$TCorArray@VCCpjFrmBytePos@@@@QAEAAV0@AAV0@@Z 10017470 f i CpjFrm.obj
 0001:00016540       ??4?$TCorArray@VVVec3@@@@QAEAAV0@AAV0@@Z 10017540 f i CpjFrm.obj
 0001:00016630       ??1CCpjFrmFrame@@QAE@XZ    10017630 f i CpjFrm.obj
 0001:00016730       ??2OCpjFrames@@CAPAXIPAVOObject@@PAVCObjClass@@@Z 10017730 f i CpjFrm.obj
 0001:00016780       ??3OCpjFrames@@CAXPAX@Z    10017780 f i CpjFrm.obj
 0001:000167b0       ??3OCpjFrames@@CAXPAXPAVOObject@@PAVCObjClass@@@Z 100177b0 f i CpjFrm.obj
 0001:000167e0       ?GetStaticClass@OCpjFrames@@SAPAVCObjClass@@XZ 100177e0 f i CpjFrm.obj
 0001:000167f0       ?New@OCpjFrames@@SAPAV1@PAVOObject@@PAVCObjClass@@@Z 100177f0 f i CpjFrm.obj
 0001:000168b0       ?GetClass@OCpjFrames@@UAEPAVCObjClass@@XZ 100178b0 f i CpjFrm.obj
 0001:000168c0       ?Create@OCpjFrames@@UAEXXZ 100178c0 f i CpjFrm.obj
 0001:00016900       ?GetFileExtension@OCpjFrames@@UAEPADXZ 10017900 f i CpjFrm.obj
 0001:00016910       ?GetFileDescription@OCpjFrames@@UAEPADXZ 10017910 f i CpjFrm.obj
 0001:00016920       ??0OCpjFrames@@QAE@XZ      10017920 f i CpjFrm.obj
 0001:00016970       ??0OCpjFrames@@QAE@AAV0@@Z 10017970 f i CpjFrm.obj
 0001:00016bc0       ??0?$TCorArray@VCCpjFrmGroup@@@@QAE@AAV0@@Z 10017bc0 f i CpjFrm.obj
 0001:00016ca0       ??0?$TCorArray@VCCpjFrmBytePos@@@@QAE@AAV0@@Z 10017ca0 f i CpjFrm.obj
 0001:00016da0       ??0?$TCorArray@VVVec3@@@@QAE@AAV0@@Z 10017da0 f i CpjFrm.obj
 0001:00016e60       ??4OCpjFrames@@QAEAAV0@AAV0@@Z 10017e60 f i CpjFrm.obj
 0001:00016f90       ??4?$TCorArray@VCCpjFrmFrame@@@@QAEAAV0@AAV0@@Z 10017f90 f i CpjFrm.obj
 0001:00017200       ?AddNoConstruct@?$TCorArray@VCCpjFrmGroup@@@@QAEKK@Z 10018200 f i CpjFrm.obj
 0001:00017290       ??1OCpjFrames@@UAE@XZ      10018290 f i CpjFrm.obj
 0001:00017360       ??_GOCpjFrames@@UAEPAXI@Z  10018360 f i CpjFrm.obj
 0001:000173a0       ??_EOCpjFrames@@UAEPAXI@Z  100183a0 f i CpjFrm.obj
 0001:00017410       ??2OCpjSequence@@CAPAXIPAVOObject@@PAVCObjClass@@@Z 10018410 f i CpjFrm.obj
 0001:00017460       ??3OCpjSequence@@CAXPAX@Z  10018460 f i CpjFrm.obj
 0001:00017490       ??3OCpjSequence@@CAXPAXPAVOObject@@PAVCObjClass@@@Z 10018490 f i CpjFrm.obj
 0001:000174c0       ?GetStaticClass@OCpjSequence@@SAPAVCObjClass@@XZ 100184c0 f i CpjFrm.obj
 0001:000174d0       ?New@OCpjSequence@@SAPAV1@PAVOObject@@PAVCObjClass@@@Z 100184d0 f i CpjFrm.obj
 0001:000175d0       ??1?$TCorArray@VCCpjSeqFrame@@@@QAE@XZ 100185d0 f i CpjFrm.obj
 0001:000176f0       ??1?$TCorArray@VCCpjSeqTranslate@@@@QAE@XZ 100186f0 f i CpjFrm.obj
 0001:00017740       ??1?$TCorArray@VCCpjSeqRotate@@@@QAE@XZ 10018740 f i CpjFrm.obj
 0001:00017790       ??1?$TCorArray@VCCpjSeqEvent@@@@QAE@XZ 10018790 f i CpjFrm.obj
 0001:00017880       ?Remove@?$TCorArray@VCCpjSeqRotate@@@@QAEXKK@Z 10018880 f i CpjFrm.obj
 0001:000178d0       ?Remove@?$TCorArray@VCCpjSeqScale@@@@QAEXKK@Z 100188d0 f i CpjFrm.obj
 0001:00017920       ?GetClass@OCpjSequence@@UAEPAVCObjClass@@XZ 10018920 f i CpjFrm.obj
 0001:00017930       ?Create@OCpjSequence@@UAEXXZ 10018930 f i CpjFrm.obj
 0001:00017950       ?GetFileExtension@OCpjSequence@@UAEPADXZ 10018950 f i CpjFrm.obj
 0001:00017960       ?GetFileDescription@OCpjSequence@@UAEPADXZ 10018960 f i CpjFrm.obj
 0001:00017970       ??0OCpjSequence@@QAE@XZ    10018970 f i CpjFrm.obj
 0001:00017a00       ??0OCpjSequence@@QAE@AAV0@@Z 10018a00 f i CpjFrm.obj
 0001:00017c40       ??0CCpjSeqFrame@@QAE@AAV0@@Z 10018c40 f i CpjFrm.obj
 0001:00017e60       ??0CCpjSeqEvent@@QAE@ABV0@@Z 10018e60 f i CpjFrm.obj
 0001:00017ed0       ??0CCpjSeqBoneInfo@@QAE@ABV0@@Z 10018ed0 f i CpjFrm.obj
 0001:00017f40       ?AddNoConstruct@?$TCorArray@VCCpjSeqBoneInfo@@@@QAEKK@Z 10018f40 f i CpjFrm.obj
 0001:00017fd0       ??0CCpjSeqTranslate@@QAE@ABV0@@Z 10018fd0 f i CpjFrm.obj
 0001:00018000       ??0CCpjSeqRotate@@QAE@ABV0@@Z 10019000 f i CpjFrm.obj
 0001:00018040       ??0CCpjSeqScale@@QAE@ABV0@@Z 10019040 f i CpjFrm.obj
 0001:00018070       ?AddNoConstruct@?$TCorArray@VCCpjSeqRotate@@@@QAEKK@Z 10019070 f i CpjFrm.obj
 0001:00018100       ?AddNoConstruct@?$TCorArray@VCCpjSeqScale@@@@QAEKK@Z 10019100 f i CpjFrm.obj
 0001:00018190       ??4OCpjSequence@@QAEAAV0@AAV0@@Z 10019190 f i CpjFrm.obj
 0001:000182c0       ??4?$TCorArray@VCCpjSeqFrame@@@@QAEAAV0@AAV0@@Z 100192c0 f i CpjFrm.obj
 0001:00018510       ??4?$TCorArray@VCCpjSeqEvent@@@@QAEAAV0@AAV0@@Z 10019510 f i CpjFrm.obj
 0001:000186a0       ??4?$TCorArray@VCCpjSeqBoneInfo@@@@QAEAAV0@AAV0@@Z 100196a0 f i CpjFrm.obj
 0001:00018830       ??0?$TCorArray@VCCpjSeqScale@@@@QAE@AAV0@@Z 10019830 f i CpjFrm.obj
 0001:00018900       ?AddNoConstruct@?$TCorArray@VCCpjSeqTranslate@@@@QAEKK@Z 10019900 f i CpjFrm.obj
 0001:00018990       ??1OCpjSequence@@UAE@XZ    10019990 f i CpjFrm.obj
 0001:00018ad0       ??_GCCpjSeqEvent@@QAEPAXI@Z 10019ad0 f i CpjFrm.obj
 0001:00018af0       ??_GCCpjSeqBoneInfo@@QAEPAXI@Z 10019af0 f i CpjFrm.obj
 0001:00018b10       ??1CCpjSeqFrame@@QAE@XZ    10019b10 f i CpjFrm.obj
 0001:00018c10       ??1CCpjSeqEvent@@QAE@XZ    10019c10 f i CpjFrm.obj
 0001:00018c60       ??1CCpjSeqBoneInfo@@QAE@XZ 10019c60 f i CpjFrm.obj
 0001:00018ca0       ??_GOCpjSequence@@UAEPAXI@Z 10019ca0 f i CpjFrm.obj
 0001:00018ce0       ??_EOCpjSequence@@UAEPAXI@Z 10019ce0 f i CpjFrm.obj
 0001:00018d50       ??2OCpjConfig@@CAPAXIPAVOObject@@PAVCObjClass@@@Z 10019d50 f i CpjFrm.obj
 0001:00018da0       ??3OCpjConfig@@CAXPAX@Z    10019da0 f i CpjFrm.obj
 0001:00018dd0       ??3OCpjConfig@@CAXPAXPAVOObject@@PAVCObjClass@@@Z 10019dd0 f i CpjFrm.obj
 0001:00018e00       ?GetStaticClass@OCpjConfig@@SAPAVCObjClass@@XZ 10019e00 f i CpjFrm.obj
 0001:00018e10       ?New@OCpjConfig@@SAPAV1@PAVOObject@@PAVCObjClass@@@Z 10019e10 f i CpjFrm.obj
 0001:00018ed0       ?GetClass@OCpjConfig@@UAEPAVCObjClass@@XZ 10019ed0 f i CpjFrm.obj
 0001:00018ee0       ?GetFileExtension@OCpjConfig@@UAEPADXZ 10019ee0 f i CpjFrm.obj
 0001:00018ef0       ?GetFileDescription@OCpjConfig@@UAEPADXZ 10019ef0 f i CpjFrm.obj
 0001:00018f00       ??0OCpjConfig@@QAE@XZ      10019f00 f i CpjFrm.obj
 0001:00018f50       ??0OCpjConfig@@QAE@AAV0@@Z 10019f50 f i CpjFrm.obj
 0001:00019110       ??0?$TCorArray@VCCorString@@@@QAE@AAV0@@Z 1001a110 f i CpjFrm.obj
 0001:00019240       ??4OCpjConfig@@QAEAAV0@AAV0@@Z 1001a240 f i CpjFrm.obj
 0001:00019350       ??4?$TCorArray@VCCpjMacSection@@@@QAEAAV0@AAV0@@Z 1001a350 f i CpjFrm.obj
 0001:00019590       ??1OCpjConfig@@UAE@XZ      1001a590 f i CpjFrm.obj
 0001:00019650       ??1?$TCorArray@VCCorString@@@@QAE@XZ 1001a650 f i CpjFrm.obj
 0001:00019730       ??_GOCpjConfig@@UAEPAXI@Z  1001a730 f i CpjFrm.obj
 0001:00019770       ??_EOCpjConfig@@UAEPAXI@Z  1001a770 f i CpjFrm.obj
 0001:00019840       ?Generate@OCpjGeometry@@QAE_NKPAMKPAK@Z 1001a840 f   CpjGeo.obj
 0001:00019cd0       ?GetFourCC@OCpjGeometry@@UAEKXZ 1001acd0 f   CpjGeo.obj
 0001:00019ce0       ?LoadChunk@OCpjGeometry@@UAE_NPAXK@Z 1001ace0 f   CpjGeo.obj
 0001:0001a340       ?SaveChunk@OCpjGeometry@@UAE_NPAXPAK@Z 1001b340 f   CpjGeo.obj
 0001:0001aae0       ?AddNoConstruct@?$TCorArray@PAVCCpjGeoEdge@@@@QAEKK@Z 1001bae0 f i CpjGeo.obj
 0001:0001ab70       ?Add@?$TCorArray@VCCpjGeoVert@@@@QAEKK@Z 1001bb70 f i CpjGeo.obj
 0001:0001acc0       ?Add@?$TCorArray@VCCpjGeoEdge@@@@QAEKK@Z 1001bcc0 f i CpjGeo.obj
 0001:0001adb0       ?Add@?$TCorArray@VCCpjGeoTri@@@@QAEKK@Z 1001bdb0 f i CpjGeo.obj
 0001:0001ae60       ?Add@?$TCorArray@VCCpjGeoMount@@@@QAEKK@Z 1001be60 f i CpjGeo.obj
 0001:0001af80       ?Remove@?$TCorArray@VCCpjGeoVert@@@@QAEXKK@Z 1001bf80 f i CpjGeo.obj
 0001:0001b000       ?Remove@?$TCorArray@VCCpjGeoEdge@@@@QAEXKK@Z 1001c000 f i CpjGeo.obj
 0001:0001b0a0       ?Remove@?$TCorArray@VCCpjGeoTri@@@@QAEXKK@Z 1001c0a0 f i CpjGeo.obj
 0001:0001b0f0       ?Remove@?$TCorArray@VCCpjGeoMount@@@@QAEXKK@Z 1001c0f0 f i CpjGeo.obj
 0001:0001b1c0       ?Generate@OCpjLodData@@QAE_NPAVOCpjGeometry@@PAVOCpjSurface@@@Z 1001c1c0 f   CpjLod.obj
 0001:0001b520       ??0CLodGenMrgInfo@@QAE@XZ  1001c520 f i CpjLod.obj
 0001:0001b5b0       ??0CLodGenVertInfo@@QAE@XZ 1001c5b0 f i CpjLod.obj
 0001:0001b610       ??1CLodGenerator@@QAE@XZ   1001c610 f i CpjLod.obj
 0001:0001b7f0       ?Generate@CLodGenerator@@QAE_NPAVOCpjLodData@@AAVCCorString@@@Z 1001c7f0 f i CpjLod.obj
 0001:0001ba90       ??0XLodException@@QAA@PADZZ 1001ca90 f i CpjLod.obj
 0001:0001bb60       ?BuildModel@CLodGenMrgInfo@@QAEXXZ 1001cb60 f i CpjLod.obj
 0001:0001bc10       ?PreGenerateVerts@CLodGenerator@@QAEXXZ 1001cc10 f i CpjLod.obj
 0001:0001bef0       ?PreGenerateFaces@CLodGenerator@@QAEXXZ 1001cef0 f i CpjLod.obj
 0001:0001c490       ?PostGenerateFaceRemaps@CLodGenerator@@QAEXXZ 1001d490 f i CpjLod.obj
 0001:0001c580       ?CreateLodData@CLodGenerator@@QAEXPAVOCpjLodData@@@Z 1001d580 f i CpjLod.obj
 0001:0001c930       ??0CLodGenTriInfo@@QAE@XZ  1001d930 f i CpjLod.obj
 0001:0001c990       ??1CLodGenTriInfo@@QAE@XZ  1001d990 f i CpjLod.obj
 0001:0001ca90       ??1CLodGenVertInfo@@QAE@XZ 1001da90 f i CpjLod.obj
 0001:0001cbd0       ??1XLodException@@QAE@XZ   1001dbd0 f i CpjLod.obj
 0001:0001cc10       ??0XLodException@@QAE@ABV0@@Z 1001dc10 f i CpjLod.obj
 0001:0001cc80       ?GetFourCC@OCpjLodData@@UAEKXZ 1001dc80 f   CpjLod.obj
 0001:0001cc90       ?LoadChunk@OCpjLodData@@UAE_NPAXK@Z 1001dc90 f   CpjLod.obj
 0001:0001cf60       ?SaveChunk@OCpjLodData@@UAE_NPAXPAK@Z 1001df60 f   CpjLod.obj
 0001:0001d190       ??1?$TCorArray@VVVec2@@@@QAE@XZ 1001e190 f i CpjLod.obj
 0001:0001d1e0       ?Add@?$TCorArray@G@@QAEKK@Z 1001e1e0 f i CpjLod.obj
 0001:0001d270       ?Add@?$TCorArray@VCCpjLodTri@@@@QAEKK@Z 1001e270 f i CpjLod.obj
 0001:0001d330       ?Add@?$TCorArray@VCCpjLodLevel@@@@QAEKK@Z 1001e330 f i CpjLod.obj
 0001:0001d420       ??0?$TCorArray@VVVec3@@@@QAE@K@Z 1001e420 f i CpjLod.obj
 0001:0001d470       ??1?$TCorArray@VVVec3@@@@QAE@XZ 1001e470 f i CpjLod.obj
 0001:0001d4c0       ??1?$TCorArray@VCLodGenVert@@@@QAE@XZ 1001e4c0 f i CpjLod.obj
 0001:0001d5b0       ??1?$TCorArray@K@@QAE@XZ   1001e5b0 f i CpjLod.obj
 0001:0001d600       ?Add@?$TCorArray@K@@QAEKK@Z 1001e600 f i CpjLod.obj
 0001:0001d690       ??1?$TCorArray@USMacTri@@@@QAE@XZ 1001e690 f i CpjLod.obj
 0001:0001d6e0       ?AddNoConstruct@?$TCorArray@VCCpjLodLevel@@@@QAEKK@Z 1001e6e0 f i CpjLod.obj
 0001:0001d770       ?AddNoConstruct@?$TCorArray@USTexVert@CLodGenVert@@@@QAEKK@Z 1001e770 f i CpjLod.obj
 0001:0001d800       ?AddNoConstruct@?$TCorArray@VCLodGenVert@@@@QAEKK@Z 1001e800 f i CpjLod.obj
 0001:0001d890       ?AddNoConstruct@?$TCorArray@K@@QAEKK@Z 1001e890 f i CpjLod.obj
 0001:0001d920       ?AddNoConstruct@?$TCorArray@USMacTri@@@@QAEKK@Z 1001e920 f i CpjLod.obj
 0001:0001d9b0       ??_GCCpjLodLevel@@QAEPAXI@Z 1001e9b0 f i CpjLod.obj
 0001:0001d9d0       ??1CCpjLodLevel@@QAE@XZ    1001e9d0 f i CpjLod.obj
 0001:0001da90       ??0CCpjLodTri@@QAE@XZ      1001ea90 f i CpjLod.obj
 0001:0001dab0       ??0CCpjLodLevel@@QAE@XZ    1001eab0 f i CpjLod.obj
 0001:0001db00       ?Remove@?$TCorArray@VVVec3@@@@QAEXKK@Z 1001eb00 f i CpjLod.obj
 0001:0001db50       ?Remove@?$TCorArray@VCLodGenVert@@@@QAEXKK@Z 1001eb50 f i CpjLod.obj
 0001:0001dbf0       ?Remove@?$TCorArray@K@@QAEXKK@Z 1001ebf0 f i CpjLod.obj
 0001:0001dc30       ?Remove@?$TCorArray@USMacTri@@@@QAEXKK@Z 1001ec30 f i CpjLod.obj
 0001:0001dc90       ??1CLodGenVert@@QAE@XZ     1001ec90 f i CpjLod.obj
 0001:0001dce0       ?Remove@?$TCorArray@USTexVert@CLodGenVert@@@@QAEXKK@Z 1001ece0 f i CpjLod.obj
 0001:0001dd30       ??0CMacBone@@QAE@XZ        1001ed30 f i CpjLod.obj
 0001:0001ddb0       ??0CMacBone@@QAE@ABV0@@Z   1001edb0 f i CpjLod.obj
 0001:0001dee0       ??4CMacBone@@QAEAAV0@ABV0@@Z 1001eee0 f i CpjLod.obj
 0001:0001dfd0       ?Unlink@CMacActorLink@@AAEXXZ 1001efd0 f i CpjLod.obj
 0001:0001dff0       ?Link@CMacActorLink@@AAEXPAV1@@Z 1001eff0 f i CpjLod.obj
 0001:0001e010       ??0CMacActorLink@@QAE@XZ   1001f010 f i CpjLod.obj
 0001:0001e040       ??1CMacActorLink@@QAE@XZ   1001f040 f i CpjLod.obj
 0001:0001e060       ?GetFirst@CMacActorLink@@SAPAV1@XZ 1001f060 f i CpjLod.obj
 0001:0001e070       ?GetNext@CMacActorLink@@QAEPAV1@XZ 1001f070 f i CpjLod.obj
 0001:0001e080       ?IsDone@CMacActorLink@@QAE_NXZ 1001f080 f i CpjLod.obj
 0001:0001e090       ?GetActor@CMacActorLink@@QAEPAVOMacActor@@XZ 1001f090 f i CpjLod.obj
 0001:0001e0a0       ?SetActor@CMacActorLink@@QAEXPAVOMacActor@@@Z 1001f0a0 f i CpjLod.obj
 0001:0001e0b0       ??4CMacActorLink@@QAEAAV0@ABV0@@Z 1001f0b0 f i CpjLod.obj
 0001:0001e0d0       ??2OMacActor@@CAPAXIPAVOObject@@PAVCObjClass@@@Z 1001f0d0 f i CpjLod.obj
 0001:0001e130       ??3OMacActor@@CAXPAX@Z     1001f130 f i CpjLod.obj
 0001:0001e160       ??3OMacActor@@CAXPAXPAVOObject@@PAVCObjClass@@@Z 1001f160 f i CpjLod.obj
 0001:0001e190       ?GetStaticClass@OMacActor@@SAPAVCObjClass@@XZ 1001f190 f i CpjLod.obj
 0001:0001e1a0       ?New@OMacActor@@SAPAV1@PAVOObject@@PAVCObjClass@@@Z 1001f1a0 f i CpjLod.obj
 0001:0001e320       ??0?$TCorArray@VCCorString@@@@QAE@K@Z 1001f320 f i CpjLod.obj
 0001:0001e370       ??1?$TCorArray@PAVOCpjSurface@@@@QAE@XZ 1001f370 f i CpjLod.obj
 0001:0001e3c0       ??1?$TCorArray@PAVOCpjFrames@@@@QAE@XZ 1001f3c0 f i CpjLod.obj
 0001:0001e410       ??1?$TCorArray@PAVOCpjSequence@@@@QAE@XZ 1001f410 f i CpjLod.obj
 0001:0001e460       ??0?$TCorArray@VCMacBone@@@@QAE@K@Z 1001f460 f i CpjLod.obj
 0001:0001e4b0       ??1?$TCorArray@VCMacBone@@@@QAE@XZ 1001f4b0 f i CpjLod.obj
 0001:0001e500       ??0?$TCorArray@PAVOMacChannel@@@@QAE@K@Z 1001f500 f i CpjLod.obj
 0001:0001e550       ?GetClass@OMacActor@@UAEPAVCObjClass@@XZ 1001f550 f i CpjLod.obj
 0001:0001e560       ??0OMacActor@@QAE@XZ       1001f560 f i CpjLod.obj
 0001:0001e6c0       ??0OMacActor@@QAE@AAV0@@Z  1001f6c0 f i CpjLod.obj
 0001:0001ea90       ??0?$TCorArray@VCMacBone@@@@QAE@AAV0@@Z 1001fa90 f i CpjLod.obj
 0001:0001ec90       ??0?$TCorArray@PAVOMacChannel@@@@QAE@AAV0@@Z 1001fc90 f i CpjLod.obj
 0001:0001ed90       ?AddNoConstruct@?$TCorArray@VCCorString@@@@QAEKK@Z 1001fd90 f i CpjLod.obj
 0001:0001ee20       ?AddNoConstruct@?$TCorArray@PAVOCpjSurface@@@@QAEKK@Z 1001fe20 f i CpjLod.obj
 0001:0001eeb0       ?AddNoConstruct@?$TCorArray@PAVOCpjFrames@@@@QAEKK@Z 1001feb0 f i CpjLod.obj
 0001:0001ef40       ?AddNoConstruct@?$TCorArray@PAVOCpjSequence@@@@QAEKK@Z 1001ff40 f i CpjLod.obj
 0001:0001efd0       ??4OMacActor@@QAEAAV0@AAV0@@Z 1001ffd0 f i CpjLod.obj
 0001:0001f230       ??4?$TCorArray@VCCorString@@@@QAEAAV0@AAV0@@Z 10020230 f i CpjLod.obj
 0001:0001f3b0       ??4?$TCorArray@PAVOCpjSurface@@@@QAEAAV0@AAV0@@Z 100203b0 f i CpjLod.obj
 0001:0001f480       ??4?$TCorArray@PAVOCpjFrames@@@@QAEAAV0@AAV0@@Z 10020480 f i CpjLod.obj
 0001:0001f550       ??4?$TCorArray@PAVOCpjSequence@@@@QAEAAV0@AAV0@@Z 10020550 f i CpjLod.obj
 0001:0001f620       ??4?$TCorArray@VCMacBone@@@@QAEAAV0@AAV0@@Z 10020620 f i CpjLod.obj
 0001:0001f860       ??4?$TCorArray@PAVOMacChannel@@@@QAEAAV0@AAV0@@Z 10020860 f i CpjLod.obj
 0001:0001f930       ??1OMacActor@@UAE@XZ       10020930 f i CpjLod.obj
 0001:0001fba0       ?Remove@?$TCorArray@VCCorString@@@@QAEXKK@Z 10020ba0 f i CpjLod.obj
 0001:0001fc40       ?Remove@?$TCorArray@PAVOCpjSurface@@@@QAEXKK@Z 10020c40 f i CpjLod.obj
 0001:0001fc80       ?Remove@?$TCorArray@PAVOCpjFrames@@@@QAEXKK@Z 10020c80 f i CpjLod.obj
 0001:0001fcc0       ?Remove@?$TCorArray@PAVOCpjSequence@@@@QAEXKK@Z 10020cc0 f i CpjLod.obj
 0001:0001fd00       ?Remove@?$TCorArray@VCMacBone@@@@QAEXKK@Z 10020d00 f i CpjLod.obj
 0001:0001fd70       ?Remove@?$TCorArray@PAVOMacChannel@@@@QAEXKK@Z 10020d70 f i CpjLod.obj
 0001:0001fdb0       ??_GOMacActor@@UAEPAXI@Z   10020db0 f i CpjLod.obj
 0001:0001fdf0       ??_EOMacActor@@UAEPAXI@Z   10020df0 f i CpjLod.obj
 0001:0001fe60       ??2OMacChannel@@CAPAXIPAVOObject@@PAVCObjClass@@@Z 10020e60 f i CpjLod.obj
 0001:0001feb0       ??3OMacChannel@@CAXPAX@Z   10020eb0 f i CpjLod.obj
 0001:0001fee0       ??3OMacChannel@@CAXPAXPAVOObject@@PAVCObjClass@@@Z 10020ee0 f i CpjLod.obj
 0001:0001ff10       ?GetStaticClass@OMacChannel@@SAPAVCObjClass@@XZ 10020f10 f i CpjLod.obj
 0001:0001ff20       ?New@OMacChannel@@SAPAV1@PAVOObject@@PAVCObjClass@@@Z 10020f20 f i CpjLod.obj
 0001:0001ffd0       ?GetClass@OMacChannel@@UAEPAVCObjClass@@XZ 10020fd0 f i CpjLod.obj
 0001:0001ffe0       ?EvalBones@OMacChannel@@UAE_NPAVOMacActor@@@Z 10020fe0 f i CpjLod.obj
 0001:0001fff0       ?EvalVerts@OMacChannel@@UAE_NPAVOMacActor@@KPAGPAVVVec3@@@Z 10020ff0 f i CpjLod.obj
 0001:00020000       ??0OMacChannel@@QAE@XZ     10021000 f i CpjLod.obj
 0001:00020020       ??0OMacChannel@@QAE@ABV0@@Z 10021020 f i CpjLod.obj
 0001:00020120       ??4OMacChannel@@QAEAAV0@ABV0@@Z 10021120 f i CpjLod.obj
 0001:00020210       ??1OMacChannel@@UAE@XZ     10021210 f i CpjLod.obj
 0001:00020220       ??_GOMacChannel@@UAEPAXI@Z 10021220 f i CpjLod.obj
 0001:00020260       ??_EOMacChannel@@UAEPAXI@Z 10021260 f i CpjLod.obj
 0001:000202d0       ??2OMacSequenceChannel@@CAPAXIPAVOObject@@PAVCObjClass@@@Z 100212d0 f i CpjLod.obj
 0001:00020320       ??3OMacSequenceChannel@@CAXPAX@Z 10021320 f i CpjLod.obj
 0001:00020350       ??3OMacSequenceChannel@@CAXPAXPAVOObject@@PAVCObjClass@@@Z 10021350 f i CpjLod.obj
 0001:00020380       ?GetStaticClass@OMacSequenceChannel@@SAPAVCObjClass@@XZ 10021380 f i CpjLod.obj
 0001:00020390       ?New@OMacSequenceChannel@@SAPAV1@PAVOObject@@PAVCObjClass@@@Z 10021390 f i CpjLod.obj
 0001:00020440       ?GetClass@OMacSequenceChannel@@UAEPAVCObjClass@@XZ 10021440 f i CpjLod.obj
 0001:00020450       ?Create@OMacSequenceChannel@@UAEXXZ 10021450 f i CpjLod.obj
 0001:00020470       ??0OMacSequenceChannel@@QAE@XZ 10021470 f i CpjLod.obj
 0001:00020490       ??0OMacSequenceChannel@@QAE@ABV0@@Z 10021490 f i CpjLod.obj
 0001:000205a0       ??4OMacSequenceChannel@@QAEAAV0@ABV0@@Z 100215a0 f i CpjLod.obj
 0001:000206a0       ??1OMacSequenceChannel@@UAE@XZ 100216a0 f i CpjLod.obj
 0001:000206b0       ??_GOMacSequenceChannel@@UAEPAXI@Z 100216b0 f i CpjLod.obj
 0001:000206f0       ??_EOMacSequenceChannel@@UAEPAXI@Z 100216f0 f i CpjLod.obj
 0001:00020760       ??2OMacIKChannel@@CAPAXIPAVOObject@@PAVCObjClass@@@Z 10021760 f i CpjLod.obj
 0001:000207c0       ??3OMacIKChannel@@CAXPAX@Z 100217c0 f i CpjLod.obj
 0001:000207f0       ??3OMacIKChannel@@CAXPAXPAVOObject@@PAVCObjClass@@@Z 100217f0 f i CpjLod.obj
 0001:00020820       ?GetStaticClass@OMacIKChannel@@SAPAVCObjClass@@XZ 10021820 f i CpjLod.obj
 0001:00020830       ?New@OMacIKChannel@@SAPAV1@PAVOObject@@PAVCObjClass@@@Z 10021830 f i CpjLod.obj
 0001:00020900       ?GetClass@OMacIKChannel@@UAEPAVCObjClass@@XZ 10021900 f i CpjLod.obj
 0001:00020910       ?Create@OMacIKChannel@@UAEXXZ 10021910 f i CpjLod.obj
 0001:00020950       ??0OMacIKChannel@@QAE@XZ   10021950 f i CpjLod.obj
 0001:00020990       ??0OMacIKChannel@@QAE@ABV0@@Z 10021990 f i CpjLod.obj
 0001:00020ac0       ??4OMacIKChannel@@QAEAAV0@ABV0@@Z 10021ac0 f i CpjLod.obj
 0001:00020bb0       ??1OMacIKChannel@@UAE@XZ   10021bb0 f i CpjLod.obj
 0001:00020bc0       ??_GOMacIKChannel@@UAEPAXI@Z 10021bc0 f i CpjLod.obj
 0001:00020c00       ??_EOMacIKChannel@@UAEPAXI@Z 10021c00 f i CpjLod.obj
 0001:00020c70       ??0CMacTraceInfo@@QAE@XZ   10021c70 f i CpjLod.obj
 0001:00020cc0       ??1?$TCorArray@E@@QAE@XZ   10021cc0 f i CpjLod.obj
 0001:00020d00       ??0CMacTraceInfo@@QAE@AAV0@@Z 10021d00 f i CpjLod.obj
 0001:00020f00       ??4CMacTraceInfo@@QAEAAV0@AAV0@@Z 10021f00 f i CpjLod.obj
 0001:00020f40       ??4?$TCorArray@VVBox3@@@@QAEAAV0@AAV0@@Z 10021f40 f i CpjLod.obj
 0001:000210e0       ??1CMacTraceInfo@@QAE@XZ   100220e0 f i CpjLod.obj
 0001:00021200       ?GetFourCC@OCpjConfig@@UAEKXZ 10022200 f   CpjMac.obj
 0001:00021210       ?LoadChunk@OCpjConfig@@UAE_NPAXK@Z 10022210 f   CpjMac.obj
 0001:000214e0       ?SaveChunk@OCpjConfig@@UAE_NPAXPAK@Z 100224e0 f   CpjMac.obj
 0001:00021740       ?Add@?$TCorArray@VCCorString@@@@QAEKK@Z 10022740 f i CpjMac.obj
 0001:000217f0       ?Add@?$TCorArray@VCCpjMacSection@@@@QAEKK@Z 100227f0 f i CpjMac.obj
 0001:000218d0       ??_GCCpjMacSection@@QAEPAXI@Z 100228d0 f i CpjMac.obj
 0001:000218f0       ??1CCpjMacSection@@QAE@XZ  100228f0 f i CpjMac.obj
 0001:00021af0       ?GetImportSpec@OCpjRes@@QAEPADXZ 10022af0 f   CpjMain.obj
 0001:00021c80       ?GetExportSpec@OCpjRes@@QAEPADXZ 10022c80 f   CpjMain.obj
 0001:00021e10       ?ImportFile@OCpjRes@@QAE_NPAD_N@Z 10022e10 f   CpjMain.obj
 0001:00021f60       ?ExportFile@OCpjRes@@QAE_NPAD_N@Z 10022f60 f   CpjMain.obj
 0001:00022110       ?CacheIn@OCpjChunk@@QAE_NXZ 10023110 f   CpjMain.obj
 0001:000221f0       ?CacheOut@OCpjChunk@@QAE_NXZ 100231f0 f   CpjMain.obj
 0001:00022250       ?GetProjectParent@OCpjChunk@@QAEPAVOCpjProject@@XZ 10023250 f   CpjMain.obj
 0001:00022290       ?LoadFile@OCpjChunk@@UAE_NPAD@Z 10023290 f   CpjMain.obj
 0001:00022370       ?SaveFile@OCpjChunk@@UAE_NPAD@Z 10023370 f   CpjMain.obj
 0001:000224a0       ?LoadChunk@OCpjUnkChunk@@UAE_NPAXK@Z 100234a0 f   CpjMain.obj
 0001:000225e0       ?SaveChunk@OCpjUnkChunk@@UAE_NPAXPAK@Z 100235e0 f   CpjMain.obj
 0001:000226b0       _ListLoadedProjects_msgraw_global 100236b0 f   CpjProj.obj
 0001:000228c0       _ListLoadedChunks_msgraw_global 100238c0 f   CpjProj.obj
 0001:00022920       _LoadChunk_msg_global      10023920 f   CpjProj.obj
 0001:00022a20       _SetProjectPath_msg_global 10023a20 f   CpjProj.obj
 0001:00022bb0       ?CPJ_SetBasePath@@YAXPBD@Z 10023bb0 f   CpjProj.obj
 0001:00022d40       ?CPJ_GetBasePath@@YAPBDXZ  10023d40 f   CpjProj.obj
 0001:00022d50       ?CPJ_FindProject@@YAPAVOCpjProject@@PBD@Z 10023d50 f   CpjProj.obj
 0001:00022fb0       ?CPJ_FindChunk@@YAPAVOCpjChunk@@PAVOCpjProject@@PAVCObjClass@@PBD@Z 10023fb0 f   CpjProj.obj
 0001:00023050       ?CPJ_GetProjectPath@@YAPBDPAVOCpjProject@@@Z 10024050 f   CpjProj.obj
 0001:00023100       ?CPJ_GetChunkPath@@YAPBDPAVOCpjProject@@PAVOCpjChunk@@@Z 10024100 f   CpjProj.obj
 0001:000232e0       ?SetFileName@OCpjProject@@QAEXPBD@Z 100242e0 f   CpjProj.obj
 0001:00023400       ?FindChunk@OCpjProject@@QAEPAVOCpjChunk@@PAVCObjClass@@PBD@Z 10024400 f   CpjProj.obj
 0001:00023510       ?LoadFile@OCpjProject@@UAE_NPAD@Z 10024510 f   CpjProj.obj
 0001:00023910       ?SaveFile@OCpjProject@@UAE_NPAD@Z 10024910 f   CpjProj.obj
 0001:00023bf0       ??H@YA?AVCCorString@@ABV0@PBD@Z 10024bf0 f i CpjProj.obj
 0001:00023e00       ?Reset@?$TObjIter@VOCpjChunk@@@@QAEXPAVOObject@@_N@Z 10024e00 f i CpjProj.obj
 0001:00023e90       ?AdvanceToType@?$TObjIter@VOCpjProject@@@@IAEXXZ 10024e90 f i CpjProj.obj
 0001:00023ed0       ?Reset@?$TObjIter@VOCpjProject@@@@QAEXPAVOObject@@_N@Z 10024ed0 f i CpjProj.obj
 0001:00023f60       ?AdvanceToType@?$TObjIter@VOCpjChunk@@@@IAEXXZ 10024f60 f i CpjProj.obj
 0001:00023fa0       ?GetObject@CObjIter@@IAEPAVOObject@@XZ 10024fa0 f i CpjProj.obj
 0001:00023fb0       ?Reset@CObjIter@@QAEXPAVOObject@@_N@Z 10024fb0 f i CpjProj.obj
 0001:00024000       ??0CObjIter@@QAE@PAVOObject@@_N@Z 10025000 f i CpjProj.obj
 0001:000240b0       ?GetFourCC@OCpjSequence@@UAEKXZ 100250b0 f   CpjSeq.obj
 0001:000240c0       ?LoadChunk@OCpjSequence@@UAE_NPAXK@Z 100250c0 f   CpjSeq.obj
 0001:000252c0       ?SaveChunk@OCpjSequence@@UAE_NPAXPAK@Z 100262c0 f   CpjSeq.obj
 0001:00025870       ?Add@?$TCorArray@VCCpjSeqTranslate@@@@QAEKK@Z 10026870 f i CpjSeq.obj
 0001:00025920       ?Add@?$TCorArray@VCCpjSeqRotate@@@@QAEKK@Z 10026920 f i CpjSeq.obj
 0001:000259d0       ?Add@?$TCorArray@VCCpjSeqScale@@@@QAEKK@Z 100269d0 f i CpjSeq.obj
 0001:00025a90       ?Add@?$TCorArray@VCCpjSeqFrame@@@@QAEKK@Z 10026a90 f i CpjSeq.obj
 0001:00025c40       ??1?$TCorArray@VCCpjSeqScale@@@@QAE@XZ 10026c40 f i CpjSeq.obj
 0001:00025c90       ?Add@?$TCorArray@VCCpjSeqEvent@@@@QAEKK@Z 10026c90 f i CpjSeq.obj
 0001:00025de0       ?Add@?$TCorArray@VCCpjSeqBoneInfo@@@@QAEKK@Z 10026de0 f i CpjSeq.obj
 0001:00025e90       ?Remove@?$TCorArray@VCCpjSeqFrame@@@@QAEXKK@Z 10026e90 f i CpjSeq.obj
 0001:00025f20       ?Remove@?$TCorArray@VCCpjSeqEvent@@@@QAEXKK@Z 10026f20 f i CpjSeq.obj
 0001:00025fa0       ?Remove@?$TCorArray@VCCpjSeqBoneInfo@@@@QAEXKK@Z 10026fa0 f i CpjSeq.obj
 0001:00026000       ??_GCCpjSeqFrame@@QAEPAXI@Z 10027000 f i CpjSeq.obj
 0001:00026080       ?GetFourCC@OCpjSkeleton@@UAEKXZ 10027080 f   CpjSkl.obj
 0001:00026090       ?LoadChunk@OCpjSkeleton@@UAE_NPAXK@Z 10027090 f   CpjSkl.obj
 0001:00026710       ?SaveChunk@OCpjSkeleton@@UAE_NPAXPAK@Z 10027710 f   CpjSkl.obj
 0001:00027080       ?Add@?$TCorArray@VCCpjSklWeight@@@@QAEKK@Z 10028080 f i CpjSkl.obj
 0001:00027130       ?Add@?$TCorArray@VCCpjSklBone@@@@QAEKK@Z 10028130 f i CpjSkl.obj
 0001:00027220       ?Add@?$TCorArray@VCCpjSklVert@@@@QAEKK@Z 10028220 f i CpjSkl.obj
 0001:00027300       ?Add@?$TCorArray@VCCpjSklMount@@@@QAEKK@Z 10028300 f i CpjSkl.obj
 0001:000273e0       ?Remove@?$TCorArray@VCCpjSklBone@@@@QAEXKK@Z 100283e0 f i CpjSkl.obj
 0001:00027470       ?Remove@?$TCorArray@VCCpjSklVert@@@@QAEXKK@Z 10028470 f i CpjSkl.obj
 0001:000274f0       ?Remove@?$TCorArray@VCCpjSklMount@@@@QAEXKK@Z 100284f0 f i CpjSkl.obj
 0001:00027580       ??1CCpjSklBone@@QAE@XZ     10028580 f i CpjSkl.obj
 0001:00027620       ?GetFourCC@OCpjSurface@@UAEKXZ 10028620 f   CpjSrf.obj
 0001:00027630       ?LoadChunk@OCpjSurface@@UAE_NPAXK@Z 10028630 f   CpjSrf.obj
 0001:00027900       ?SaveChunk@OCpjSurface@@UAE_NPAXPAK@Z 10028900 f   CpjSrf.obj
 0001:00027bc0       ?Add@?$TCorArray@VCCpjSrfTex@@@@QAEKK@Z 10028bc0 f i CpjSrf.obj
 0001:00027c80       ?Add@?$TCorArray@VCCpjSrfTri@@@@QAEKK@Z 10028c80 f i CpjSrf.obj
 0001:00027d50       ?Add@?$TCorArray@VVVec2@@@@QAEKK@Z 10028d50 f i CpjSrf.obj
 0001:00027e40       ?New@OMacBrowserTree@@SAPAV1@PAVOObject@@PAVCObjClass@@@Z 10028e40 f i MacEdit.obj
 0001:00027ef0       ??3OMacBrowserTree@@CAXPAXPAVOObject@@PAVCObjClass@@@Z 10028ef0 f i MacEdit.obj
 0001:00027f20       ?GetClass@OMacBrowserTree@@UAEPAVCObjClass@@XZ 10028f20 f i MacEdit.obj
 0001:00027f30       ?OnNotify@OMacBrowserTree@@UAE_NPAUtagNMHDR@@@Z 10028f30 f i MacEdit.obj
 0001:00027f50       ??_EOMacBrowserTree@@UAEPAXI@Z 10028f50 f i MacEdit.obj
 0001:00027f50       ??_GOMacBrowserTree@@UAEPAXI@Z 10028f50 f i MacEdit.obj
 0001:00027f90       ??1OMacBrowserTree@@UAE@XZ 10028f90 f i MacEdit.obj
 0001:00028000       ?New@OMacBrowserDialog@@SAPAV1@PAVOObject@@PAVCObjClass@@@Z 10029000 f i MacEdit.obj
 0001:000280c0       ??3OMacBrowserDialog@@CAXPAXPAVOObject@@PAVCObjClass@@@Z 100290c0 f i MacEdit.obj
 0001:000280f0       ?GetClass@OMacBrowserDialog@@UAEPAVCObjClass@@XZ 100290f0 f i MacEdit.obj
 0001:00028100       ??_GOMacBrowserDialog@@UAEPAXI@Z 10029100 f i MacEdit.obj
 0001:00028100       ??_EOMacBrowserDialog@@UAEPAXI@Z 10029100 f i MacEdit.obj
 0001:00028140       ??1OMacBrowserDialog@@UAE@XZ 10029140 f i MacEdit.obj
 0001:00028230       ?New@OMacDetailsDialog@@SAPAV1@PAVOObject@@PAVCObjClass@@@Z 10029230 f i MacEdit.obj
 0001:000282e0       ??3OMacDetailsDialog@@CAXPAXPAVOObject@@PAVCObjClass@@@Z 100292e0 f i MacEdit.obj
 0001:00028310       ?GetClass@OMacDetailsDialog@@UAEPAVCObjClass@@XZ 10029310 f i MacEdit.obj
 0001:00028320       ?Create@OMacDetailsDialog@@UAEXXZ 10029320 f i MacEdit.obj
 0001:00028340       ?GetDialogID@OMacDetailsDialog@@UAEKXZ 10029340 f i MacEdit.obj
 0001:00028350       ?DialogProc@OMacDetailsDialog@@UAE_NPAUHWND__@@IIJ@Z 10029350 f i MacEdit.obj
 0001:000283a0       ??_GOMacDetailsDialog@@UAEPAXI@Z 100293a0 f i MacEdit.obj
 0001:000283a0       ??_EOMacDetailsDialog@@UAEPAXI@Z 100293a0 f i MacEdit.obj
 0001:000283e0       ??1OMacDetailsDialog@@UAE@XZ 100293e0 f i MacEdit.obj
 0001:00028450       ?New@OMacBrowserItem@@SAPAV1@PAVOObject@@PAVCObjClass@@@Z 10029450 f i MacEdit.obj
 0001:00028500       ??3OMacBrowserItem@@CAXPAXPAVOObject@@PAVCObjClass@@@Z 10029500 f i MacEdit.obj
 0001:00028530       ?GetClass@OMacBrowserItem@@UAEPAVCObjClass@@XZ 10029530 f i MacEdit.obj
 0001:00028540       ??_EOMacBrowserItem@@UAEPAXI@Z 10029540 f i MacEdit.obj
 0001:00028540       ??_GOMacBrowserItem@@UAEPAXI@Z 10029540 f i MacEdit.obj
 0001:00028580       ??1OMacBrowserItem@@UAE@XZ 10029580 f i MacEdit.obj
 0001:000285f0       ?New@OMacBrowserChunkItem@@SAPAV1@PAVOObject@@PAVCObjClass@@@Z 100295f0 f i MacEdit.obj
 0001:000286a0       ??3OMacBrowserChunkItem@@CAXPAXPAVOObject@@PAVCObjClass@@@Z 100296a0 f i MacEdit.obj
 0001:000286d0       ?GetClass@OMacBrowserChunkItem@@UAEPAVCObjClass@@XZ 100296d0 f i MacEdit.obj
 0001:000286e0       ?GetImageResID@OMacBrowserChunkItem@@UAEKXZ 100296e0 f i MacEdit.obj
 0001:000286f0       ?GetLabel@OMacBrowserChunkItem@@UAEPBDXZ 100296f0 f i MacEdit.obj
[...]
 0003:00040954       ?sRefs@MrgPixmapRef@@1PAPAV1@A 100a6954     Mrg:pixmap.obj
 0003:00040958       ?sNumRefs@MrgPixmapRef@@1GA 100a6958     Mrg:pixmap.obj
 0003:0004095a       ?sSaveInline@MrgPixmap@@2EA 100a695a     Mrg:pixmap.obj
 0003:00040960       ?sIdentity@MrgRotation@@1V1@B 100a6960     Mrg:rotation.obj
 0003:00040970       ?v@?1??ReadDword@ICorStreamRead@@QAEKXZ@4KA 100a6970     <common>
 0003:00040980       ?v@?1??ReadString@ICorStreamRead@@QAEPADXZ@4PADA 100a6980     <common>
 0003:00040d80       ?v@?1??ReadByte@ICorStreamRead@@QAEEXZ@4EA 100a6d80     <common>
 0003:00040da0       ?prodArray@?1??SortStateProductions@parseState_t@@QAEXXZ@4PAPAVparseStateProd_t@@A 100a6da0     <common>
 0003:00041da0       ?buf@?7??ResolveProductionItemRules@parser_t@@QAEXXZ@4PADA 100a7da0     <common>
 0003:000421a0       ?namebuf@?P@??ResolveProductionItemRules@parser_t@@QAEXXZ@4PADA 100a81a0     <common>
 0003:000422a0       ?token@?1??GetNonTerminalEventCount@parser_t@@QAEKPAD@Z@4USLexToken@@A 100a82a0     <common>
 0003:000422c0       ?events@?1??RegisterProd@parser_t@@UAA_NPAD0ZZ@4PAP6AXPAVIPrsNode@@PAPAV3@@ZA 100a82c0     <common>
 0003:000426c0       ?token@?1??RegisterNonTerminal@parser_t@@QAEXPAD0PAP6AXPAVIPrsNode@@PAPAV3@@Z@Z@4USLexToken@@A 100a86c0     <common>
 0003:000426e0       ?tempTokens@?1??RegisterNonTerminal@parser_t@@QAEXPAD0PAP6AXPAVIPrsNode@@PAPAV3@@Z@Z@4PAUSLexToken@@A 100a86e0     <common>
 0003:00043ae0       ??_B?1??GetTokenNFA@lexer_t@@QAEK_NPAUSLexToken@@@Z@51 100a9ae0     <common>
 0003:00043af0       ?nodeSet@?1??GetTokenNFA@lexer_t@@QAEK_NPAUSLexToken@@@Z@4VbitSet_t@@A 100a9af0     <common>
 0003:00043b00       ?nodeStack@?1??ComputeEpsilonClosure@lexer_t@@QAEXAAVbitSet_t@@@Z@4PAPAVnfaNode_t@@A 100a9b00     <common>
 0003:00045b00       ??_B?1??ComputeMove@lexer_t@@QAEXAAVbitSet_t@@E@Z@51 100abb00     <common>
 0003:00045b10       ?outSet@?1??ComputeMove@lexer_t@@QAEXAAVbitSet_t@@E@Z@4V3@A 100abb10     <common>
 0003:00045b1c       ??_B?1??MinimizeDFA@lexer_t@@QAEXXZ@51 100abb1c     <common>
 0003:00045b20       ?parts@?1??MinimizeDFA@lexer_t@@QAEXXZ@4VdfaPartitionSet_t@@A 100abb20     <common>
 0003:00449b2c       __adjust_fdiv              104afb2c     <common>
 0003:00449b30       __pRawDllMain              104afb30     <common>
 0003:00449b34       ___onexitend               104afb34     <common>
 0003:00449b38       ___onexitbegin             104afb38     <common>
 0004:00000000       ?ipc_Initialized@@3_NA     104b0000     IpcMain.obj
 0004:00000008       ?ipc_MsgPool@@3PAUSIpcMsg@@A 104b0008     IpcMain.obj
 0004:00013808       ?ipc_MsgFreeList@@3USIpcMsg@@A 104c3808     IpcMain.obj
 0004:000138a8       ?ipc_Processes@@3PAUSIpcProcess@@A 104c38a8     IpcMain.obj

 entry point at        0001:0004161f

 Static symbols

 0001:0003f6f0       ?WIN_InputBoxDlgProc@@YGHPAUHWND__@@IIJ@Z 100406f0 f   WinCtrl.obj
 0001:0003f860       ?WIN_SelectionBoxDlgProc@@YGHPAUHWND__@@IIJ@Z 10040860 f   WinCtrl.obj
 0001:0003fa50       ?WIN_SelectionBoxMultiDlgProc@@YGHPAUHWND__@@IIJ@Z 10040a50 f   WinCtrl.obj
 0001:0003fdb0       ?WIN_VectorBoxDlgProc@@YGHPAUHWND__@@IIJ@Z 10040db0 f   WinCtrl.obj
 0001:0003fff0       _$E12                      10040ff0 f   WinCtrl.obj
 0001:00040000       _$E16                      10041000 f   WinCtrl.obj
 0001:00040020       _$E14                      10041020 f   WinCtrl.obj
 0001:00040030       _$E19                      10041030 f   WinCtrl.obj
 0001:000401a0       _$E24                      100411a0 f   WinCtrl.obj
 0001:000401c0       _$E22                      100411c0 f   WinCtrl.obj
 0001:000401d0       _$E27                      100411d0 f   WinCtrl.obj
 0001:00040260       _$E32                      10041260 f   WinCtrl.obj
 0001:00040280       _$E30                      10041280 f   WinCtrl.obj
 0001:00040290       _$E35                      10041290 f   WinCtrl.obj
 0001:00040770       _$E40                      10041770 f   WinCtrl.obj
 0001:00040790       _$E38                      10041790 f   WinCtrl.obj
 0001:000407a0       _$E43                      100417a0 f   WinCtrl.obj
 0001:0003ed10       _$E5                       1003fd10 f   PlgMain.obj
 0001:0003ed80       _$E3                       1003fd80 f   PlgMain.obj
 0001:00033580       _$E41                      10034580 f   MacMain.obj
 0001:00033590       _$E44                      10034590 f   MacMain.obj
 0001:00033660       _$E47                      10034660 f   MacMain.obj
 0001:00033730       _$E50                      10034730 f   MacMain.obj
 0001:00033780       _$E53                      10034780 f   MacMain.obj
 0001:000337d0       _$E56                      100347d0 f   MacMain.obj
 0001:00033850       _$E59                      10034850 f   MacMain.obj
 0001:000338a0       _$E62                      100348a0 f   MacMain.obj
 0001:00033900       _$E65                      10034900 f   MacMain.obj
 0001:00033970       _$E68                      10034970 f   MacMain.obj
 0001:00033a40       _$E71                      10034a40 f   MacMain.obj
 0001:00033ab0       _$E74                      10034ab0 f   MacMain.obj
 0001:00033b10       _$E77                      10034b10 f   MacMain.obj
 0001:00033ef0       _$E80                      10034ef0 f   MacMain.obj
 0001:00034cf0       _$E85                      10035cf0 f   MacMain.obj
 0001:00034d10       _$E83                      10035d10 f   MacMain.obj
 0001:00034d20       _$E88                      10035d20 f   MacMain.obj
 0001:00034d50       _$E94                      10035d50 f   MacMain.obj
 0001:00034d70       _$E91                      10035d70 f   MacMain.obj
 0001:00038450       ?RayTriIntersect@@YA_NABVVLine3@@ABVVVec3@@11AAMAAV2@@Z 10039450 f   MacMain.obj
 0001:00038810       _$E99                      10039810 f   MacMain.obj
 0001:00038830       _$E97                      10039830 f   MacMain.obj
 0001:00038840       _$E102                     10039840 f   MacMain.obj
 0001:00038870       _$E107                     10039870 f   MacMain.obj
 0001:00038890       _$E105                     10039890 f   MacMain.obj
 0001:000388a0       _$E110                     100398a0 f   MacMain.obj
 0001:0003af10       _$E114                     1003bf10 f   MacMain.obj
 0001:0003af20       _$E113                     1003bf20 f   MacMain.obj
 0001:0003bb00       _$E118                     1003cb00 f   MacMain.obj
 0001:0003bb20       _$E116                     1003cb20 f   MacMain.obj
 0001:0003bb30       _$E121                     1003cb30 f   MacMain.obj
 0001:0003d060       _$E127                     1003e060 f   MacMain.obj
 0001:0003d080       _$E124                     1003e080 f   MacMain.obj
 0001:0003da70       _$E131                     1003ea70 f   MacMain.obj
 0001:0003da80       _$E130                     1003ea80 f   MacMain.obj
 0001:00027de0       _$E48                      10028de0 f   MacEdit.obj
 0001:00027e00       _$E46                      10028e00 f   MacEdit.obj
 0001:00027e10       _$E51                      10028e10 f   MacEdit.obj
 0001:00027fa0       _$E57                      10028fa0 f   MacEdit.obj
 0001:00027fc0       _$E55                      10028fc0 f   MacEdit.obj
 0001:00027fd0       _$E60                      10028fd0 f   MacEdit.obj
 0001:000281d0       _$E66                      100291d0 f   MacEdit.obj
 0001:000281f0       _$E64                      100291f0 f   MacEdit.obj
 0001:00028200       _$E69                      10029200 f   MacEdit.obj
 0001:000283f0       _$E75                      100293f0 f   MacEdit.obj
 0001:00028410       _$E73                      10029410 f   MacEdit.obj
 0001:00028420       _$E78                      10029420 f   MacEdit.obj
 0001:00028590       _$E84                      10029590 f   MacEdit.obj
 0001:000285b0       _$E82                      100295b0 f   MacEdit.obj
 0001:000285c0       _$E87                      100295c0 f   MacEdit.obj
 0001:00028780       _$E93                      10029780 f   MacEdit.obj
 0001:000287a0       _$E91                      100297a0 f   MacEdit.obj
 0001:000287b0       _$E96                      100297b0 f   MacEdit.obj
 0001:000299b0       _$E102                     1002a9b0 f   MacEdit.obj
 0001:000299d0       _$E100                     1002a9d0 f   MacEdit.obj
 0001:000299e0       _$E105                     1002a9e0 f   MacEdit.obj
 0001:00029ba0       _$E111                     1002aba0 f   MacEdit.obj
 0001:00029bc0       _$E109                     1002abc0 f   MacEdit.obj
 0001:00029bd0       _$E114                     1002abd0 f   MacEdit.obj
 0001:0002a060       _$E120                     1002b060 f   MacEdit.obj
 0001:0002a080       _$E118                     1002b080 f   MacEdit.obj
 0001:0002a090       _$E123                     1002b090 f   MacEdit.obj
 0001:0002a250       _$E129                     1002b250 f   MacEdit.obj
 0001:0002a270       _$E127                     1002b270 f   MacEdit.obj
 0001:0002a280       _$E132                     1002b280 f   MacEdit.obj
 0001:0002aa10       _$E138                     1002ba10 f   MacEdit.obj
 0001:0002aa30       _$E136                     1002ba30 f   MacEdit.obj
 0001:0002aa40       _$E141                     1002ba40 f   MacEdit.obj
 0001:0002ad30       _$E147                     1002bd30 f   MacEdit.obj
 0001:0002ad50       _$E145                     1002bd50 f   MacEdit.obj
 0001:0002ad60       _$E150                     1002bd60 f   MacEdit.obj
 0001:0002b020       _$E156                     1002c020 f   MacEdit.obj
 0001:0002b040       _$E154                     1002c040 f   MacEdit.obj
 0001:0002b050       _$E159                     1002c050 f   MacEdit.obj
 0001:0002b340       _$E165                     1002c340 f   MacEdit.obj
 0001:0002b360       _$E163                     1002c360 f   MacEdit.obj
 0001:0002b370       _$E168                     1002c370 f   MacEdit.obj
 0001:0002b930       _$E174                     1002c930 f   MacEdit.obj
 0001:0002b950       _$E172                     1002c950 f   MacEdit.obj
 0001:0002b960       _$E177                     1002c960 f   MacEdit.obj
 0001:0002bd30       _$E183                     1002cd30 f   MacEdit.obj
 0001:0002bd50       _$E181                     1002cd50 f   MacEdit.obj
 0001:0002bd60       _$E186                     1002cd60 f   MacEdit.obj
 0001:0002c160       _$E192                     1002d160 f   MacEdit.obj
 0001:0002c180       _$E190                     1002d180 f   MacEdit.obj
 0001:0002c190       _$E195                     1002d190 f   MacEdit.obj
 0001:0002c480       _$E201                     1002d480 f   MacEdit.obj
 0001:0002c4a0       _$E199                     1002d4a0 f   MacEdit.obj
 0001:0002c4b0       _$E204                     1002d4b0 f   MacEdit.obj
 0001:0002c780       _$E210                     1002d780 f   MacEdit.obj
 0001:0002c7a0       _$E208                     1002d7a0 f   MacEdit.obj
 0001:0002c7b0       _$E213                     1002d7b0 f   MacEdit.obj
 0001:0002cc00       _$E219                     1002dc00 f   MacEdit.obj
 0001:0002cc20       _$E217                     1002dc20 f   MacEdit.obj
 0001:0002cc30       _$E222                     1002dc30 f   MacEdit.obj
 0001:0002ce30       _$E228                     1002de30 f   MacEdit.obj
 0001:0002ce50       _$E226                     1002de50 f   MacEdit.obj
 0001:0002ce60       _$E231                     1002de60 f   MacEdit.obj
 0001:0002d3d0       ?StaticIpcFuncInbound@@YAKKKKPADPAX@Z 1002e3d0 f   MacEdit.obj
 0001:000275c0       _$E31                      100285c0 f   CpjSrf.obj
 0001:000275e0       _$E29                      100285e0 f   CpjSrf.obj
 0001:000275f0       _$E34                      100285f0 f   CpjSrf.obj
 0001:00026020       _$E31                      10027020 f   CpjSkl.obj
 0001:00026040       _$E29                      10027040 f   CpjSkl.obj
 0001:00026050       _$E34                      10027050 f   CpjSkl.obj
 0001:00024050       _$E31                      10025050 f   CpjSeq.obj
 0001:00024070       _$E29                      10025070 f   CpjSeq.obj
 0001:00024080       _$E34                      10025080 f   CpjSeq.obj
 0001:00022620       _$E31                      10023620 f   CpjProj.obj
 0001:00022640       _$E29                      10023640 f   CpjProj.obj
 0001:00022690       _$E34                      10023690 f   CpjProj.obj
 0001:000226f0       ?DumpProjects@@YAXPAVOObject@@_N@Z 100236f0 f   CpjProj.obj
 0001:000228a0       _$E37                      100238a0 f   CpjProj.obj
 0001:00022900       _$E40                      10023900 f   CpjProj.obj
 0001:00022a00       _$E43                      10023a00 f   CpjProj.obj
 0001:00023280       _$E48                      10024280 f   CpjProj.obj
 0001:000232a0       _$E46                      100242a0 f   CpjProj.obj
 0001:000232b0       _$E51                      100242b0 f   CpjProj.obj
 0001:000219d0       _$E31                      100229d0 f   CpjMain.obj
 0001:000219f0       _$E29                      100229f0 f   CpjMain.obj
 0001:00021a00       _$E34                      10022a00 f   CpjMain.obj
 0001:00021a30       _$E39                      10022a30 f   CpjMain.obj
 0001:00021a50       _$E37                      10022a50 f   CpjMain.obj
 0001:00021a60       _$E42                      10022a60 f   CpjMain.obj
 0001:00021a90       _$E47                      10022a90 f   CpjMain.obj
 0001:00021ab0       _$E45                      10022ab0 f   CpjMain.obj
 0001:00021ac0       _$E50                      10022ac0 f   CpjMain.obj
 0001:000220b0       _$E55                      100230b0 f   CpjMain.obj
 0001:000220d0       _$E53                      100230d0 f   CpjMain.obj
 0001:000220e0       _$E58                      100230e0 f   CpjMain.obj
 0001:00022440       _$E63                      10023440 f   CpjMain.obj
 0001:00022460       _$E61                      10023460 f   CpjMain.obj
 0001:00022470       _$E66                      10023470 f   CpjMain.obj
 0001:000211a0       _$E31                      100221a0 f   CpjMac.obj
 0001:000211c0       _$E29                      100221c0 f   CpjMac.obj
 0001:000211d0       _$E34                      100221d0 f   CpjMac.obj
 0001:0001b160       _$E72                      1001c160 f   CpjLod.obj
 0001:0001b180       _$E70                      1001c180 f   CpjLod.obj
 0001:0001b190       _$E75                      1001c190 f   CpjLod.obj
 0001:000197e0       _$E31                      1001a7e0 f   CpjGeo.obj
 0001:00019800       _$E29                      1001a800 f   CpjGeo.obj
 0001:00019810       _$E34                      1001a810 f   CpjGeo.obj
 0001:0000ec10       _$E29                      1000fc10 f   CpjFrm.obj
 0001:0000ee40       _$E33                      1000fe40 f   CpjFrm.obj
 0001:0000ee60       _$E31                      1000fe60 f   CpjFrm.obj
 0001:0000ee70       _$E36                      1000fe70 f   CpjFrm.obj
 0001:0000a5b0       _$E10                      1000b5b0 f   ObjMain.obj
 0001:0000a5e0       _$E8                       1000b5e0 f   ObjMain.obj
 0001:0000b3a0       _$E13                      1000c3a0 f   ObjMain.obj
 0001:0000b420       _$E16                      1000c420 f   ObjMain.obj
 0001:0000b570       _$E19                      1000c570 f   ObjMain.obj
 0001:0000b5b0       _$E22                      1000c5b0 f   ObjMain.obj
 0001:0000b690       _$E25                      1000c690 f   ObjMain.obj
 0001:0000b7b0       _$E28                      1000c7b0 f   ObjMain.obj
 0001:00009910       ?BlockCommentInterceptor@@YAXPAVILexLexer@@PAUSLexToken@@@Z 1000a910 f   MsgMain.obj
 0001:00009960       ?PreprocessorInterceptor@@YAXPAVILexLexer@@PAUSLexToken@@@Z 1000a960 f   MsgMain.obj
 0001:00009e70       ?MSG_StaticMsg@@YA_NPAVIMsgRouter@@PAVIMsgTarget@@PAD@Z 1000ae70 f   MsgMain.obj
 0001:0000a2a0       ?MSG_StaticMsgFile@@YA_NPAVIMsgRouter@@PAVIMsgTarget@@PAD@Z 1000b2a0 f   MsgMain.obj
 0001:00002550       ?FileBoxHook@@YGIPAUHWND__@@IIJ@Z 10003550 f   FileBox.obj
 0001:00001970       _$E5                       10002970 f   LogMain.obj
 0001:00001a40       _$E3                       10002a40 f   LogMain.obj
 0001:00001a50       _$E10                      10002a50 f   LogMain.obj
 0001:00001b20       _$E8                       10002b20 f   LogMain.obj
 0001:00001b30       _$E15                      10002b30 f   LogMain.obj
 0001:00001b90       _$E13                      10002b90 f   LogMain.obj
 0001:00001ba0       _$E20                      10002ba0 f   LogMain.obj
 0001:00001c00       _$E18                      10002c00 f   LogMain.obj
 0001:00001160       _$E3                       10002160 f   StrMain.obj
 0001:00000ca0       _$E3                       10001ca0 f   Kernel.obj
 0001:00000cb0       _$E6                       10001cb0 f   Kernel.obj
 0001:00000cc0       _$E9                       10001cc0 f   Kernel.obj
 0001:00000cd0       _$E12                      10001cd0 f   Kernel.obj
 0001:0004144e       ?ArrayUnwindFilter@@YAHPAU_EXCEPTION_POINTERS@@@Z 1004244e f   MSVCRT:ehvecdtr.obj
 0001:00055630       _$E14                      10056630 f   Mrg:rotation.obj
 0001:00055640       _$E13                      10056640 f   Mrg:rotation.obj
 0001:000538c0       _$E19                      100548c0 f   Mrg:pixmap.obj
 0001:000538d0       _$E18                      100548d0 f   Mrg:pixmap.obj
 0001:00053a10       _$E27                      10054a10 f   Mrg:pixmap.obj
 0001:00053a20       _$E24                      10054a20 f   Mrg:pixmap.obj
 0001:00053a30       _$E26                      10054a30 f   Mrg:pixmap.obj
 0001:00053a40       _$E25                      10054a40 f   Mrg:pixmap.obj
 0001:00052780       _$E15                      10053780 f   Mrg:ndfaceset.obj
 0001:00052790       _$E12                      10053790 f   Mrg:ndfaceset.obj
 0001:000527a0       _$E14                      100537a0 f   Mrg:ndfaceset.obj
 0001:000527b0       _$E13                      100537b0 f   Mrg:ndfaceset.obj
 0001:0004d8d0       _$E6                       1004e8d0 f   Mrg:reshistory.obj
 0001:0004d8e0       _$E2                       1004e8e0 f   Mrg:reshistory.obj
 0001:0004d8f0       _$E5                       1004e8f0 f   Mrg:reshistory.obj
 0001:0004d900       _$E3                       1004e900 f   Mrg:reshistory.obj
 0001:0004cca0       _$E14                      1004dca0 f   Mrg:matrix.obj
 0001:0004ccb0       _$E13                      1004dcb0 f   Mrg:matrix.obj
 0001:0004bff0       _$E21                      1004cff0 f   Mrg:hier.obj
 0001:0004c000       _$E18                      1004d000 f   Mrg:hier.obj
 0001:0004c010       _$E20                      1004d010 f   Mrg:hier.obj
 0001:0004c020       _$E19                      1004d020 f   Mrg:hier.obj
 0001:00049ce0       _$E28                      1004ace0 f   Mrg:model.obj
 0001:00049cf0       _$E27                      1004acf0 f   Mrg:model.obj
 0001:00049e30       _$E33                      1004ae30 f   Mrg:model.obj
 0001:00049e40       _$E30                      1004ae40 f   Mrg:model.obj
 0001:00049e50       _$E32                      1004ae50 f   Mrg:model.obj
 0001:00049e60       _$E31                      1004ae60 f   Mrg:model.obj
 0001:00044780       _$E33                      10045780 f   Mrg:vdata.obj
 0001:00044790       _$E30                      10045790 f   Mrg:vdata.obj
 0001:000447a0       _$E32                      100457a0 f   Mrg:vdata.obj
 0001:000447b0       _$E31                      100457b0 f   Mrg:vdata.obj
 0001:000447c0       _$E36                      100457c0 f   Mrg:vdata.obj
 0001:000447d0       _$E35                      100457d0 f   Mrg:vdata.obj
 0001:00041820       _$E16                      10042820 f   Mrg:faceset.obj
 0001:00041830       _$E13                      10042830 f   Mrg:faceset.obj
 0001:00041840       _$E15                      10042840 f   Mrg:faceset.obj
 0001:00041850       _$E14                      10042850 f   Mrg:faceset.obj
